Archive member included to satisfy reference by file (symbol)

c:/st/stm32cubeide_1.0.2/stm32cubeide/plugins/com.st.stm32cube.ide.mcu.externaltools.gnu-tools-for-stm32.7-2018-q2-update.win32_1.0.0.201904181610/tools/bin/../lib/gcc/arm-none-eabi/7.3.1/../../../../arm-none-eabi/lib/thumb/v7e-m/fpv4-sp/hard\libc_nano.a(lib_a-errno.o)
                              Src/syscalls.o (__errno)
c:/st/stm32cubeide_1.0.2/stm32cubeide/plugins/com.st.stm32cube.ide.mcu.externaltools.gnu-tools-for-stm32.7-2018-q2-update.win32_1.0.0.201904181610/tools/bin/../lib/gcc/arm-none-eabi/7.3.1/../../../../arm-none-eabi/lib/thumb/v7e-m/fpv4-sp/hard\libc_nano.a(lib_a-exit.o)
                              c:/st/stm32cubeide_1.0.2/stm32cubeide/plugins/com.st.stm32cube.ide.mcu.externaltools.gnu-tools-for-stm32.7-2018-q2-update.win32_1.0.0.201904181610/tools/bin/../lib/gcc/arm-none-eabi/7.3.1/../../../../arm-none-eabi/lib/thumb/v7e-m/fpv4-sp/hard/crt0.o (exit)
c:/st/stm32cubeide_1.0.2/stm32cubeide/plugins/com.st.stm32cube.ide.mcu.externaltools.gnu-tools-for-stm32.7-2018-q2-update.win32_1.0.0.201904181610/tools/bin/../lib/gcc/arm-none-eabi/7.3.1/../../../../arm-none-eabi/lib/thumb/v7e-m/fpv4-sp/hard\libc_nano.a(lib_a-impure.o)
                              c:/st/stm32cubeide_1.0.2/stm32cubeide/plugins/com.st.stm32cube.ide.mcu.externaltools.gnu-tools-for-stm32.7-2018-q2-update.win32_1.0.0.201904181610/tools/bin/../lib/gcc/arm-none-eabi/7.3.1/../../../../arm-none-eabi/lib/thumb/v7e-m/fpv4-sp/hard\libc_nano.a(lib_a-exit.o) (_global_impure_ptr)
c:/st/stm32cubeide_1.0.2/stm32cubeide/plugins/com.st.stm32cube.ide.mcu.externaltools.gnu-tools-for-stm32.7-2018-q2-update.win32_1.0.0.201904181610/tools/bin/../lib/gcc/arm-none-eabi/7.3.1/../../../../arm-none-eabi/lib/thumb/v7e-m/fpv4-sp/hard\libc_nano.a(lib_a-init.o)
                              c:/st/stm32cubeide_1.0.2/stm32cubeide/plugins/com.st.stm32cube.ide.mcu.externaltools.gnu-tools-for-stm32.7-2018-q2-update.win32_1.0.0.201904181610/tools/bin/../lib/gcc/arm-none-eabi/7.3.1/../../../../arm-none-eabi/lib/thumb/v7e-m/fpv4-sp/hard/crt0.o (__libc_init_array)
c:/st/stm32cubeide_1.0.2/stm32cubeide/plugins/com.st.stm32cube.ide.mcu.externaltools.gnu-tools-for-stm32.7-2018-q2-update.win32_1.0.0.201904181610/tools/bin/../lib/gcc/arm-none-eabi/7.3.1/../../../../arm-none-eabi/lib/thumb/v7e-m/fpv4-sp/hard\libc_nano.a(lib_a-malloc.o)
                              Middlewares/ST/STM32_USB_Host_Library/Class/CDC/Src/usbh_cdc.o (malloc)
c:/st/stm32cubeide_1.0.2/stm32cubeide/plugins/com.st.stm32cube.ide.mcu.externaltools.gnu-tools-for-stm32.7-2018-q2-update.win32_1.0.0.201904181610/tools/bin/../lib/gcc/arm-none-eabi/7.3.1/../../../../arm-none-eabi/lib/thumb/v7e-m/fpv4-sp/hard\libc_nano.a(lib_a-memcpy-stub.o)
                              Middlewares/Third_Party/FreeRTOS/Source/queue.o (memcpy)
c:/st/stm32cubeide_1.0.2/stm32cubeide/plugins/com.st.stm32cube.ide.mcu.externaltools.gnu-tools-for-stm32.7-2018-q2-update.win32_1.0.0.201904181610/tools/bin/../lib/gcc/arm-none-eabi/7.3.1/../../../../arm-none-eabi/lib/thumb/v7e-m/fpv4-sp/hard\libc_nano.a(lib_a-memset.o)
                              c:/st/stm32cubeide_1.0.2/stm32cubeide/plugins/com.st.stm32cube.ide.mcu.externaltools.gnu-tools-for-stm32.7-2018-q2-update.win32_1.0.0.201904181610/tools/bin/../lib/gcc/arm-none-eabi/7.3.1/../../../../arm-none-eabi/lib/thumb/v7e-m/fpv4-sp/hard/crt0.o (memset)
c:/st/stm32cubeide_1.0.2/stm32cubeide/plugins/com.st.stm32cube.ide.mcu.externaltools.gnu-tools-for-stm32.7-2018-q2-update.win32_1.0.0.201904181610/tools/bin/../lib/gcc/arm-none-eabi/7.3.1/../../../../arm-none-eabi/lib/thumb/v7e-m/fpv4-sp/hard\libc_nano.a(lib_a-nano-freer.o)
                              c:/st/stm32cubeide_1.0.2/stm32cubeide/plugins/com.st.stm32cube.ide.mcu.externaltools.gnu-tools-for-stm32.7-2018-q2-update.win32_1.0.0.201904181610/tools/bin/../lib/gcc/arm-none-eabi/7.3.1/../../../../arm-none-eabi/lib/thumb/v7e-m/fpv4-sp/hard\libc_nano.a(lib_a-malloc.o) (_free_r)
c:/st/stm32cubeide_1.0.2/stm32cubeide/plugins/com.st.stm32cube.ide.mcu.externaltools.gnu-tools-for-stm32.7-2018-q2-update.win32_1.0.0.201904181610/tools/bin/../lib/gcc/arm-none-eabi/7.3.1/../../../../arm-none-eabi/lib/thumb/v7e-m/fpv4-sp/hard\libc_nano.a(lib_a-nano-mallocr.o)
                              c:/st/stm32cubeide_1.0.2/stm32cubeide/plugins/com.st.stm32cube.ide.mcu.externaltools.gnu-tools-for-stm32.7-2018-q2-update.win32_1.0.0.201904181610/tools/bin/../lib/gcc/arm-none-eabi/7.3.1/../../../../arm-none-eabi/lib/thumb/v7e-m/fpv4-sp/hard\libc_nano.a(lib_a-malloc.o) (_malloc_r)
c:/st/stm32cubeide_1.0.2/stm32cubeide/plugins/com.st.stm32cube.ide.mcu.externaltools.gnu-tools-for-stm32.7-2018-q2-update.win32_1.0.0.201904181610/tools/bin/../lib/gcc/arm-none-eabi/7.3.1/../../../../arm-none-eabi/lib/thumb/v7e-m/fpv4-sp/hard\libc_nano.a(lib_a-sbrkr.o)
[...]
Memory Configuration

Name             Origin             Length             Attributes
CCMRAM           0x0000000010000000 0x0000000000010000 xrw
RAM              0x0000000020000000 0x0000000000020000 xrw
FLASH            0x0000000008000000 0x0000000000100000 xr
*default*        0x0000000000000000 0xffffffffffffffff

Linker script and memory map

LOAD c:/st/stm32cubeide_1.0.2/stm32cubeide/plugins/com.st.stm32cube.ide.mcu.externaltools.gnu-tools-for-stm32.7-2018-q2-update.win32_1.0.0.201904181610/tools/bin/../lib/gcc/arm-none-eabi/7.3.1/thumb/v7e-m/fpv4-sp/hard/crti.o
LOAD c:/st/stm32cubeide_1.0.2/stm32cubeide/plugins/com.st.stm32cube.ide.mcu.externaltools.gnu-tools-for-stm32.7-2018-q2-update.win32_1.0.0.201904181610/tools/bin/../lib/gcc/arm-none-eabi/7.3.1/thumb/v7e-m/fpv4-sp/hard/crtbegin.o
LOAD c:/st/stm32cubeide_1.0.2/stm32cubeide/plugins/com.st.stm32cube.ide.mcu.externaltools.gnu-tools-for-stm32.7-2018-q2-update.win32_1.0.0.201904181610/tools/bin/../lib/gcc/arm-none-eabi/7.3.1/../../../../arm-none-eabi/lib/thumb/v7e-m/fpv4-sp/hard/crt0.o
LOAD Drivers/STM32F4xx_HAL_Driver/Src/stm32f4xx_hal.o
LOAD Drivers/STM32F4xx_HAL_Driver/Src/stm32f4xx_hal_cortex.o
LOAD Drivers/STM32F4xx_HAL_Driver/Src/stm32f4xx_hal_dma.o
LOAD Drivers/STM32F4xx_HAL_Driver/Src/stm32f4xx_hal_dma_ex.o
LOAD Drivers/STM32F4xx_HAL_Driver/Src/stm32f4xx_hal_exti.o
LOAD Drivers/STM32F4xx_HAL_Driver/Src/stm32f4xx_hal_flash.o
LOAD Drivers/STM32F4xx_HAL_Driver/Src/stm32f4xx_hal_flash_ex.o
LOAD Drivers/STM32F4xx_HAL_Driver/Src/stm32f4xx_hal_flash_ramfunc.o
LOAD Drivers/STM32F4xx_HAL_Driver/Src/stm32f4xx_hal_gpio.o
LOAD Drivers/STM32F4xx_HAL_Driver/Src/stm32f4xx_hal_hcd.o
LOAD Drivers/STM32F4xx_HAL_Driver/Src/stm32f4xx_hal_i2c.o
LOAD Drivers/STM32F4xx_HAL_Driver/Src/stm32f4xx_hal_i2c_ex.o
LOAD Drivers/STM32F4xx_HAL_Driver/Src/stm32f4xx_hal_pwr.o
LOAD Drivers/STM32F4xx_HAL_Driver/Src/stm32f4xx_hal_pwr_ex.o
LOAD Drivers/STM32F4xx_HAL_Driver/Src/stm32f4xx_hal_rcc.o
LOAD Drivers/STM32F4xx_HAL_Driver/Src/stm32f4xx_hal_rcc_ex.o
LOAD Drivers/STM32F4xx_HAL_Driver/Src/stm32f4xx_hal_spi.o
LOAD Drivers/STM32F4xx_HAL_Driver/Src/stm32f4xx_hal_tim.o
LOAD Drivers/STM32F4xx_HAL_Driver/Src/stm32f4xx_hal_tim_ex.o
LOAD Drivers/STM32F4xx_HAL_Driver/Src/stm32f4xx_hal_uart.o
LOAD Drivers/STM32F4xx_HAL_Driver/Src/stm32f4xx_ll_usb.o
LOAD Middlewares/ST/STM32_USB_Host_Library/Class/CDC/Src/usbh_cdc.o
LOAD Middlewares/ST/STM32_USB_Host_Library/Core/Src/usbh_core.o
LOAD Middlewares/ST/STM32_USB_Host_Library/Core/Src/usbh_ctlreq.o
LOAD Middlewares/ST/STM32_USB_Host_Library/Core/Src/usbh_ioreq.o
LOAD Middlewares/ST/STM32_USB_Host_Library/Core/Src/usbh_pipes.o
LOAD Middlewares/Third_Party/FreeRTOS/Source/CMSIS_RTOS/cmsis_os.o
LOAD Middlewares/Third_Party/FreeRTOS/Source/croutine.o
LOAD Middlewares/Third_Party/FreeRTOS/Source/event_groups.o
LOAD Middlewares/Third_Party/FreeRTOS/Source/list.o
LOAD Middlewares/Third_Party/FreeRTOS/Source/queue.o
LOAD Middlewares/Third_Party/FreeRTOS/Source/stream_buffer.o
LOAD Middlewares/Third_Party/FreeRTOS/Source/tasks.o
LOAD Middlewares/Third_Party/FreeRTOS/Source/timers.o
LOAD Middlewares/Third_Party/FreeRTOS/Source/portable/GCC/ARM_CM4F/port.o
LOAD Middlewares/Third_Party/FreeRTOS/Source/portable/MemMang/heap_4.o
LOAD Src/Init_functions.o
LOAD Src/Tasks_functions.o
LOAD Src/freertos.o
LOAD Src/main.o
LOAD Src/stm32f4xx_hal_msp.o
LOAD Src/stm32f4xx_hal_timebase_tim.o
LOAD Src/stm32f4xx_it.o
LOAD Src/syscalls.o
LOAD Src/sysmem.o
LOAD Src/system_stm32f4xx.o
LOAD Src/usb_host.o
LOAD Src/usbh_conf.o
LOAD Src/usbh_platform.o
LOAD Startup/startup_stm32f407vgtx.o
START GROUP
LOAD c:/st/stm32cubeide_1.0.2/stm32cubeide/plugins/com.st.stm32cube.ide.mcu.externaltools.gnu-tools-for-stm32.7-2018-q2-update.win32_1.0.0.201904181610/tools/bin/../lib/gcc/arm-none-eabi/7.3.1/../../../../arm-none-eabi/lib/thumb/v7e-m/fpv4-sp/hard\libc_nano.a
LOAD c:/st/stm32cubeide_1.0.2/stm32cubeide/plugins/com.st.stm32cube.ide.mcu.externaltools.gnu-tools-for-stm32.7-2018-q2-update.win32_1.0.0.201904181610/tools/bin/../lib/gcc/arm-none-eabi/7.3.1/../../../../arm-none-eabi/lib/thumb/v7e-m/fpv4-sp/hard\libm.a
END GROUP
START GROUP
LOAD c:/st/stm32cubeide_1.0.2/stm32cubeide/plugins/com.st.stm32cube.ide.mcu.externaltools.gnu-tools-for-stm32.7-2018-q2-update.win32_1.0.0.201904181610/tools/bin/../lib/gcc/arm-none-eabi/7.3.1/thumb/v7e-m/fpv4-sp/hard\libgcc.a
LOAD c:/st/stm32cubeide_1.0.2/stm32cubeide/plugins/com.st.stm32cube.ide.mcu.externaltools.gnu-tools-for-stm32.7-2018-q2-update.win32_1.0.0.201904181610/tools/bin/../lib/gcc/arm-none-eabi/7.3.1/../../../../arm-none-eabi/lib/thumb/v7e-m/fpv4-sp/hard\libc_nano.a
END GROUP
START GROUP
LOAD c:/st/stm32cubeide_1.0.2/stm32cubeide/plugins/com.st.stm32cube.ide.mcu.externaltools.gnu-tools-for-stm32.7-2018-q2-update.win32_1.0.0.201904181610/tools/bin/../lib/gcc/arm-none-eabi/7.3.1/thumb/v7e-m/fpv4-sp/hard\libgcc.a
LOAD c:/st/stm32cubeide_1.0.2/stm32cubeide/plugins/com.st.stm32cube.ide.mcu.externaltools.gnu-tools-for-stm32.7-2018-q2-update.win32_1.0.0.201904181610/tools/bin/../lib/gcc/arm-none-eabi/7.3.1/../../../../arm-none-eabi/lib/thumb/v7e-m/fpv4-sp/hard\libc_nano.a
LOAD c:/st/stm32cubeide_1.0.2/stm32cubeide/plugins/com.st.stm32cube.ide.mcu.externaltools.gnu-tools-for-stm32.7-2018-q2-update.win32_1.0.0.201904181610/tools/bin/../lib/gcc/arm-none-eabi/7.3.1/../../../../arm-none-eabi/lib/thumb/v7e-m/fpv4-sp/hard\libnosys.a
END GROUP
START GROUP
LOAD c:/st/stm32cubeide_1.0.2/stm32cubeide/plugins/com.st.stm32cube.ide.mcu.externaltools.gnu-tools-for-stm32.7-2018-q2-update.win32_1.0.0.201904181610/tools/bin/../lib/gcc/arm-none-eabi/7.3.1/thumb/v7e-m/fpv4-sp/hard\libgcc.a
LOAD c:/st/stm32cubeide_1.0.2/stm32cubeide/plugins/com.st.stm32cube.ide.mcu.externaltools.gnu-tools-for-stm32.7-2018-q2-update.win32_1.0.0.201904181610/tools/bin/../lib/gcc/arm-none-eabi/7.3.1/../../../../arm-none-eabi/lib/thumb/v7e-m/fpv4-sp/hard\libc_nano.a
LOAD c:/st/stm32cubeide_1.0.2/stm32cubeide/plugins/com.st.stm32cube.ide.mcu.externaltools.gnu-tools-for-stm32.7-2018-q2-update.win32_1.0.0.201904181610/tools/bin/../lib/gcc/arm-none-eabi/7.3.1/../../../../arm-none-eabi/lib/thumb/v7e-m/fpv4-sp/hard\libnosys.a
END GROUP
LOAD c:/st/stm32cubeide_1.0.2/stm32cubeide/plugins/com.st.stm32cube.ide.mcu.externaltools.gnu-tools-for-stm32.7-2018-q2-update.win32_1.0.0.201904181610/tools/bin/../lib/gcc/arm-none-eabi/7.3.1/thumb/v7e-m/fpv4-sp/hard/crtend.o
LOAD c:/st/stm32cubeide_1.0.2/stm32cubeide/plugins/com.st.stm32cube.ide.mcu.externaltools.gnu-tools-for-stm32.7-2018-q2-update.win32_1.0.0.201904181610/tools/bin/../lib/gcc/arm-none-eabi/7.3.1/thumb/v7e-m/fpv4-sp/hard/crtn.o
                0x0000000020020000                _estack = 0x20020000
                0x0000000000000200                _Min_Heap_Size = 0x200
                0x0000000000000400                _Min_Stack_Size = 0x400

.isr_vector     0x0000000008000000      0x188
                0x0000000008000000                . = ALIGN (0x4)
 *(.isr_vector)
 .isr_vector    0x0000000008000000      0x188 Startup/startup_stm32f407vgtx.o
                0x0000000008000000                g_pfnVectors
                0x0000000008000188                . = ALIGN (0x4)

.text           0x0000000008000190     0xb9f4
                0x0000000008000190                . = ALIGN (0x4)
 *(.text)
 .text          0x0000000008000190       0x40 c:/st/stm32cubeide_1.0.2/stm32cubeide/plugins/com.st.stm32cube.ide.mcu.externaltools.gnu-tools-for-stm32.7-2018-q2-update.win32_1.0.0.201904181610/tools/bin/../lib/gcc/arm-none-eabi/7.3.1/thumb/v7e-m/fpv4-sp/hard/crtbegin.o
 .text          0x00000000080001d0       0x30 c:/st/stm32cubeide_1.0.2/stm32cubeide/plugins/com.st.stm32cube.ide.mcu.externaltools.gnu-tools-for-stm32.7-2018-q2-update.win32_1.0.0.201904181610/tools/bin/../lib/gcc/arm-none-eabi/7.3.1/thumb/v7e-m/fpv4-sp/hard\libgcc.a(_aeabi_uldivmod.o)
                0x00000000080001d0                __aeabi_uldivmod
 .text          0x0000000008000200      0x2cc c:/st/stm32cubeide_1.0.2/stm32cubeide/plugins/com.st.stm32cube.ide.mcu.externaltools.gnu-tools-for-stm32.7-2018-q2-update.win32_1.0.0.201904181610/tools/bin/../lib/gcc/arm-none-eabi/7.3.1/thumb/v7e-m/fpv4-sp/hard\libgcc.a(_udivmoddi4.o)
                0x0000000008000200                __udivmoddi4
 .text          0x00000000080004cc        0x4 c:/st/stm32cubeide_1.0.2/stm32cubeide/plugins/com.st.stm32cube.ide.mcu.externaltools.gnu-tools-for-stm32.7-2018-q2-update.win32_1.0.0.201904181610/tools/bin/../lib/gcc/arm-none-eabi/7.3.1/thumb/v7e-m/fpv4-sp/hard\libgcc.a(_dvmd_tls.o)
                0x00000000080004cc                __aeabi_idiv0
                0x00000000080004cc                __aeabi_ldiv0
 *(.text*)
 .text.HAL_Init
                0x00000000080004d0       0x44 Drivers/STM32F4xx_HAL_Driver/Src/stm32f4xx_hal.o
                0x00000000080004d0                HAL_Init
 .text.HAL_IncTick
                0x0000000008000514       0x28 Drivers/STM32F4xx_HAL_Driver/Src/stm32f4xx_hal.o
                0x0000000008000514                HAL_IncTick
 .text.HAL_GetTick
                0x000000000800053c       0x18 Drivers/STM32F4xx_HAL_Driver/Src/stm32f4xx_hal.o
                0x000000000800053c                HAL_GetTick
 .text.HAL_Delay
                0x0000000008000554       0x44 Drivers/STM32F4xx_HAL_Driver/Src/stm32f4xx_hal.o
                0x0000000008000554                HAL_Delay
 .text.__NVIC_SetPriorityGrouping
                0x0000000008000598       0x48 Drivers/STM32F4xx_HAL_Driver/Src/stm32f4xx_hal_cortex.o
 .text.__NVIC_GetPriorityGrouping
                0x00000000080005e0       0x1c Drivers/STM32F4xx_HAL_Driver/Src/stm32f4xx_hal_cortex.o
 .text.__NVIC_EnableIRQ
                0x00000000080005fc       0x3c Drivers/STM32F4xx_HAL_Driver/Src/stm32f4xx_hal_cortex.o
 .text.__NVIC_SetPriority
                0x0000000008000638       0x54 Drivers/STM32F4xx_HAL_Driver/Src/stm32f4xx_hal_cortex.o
 .text.NVIC_EncodePriority
                0x000000000800068c       0x66 Drivers/STM32F4xx_HAL_Driver/Src/stm32f4xx_hal_cortex.o
 .text.HAL_NVIC_SetPriorityGrouping
                0x00000000080006f2       0x16 Drivers/STM32F4xx_HAL_Driver/Src/stm32f4xx_hal_cortex.o
                0x00000000080006f2                HAL_NVIC_SetPriorityGrouping
 .text.HAL_NVIC_SetPriority
                0x0000000008000708       0x38 Drivers/STM32F4xx_HAL_Driver/Src/stm32f4xx_hal_cortex.o
                0x0000000008000708                HAL_NVIC_SetPriority
 .text.HAL_NVIC_EnableIRQ
                0x0000000008000740       0x1c Drivers/STM32F4xx_HAL_Driver/Src/stm32f4xx_hal_cortex.o
                0x0000000008000740                HAL_NVIC_EnableIRQ
 .text.HAL_DMA_Abort_IT
                0x000000000800075c       0x44 Drivers/STM32F4xx_HAL_Driver/Src/stm32f4xx_hal_dma.o
                0x000000000800075c                HAL_DMA_Abort_IT
 .text.HAL_GPIO_Init
                0x00000000080007a0      0x334 Drivers/STM32F4xx_HAL_Driver/Src/stm32f4xx_hal_gpio.o
                0x00000000080007a0                HAL_GPIO_Init
 .text.HAL_GPIO_WritePin
                0x0000000008000ad4       0x32 Drivers/STM32F4xx_HAL_Driver/Src/stm32f4xx_hal_gpio.o
                0x0000000008000ad4                HAL_GPIO_WritePin
 .text.HAL_GPIO_TogglePin
                0x0000000008000b06       0x36 Drivers/STM32F4xx_HAL_Driver/Src/stm32f4xx_hal_gpio.o
                0x0000000008000b06                HAL_GPIO_TogglePin
 .text.HAL_HCD_Init
                0x0000000008000b3c       0xc4 Drivers/STM32F4xx_HAL_Driver/Src/stm32f4xx_hal_hcd.o
                0x0000000008000b3c                HAL_HCD_Init
 .text.HAL_HCD_HC_Init
                0x0000000008000c00      0x130 Drivers/STM32F4xx_HAL_Driver/Src/stm32f4xx_hal_hcd.o
                0x0000000008000c00                HAL_HCD_HC_Init
 .text.HAL_HCD_HC_Halt
                0x0000000008000d30       0x46 Drivers/STM32F4xx_HAL_Driver/Src/stm32f4xx_hal_hcd.o
                0x0000000008000d30                HAL_HCD_HC_Halt
 *fill*         0x0000000008000d76        0x2 
 .text.HAL_HCD_HC_SubmitRequest
                0x0000000008000d78      0x2e4 Drivers/STM32F4xx_HAL_Driver/Src/stm32f4xx_hal_hcd.o
                0x0000000008000d78                HAL_HCD_HC_SubmitRequest
 .text.HAL_HCD_IRQHandler
                0x000000000800105c      0x208 Drivers/STM32F4xx_HAL_Driver/Src/stm32f4xx_hal_hcd.o
                0x000000000800105c                HAL_HCD_IRQHandler
 .text.HAL_HCD_Start
                0x0000000008001264       0x46 Drivers/STM32F4xx_HAL_Driver/Src/stm32f4xx_hal_hcd.o
                0x0000000008001264                HAL_HCD_Start
 .text.HAL_HCD_Stop
                0x00000000080012aa       0x3a Drivers/STM32F4xx_HAL_Driver/Src/stm32f4xx_hal_hcd.o
                0x00000000080012aa                HAL_HCD_Stop
 .text.HAL_HCD_ResetPort
                0x00000000080012e4       0x1c Drivers/STM32F4xx_HAL_Driver/Src/stm32f4xx_hal_hcd.o
                0x00000000080012e4                HAL_HCD_ResetPort
 .text.HAL_HCD_HC_GetURBState
                0x0000000008001300       0x2a Drivers/STM32F4xx_HAL_Driver/Src/stm32f4xx_hal_hcd.o
                0x0000000008001300                HAL_HCD_HC_GetURBState
 .text.HAL_HCD_HC_GetXferCount
                0x000000000800132a       0x2a Drivers/STM32F4xx_HAL_Driver/Src/stm32f4xx_hal_hcd.o
                0x000000000800132a                HAL_HCD_HC_GetXferCount
 .text.HAL_HCD_GetCurrentFrame
                0x0000000008001354       0x1c Drivers/STM32F4xx_HAL_Driver/Src/stm32f4xx_hal_hcd.o
                0x0000000008001354                HAL_HCD_GetCurrentFrame
 .text.HAL_HCD_GetCurrentSpeed
                0x0000000008001370       0x1c Drivers/STM32F4xx_HAL_Driver/Src/stm32f4xx_hal_hcd.o
                0x0000000008001370                HAL_HCD_GetCurrentSpeed
 .text.HCD_HC_IN_IRQHandler
                0x000000000800138c      0x86a Drivers/STM32F4xx_HAL_Driver/Src/stm32f4xx_hal_hcd.o
 .text.HCD_HC_OUT_IRQHandler
                0x0000000008001bf6      0x6ea Drivers/STM32F4xx_HAL_Driver/Src/stm32f4xx_hal_hcd.o
 .text.HCD_RXQLVL_IRQHandler
                0x00000000080022e0      0x158 Drivers/STM32F4xx_HAL_Driver/Src/stm32f4xx_hal_hcd.o
 .text.HCD_Port_IRQHandler
                0x0000000008002438       0xe6 Drivers/STM32F4xx_HAL_Driver/Src/stm32f4xx_hal_hcd.o
 *fill*         0x000000000800251e        0x2 
 .text.HAL_I2C_Init
                0x0000000008002520      0x270 Drivers/STM32F4xx_HAL_Driver/Src/stm32f4xx_hal_i2c.o
                0x0000000008002520                HAL_I2C_Init
 .text.HAL_RCC_OscConfig
                0x0000000008002790      0x4e0 Drivers/STM32F4xx_HAL_Driver/Src/stm32f4xx_hal_rcc.o
                0x0000000008002790                HAL_RCC_OscConfig
 .text.HAL_RCC_ClockConfig
                0x0000000008002c70      0x1cc Drivers/STM32F4xx_HAL_Driver/Src/stm32f4xx_hal_rcc.o
                0x0000000008002c70                HAL_RCC_ClockConfig
 .text.HAL_RCC_GetSysClockFreq
                0x0000000008002e3c      0x1b0 Drivers/STM32F4xx_HAL_Driver/Src/stm32f4xx_hal_rcc.o
                0x0000000008002e3c                HAL_RCC_GetSysClockFreq
 .text.HAL_RCC_GetHCLKFreq
                0x0000000008002fec       0x18 Drivers/STM32F4xx_HAL_Driver/Src/stm32f4xx_hal_rcc.o
                0x0000000008002fec                HAL_RCC_GetHCLKFreq
 .text.HAL_RCC_GetPCLK1Freq
                0x0000000008003004       0x28 Drivers/STM32F4xx_HAL_Driver/Src/stm32f4xx_hal_rcc.o
                0x0000000008003004                HAL_RCC_GetPCLK1Freq
 .text.HAL_RCC_GetPCLK2Freq
                0x000000000800302c       0x28 Drivers/STM32F4xx_HAL_Driver/Src/stm32f4xx_hal_rcc.o
                0x000000000800302c                HAL_RCC_GetPCLK2Freq
 .text.HAL_RCC_GetClockConfig
                0x0000000008003054       0x64 Drivers/STM32F4xx_HAL_Driver/Src/stm32f4xx_hal_rcc.o
                0x0000000008003054                HAL_RCC_GetClockConfig
 .text.HAL_SPI_Init
                0x00000000080030b8       0xc8 Drivers/STM32F4xx_HAL_Driver/Src/stm32f4xx_hal_spi.o
                0x00000000080030b8                HAL_SPI_Init
 .text.HAL_TIM_Base_Init
                0x0000000008003180       0x56 Drivers/STM32F4xx_HAL_Driver/Src/stm32f4xx_hal_tim.o
                0x0000000008003180                HAL_TIM_Base_Init
 .text.HAL_TIM_Base_MspInit
                0x00000000080031d6       0x14 Drivers/STM32F4xx_HAL_Driver/Src/stm32f4xx_hal_tim.o
                0x00000000080031d6                HAL_TIM_Base_MspInit
 .text.HAL_TIM_Base_Start_IT
                0x00000000080031ea       0x48 Drivers/STM32F4xx_HAL_Driver/Src/stm32f4xx_hal_tim.o
                0x00000000080031ea                HAL_TIM_Base_Start_IT
 .text.HAL_TIM_IRQHandler
                0x0000000008003232      0x210 Drivers/STM32F4xx_HAL_Driver/Src/stm32f4xx_hal_tim.o
                0x0000000008003232                HAL_TIM_IRQHandler
 .text.HAL_TIM_OC_DelayElapsedCallback
                0x0000000008003442       0x14 Drivers/STM32F4xx_HAL_Driver/Src/stm32f4xx_hal_tim.o
                0x0000000008003442                HAL_TIM_OC_DelayElapsedCallback
 .text.HAL_TIM_IC_CaptureCallback
                0x0000000008003456       0x14 Drivers/STM32F4xx_HAL_Driver/Src/stm32f4xx_hal_tim.o
                0x0000000008003456                HAL_TIM_IC_CaptureCallback
 .text.HAL_TIM_PWM_PulseFinishedCallback
                0x000000000800346a       0x14 Drivers/STM32F4xx_HAL_Driver/Src/stm32f4xx_hal_tim.o
                0x000000000800346a                HAL_TIM_PWM_PulseFinishedCallback
 .text.HAL_TIM_TriggerCallback
                0x000000000800347e       0x14 Drivers/STM32F4xx_HAL_Driver/Src/stm32f4xx_hal_tim.o
                0x000000000800347e                HAL_TIM_TriggerCallback
 *fill*         0x0000000008003492        0x2 
 .text.TIM_Base_SetConfig
                0x0000000008003494      0x140 Drivers/STM32F4xx_HAL_Driver/Src/stm32f4xx_hal_tim.o
                0x0000000008003494                TIM_Base_SetConfig
 .text.HAL_TIMEx_CommutCallback
                0x00000000080035d4       0x14 Drivers/STM32F4xx_HAL_Driver/Src/stm32f4xx_hal_tim_ex.o
                0x00000000080035d4                HAL_TIMEx_CommutCallback
 .text.HAL_TIMEx_BreakCallback
                0x00000000080035e8       0x14 Drivers/STM32F4xx_HAL_Driver/Src/stm32f4xx_hal_tim_ex.o
                0x00000000080035e8                HAL_TIMEx_BreakCallback
 .text.HAL_UART_Init
                0x00000000080035fc       0x9a Drivers/STM32F4xx_HAL_Driver/Src/stm32f4xx_hal_uart.o
                0x00000000080035fc                HAL_UART_Init
 .text.HAL_UART_Transmit
                0x0000000008003696      0x132 Drivers/STM32F4xx_HAL_Driver/Src/stm32f4xx_hal_uart.o
                0x0000000008003696                HAL_UART_Transmit
 .text.HAL_UART_IRQHandler
                0x00000000080037c8      0x200 Drivers/STM32F4xx_HAL_Driver/Src/stm32f4xx_hal_uart.o
                0x00000000080037c8                HAL_UART_IRQHandler
 .text.HAL_UART_TxCpltCallback
                0x00000000080039c8       0x14 Drivers/STM32F4xx_HAL_Driver/Src/stm32f4xx_hal_uart.o
                0x00000000080039c8                HAL_UART_TxCpltCallback
 .text.HAL_UART_RxCpltCallback
                0x00000000080039dc       0x14 Drivers/STM32F4xx_HAL_Driver/Src/stm32f4xx_hal_uart.o
                0x00000000080039dc                HAL_UART_RxCpltCallback
 .text.HAL_UART_ErrorCallback
                0x00000000080039f0       0x14 Drivers/STM32F4xx_HAL_Driver/Src/stm32f4xx_hal_uart.o
                0x00000000080039f0                HAL_UART_ErrorCallback
 .text.UART_WaitOnFlagUntilTimeout
                0x0000000008003a04       0x94 Drivers/STM32F4xx_HAL_Driver/Src/stm32f4xx_hal_uart.o
 .text.UART_EndRxTransfer
                0x0000000008003a98       0x3c Drivers/STM32F4xx_HAL_Driver/Src/stm32f4xx_hal_uart.o
 .text.UART_DMAAbortOnError
                0x0000000008003ad4       0x28 Drivers/STM32F4xx_HAL_Driver/Src/stm32f4xx_hal_uart.o
 .text.UART_Transmit_IT
                0x0000000008003afc       0xac Drivers/STM32F4xx_HAL_Driver/Src/stm32f4xx_hal_uart.o
 .text.UART_EndTransmit_IT
                0x0000000008003ba8       0x30 Drivers/STM32F4xx_HAL_Driver/Src/stm32f4xx_hal_uart.o
 .text.UART_Receive_IT
                0x0000000008003bd8      0x102 Drivers/STM32F4xx_HAL_Driver/Src/stm32f4xx_hal_uart.o
 *fill*         0x0000000008003cda        0x2 
 .text.UART_SetConfig
                0x0000000008003cdc      0x6f8 Drivers/STM32F4xx_HAL_Driver/Src/stm32f4xx_hal_uart.o
 .text.USB_CoreInit
                0x00000000080043d4       0xc2 Drivers/STM32F4xx_HAL_Driver/Src/stm32f4xx_ll_usb.o
                0x00000000080043d4                USB_CoreInit
 .text.USB_EnableGlobalInt
                0x0000000008004496       0x22 Drivers/STM32F4xx_HAL_Driver/Src/stm32f4xx_ll_usb.o
                0x0000000008004496                USB_EnableGlobalInt
 .text.USB_DisableGlobalInt
                0x00000000080044b8       0x22 Drivers/STM32F4xx_HAL_Driver/Src/stm32f4xx_ll_usb.o
                0x00000000080044b8                USB_DisableGlobalInt
 .text.USB_SetCurrentMode
                0x00000000080044da       0x54 Drivers/STM32F4xx_HAL_Driver/Src/stm32f4xx_ll_usb.o
                0x00000000080044da                USB_SetCurrentMode
 *fill*         0x000000000800452e        0x2 
 .text.USB_FlushTxFifo
                0x0000000008004530       0x4c Drivers/STM32F4xx_HAL_Driver/Src/stm32f4xx_ll_usb.o
                0x0000000008004530                USB_FlushTxFifo
 .text.USB_FlushRxFifo
                0x000000000800457c       0x44 Drivers/STM32F4xx_HAL_Driver/Src/stm32f4xx_ll_usb.o
                0x000000000800457c                USB_FlushRxFifo
 .text.USB_WritePacket
                0x00000000080045c0       0x6a Drivers/STM32F4xx_HAL_Driver/Src/stm32f4xx_ll_usb.o
                0x00000000080045c0                USB_WritePacket
 .text.USB_ReadPacket
                0x000000000800462a       0x52 Drivers/STM32F4xx_HAL_Driver/Src/stm32f4xx_ll_usb.o
                0x000000000800462a                USB_ReadPacket
 .text.USB_ReadInterrupts
                0x000000000800467c       0x26 Drivers/STM32F4xx_HAL_Driver/Src/stm32f4xx_ll_usb.o
                0x000000000800467c                USB_ReadInterrupts
 .text.USB_GetMode
                0x00000000080046a2       0x1c Drivers/STM32F4xx_HAL_Driver/Src/stm32f4xx_ll_usb.o
                0x00000000080046a2                USB_GetMode
 *fill*         0x00000000080046be        0x2 
 .text.USB_CoreReset
                0x00000000080046c0       0x68 Drivers/STM32F4xx_HAL_Driver/Src/stm32f4xx_ll_usb.o
 .text.USB_HostInit
                0x0000000008004728      0x178 Drivers/STM32F4xx_HAL_Driver/Src/stm32f4xx_ll_usb.o
                0x0000000008004728                USB_HostInit
 .text.USB_InitFSLSPClkSel
                0x00000000080048a0       0x74 Drivers/STM32F4xx_HAL_Driver/Src/stm32f4xx_ll_usb.o
                0x00000000080048a0                USB_InitFSLSPClkSel
 .text.USB_ResetPort
                0x0000000008004914       0x54 Drivers/STM32F4xx_HAL_Driver/Src/stm32f4xx_ll_usb.o
                0x0000000008004914                USB_ResetPort
 .text.USB_DriveVbus
                0x0000000008004968       0x72 Drivers/STM32F4xx_HAL_Driver/Src/stm32f4xx_ll_usb.o
                0x0000000008004968                USB_DriveVbus
 .text.USB_GetHostSpeed
                0x00000000080049da       0x2e Drivers/STM32F4xx_HAL_Driver/Src/stm32f4xx_ll_usb.o
                0x00000000080049da                USB_GetHostSpeed
 .text.USB_GetCurrentFrame
                0x0000000008004a08       0x22 Drivers/STM32F4xx_HAL_Driver/Src/stm32f4xx_ll_usb.o
                0x0000000008004a08                USB_GetCurrentFrame
 *fill*         0x0000000008004a2a        0x2 
 .text.USB_HC_Init
                0x0000000008004a2c      0x214 Drivers/STM32F4xx_HAL_Driver/Src/stm32f4xx_ll_usb.o
                0x0000000008004a2c                USB_HC_Init
 .text.USB_HC_StartXfer
                0x0000000008004c40      0x288 Drivers/STM32F4xx_HAL_Driver/Src/stm32f4xx_ll_usb.o
                0x0000000008004c40                USB_HC_StartXfer
 .text.USB_HC_ReadInterrupt
                0x0000000008004ec8       0x22 Drivers/STM32F4xx_HAL_Driver/Src/stm32f4xx_ll_usb.o
                0x0000000008004ec8                USB_HC_ReadInterrupt
 .text.USB_HC_Halt
                0x0000000008004eea      0x1fe Drivers/STM32F4xx_HAL_Driver/Src/stm32f4xx_ll_usb.o
                0x0000000008004eea                USB_HC_Halt
 .text.USB_DoPing
                0x00000000080050e8       0x78 Drivers/STM32F4xx_HAL_Driver/Src/stm32f4xx_ll_usb.o
                0x00000000080050e8                USB_DoPing
 .text.USB_StopHost
                0x0000000008005160      0x10c Drivers/STM32F4xx_HAL_Driver/Src/stm32f4xx_ll_usb.o
                0x0000000008005160                USB_StopHost
 .text.USBH_CDC_InterfaceInit
                0x000000000800526c      0x2ac Middlewares/ST/STM32_USB_Host_Library/Class/CDC/Src/usbh_cdc.o
 .text.USBH_CDC_InterfaceDeInit
                0x0000000008005518       0xb2 Middlewares/ST/STM32_USB_Host_Library/Class/CDC/Src/usbh_cdc.o
 .text.USBH_CDC_ClassRequest
                0x00000000080055ca       0x3e Middlewares/ST/STM32_USB_Host_Library/Class/CDC/Src/usbh_cdc.o
 .text.USBH_CDC_Process
                0x0000000008005608      0x12c Middlewares/ST/STM32_USB_Host_Library/Class/CDC/Src/usbh_cdc.o
 .text.USBH_CDC_SOFProcess
                0x0000000008005734       0x16 Middlewares/ST/STM32_USB_Host_Library/Class/CDC/Src/usbh_cdc.o
 .text.GetLineCoding
                0x000000000800574a       0x3e Middlewares/ST/STM32_USB_Host_Library/Class/CDC/Src/usbh_cdc.o
 .text.SetLineCoding
                0x0000000008005788       0x3e Middlewares/ST/STM32_USB_Host_Library/Class/CDC/Src/usbh_cdc.o
 .text.CDC_ProcessTransmission
                0x00000000080057c6      0x128 Middlewares/ST/STM32_USB_Host_Library/Class/CDC/Src/usbh_cdc.o
 .text.CDC_ProcessReception
                0x00000000080058ee       0xd2 Middlewares/ST/STM32_USB_Host_Library/Class/CDC/Src/usbh_cdc.o
 .text.USBH_CDC_TransmitCallback
                0x00000000080059c0       0x14 Middlewares/ST/STM32_USB_Host_Library/Class/CDC/Src/usbh_cdc.o
                0x00000000080059c0                USBH_CDC_TransmitCallback
 .text.USBH_CDC_ReceiveCallback
                0x00000000080059d4       0x14 Middlewares/ST/STM32_USB_Host_Library/Class/CDC/Src/usbh_cdc.o
                0x00000000080059d4                USBH_CDC_ReceiveCallback
 .text.USBH_CDC_LineCodingChanged
                0x00000000080059e8       0x14 Middlewares/ST/STM32_USB_Host_Library/Class/CDC/Src/usbh_cdc.o
                0x00000000080059e8                USBH_CDC_LineCodingChanged
 .text.USBH_Init
                0x00000000080059fc       0xc4 Middlewares/ST/STM32_USB_Host_Library/Core/Src/usbh_core.o
                0x00000000080059fc                USBH_Init
 .text.DeInitStateMachine
                0x0000000008005ac0       0xa8 Middlewares/ST/STM32_USB_Host_Library/Core/Src/usbh_core.o
 .text.USBH_RegisterClass
                0x0000000008005b68       0x54 Middlewares/ST/STM32_USB_Host_Library/Core/Src/usbh_core.o
                0x0000000008005b68                USBH_RegisterClass
 .text.USBH_SelectInterface
                0x0000000008005bbc       0x38 Middlewares/ST/STM32_USB_Host_Library/Core/Src/usbh_core.o
                0x0000000008005bbc                USBH_SelectInterface
 .text.USBH_FindInterface
                0x0000000008005bf4       0x8c Middlewares/ST/STM32_USB_Host_Library/Core/Src/usbh_core.o
                0x0000000008005bf4                USBH_FindInterface
 .text.USBH_Start
                0x0000000008005c80       0x20 Middlewares/ST/STM32_USB_Host_Library/Core/Src/usbh_core.o
                0x0000000008005c80                USBH_Start
 .text.USBH_Process
                0x0000000008005ca0      0x4c4 Middlewares/ST/STM32_USB_Host_Library/Core/Src/usbh_core.o
                0x0000000008005ca0                USBH_Process
 .text.USBH_HandleEnum
                0x0000000008006164      0x458 Middlewares/ST/STM32_USB_Host_Library/Core/Src/usbh_core.o
 .text.USBH_LL_SetTimer
                0x00000000080065bc       0x1e Middlewares/ST/STM32_USB_Host_Library/Core/Src/usbh_core.o
                0x00000000080065bc                USBH_LL_SetTimer
 .text.USBH_LL_IncTimer
                0x00000000080065da       0x24 Middlewares/ST/STM32_USB_Host_Library/Core/Src/usbh_core.o
                0x00000000080065da                USBH_LL_IncTimer
 .text.USBH_HandleSof
                0x00000000080065fe       0x30 Middlewares/ST/STM32_USB_Host_Library/Core/Src/usbh_core.o
 .text.USBH_LL_PortEnabled
                0x000000000800662e       0x34 Middlewares/ST/STM32_USB_Host_Library/Core/Src/usbh_core.o
                0x000000000800662e                USBH_LL_PortEnabled
 .text.USBH_LL_PortDisabled
                0x0000000008006662       0x1c Middlewares/ST/STM32_USB_Host_Library/Core/Src/usbh_core.o
                0x0000000008006662                USBH_LL_PortDisabled
 .text.USBH_LL_Connect
                0x000000000800667e       0x46 Middlewares/ST/STM32_USB_Host_Library/Core/Src/usbh_core.o
                0x000000000800667e                USBH_LL_Connect
 .text.USBH_LL_Disconnect
                0x00000000080066c4       0x64 Middlewares/ST/STM32_USB_Host_Library/Core/Src/usbh_core.o
                0x00000000080066c4                USBH_LL_Disconnect
 .text.USBH_Process_OS
                0x0000000008006728       0x2a Middlewares/ST/STM32_USB_Host_Library/Core/Src/usbh_core.o
 .text.USBH_LL_NotifyURBChange
                0x0000000008006752       0x2e Middlewares/ST/STM32_USB_Host_Library/Core/Src/usbh_core.o
                0x0000000008006752                USBH_LL_NotifyURBChange
 .text.USBH_Get_DevDesc
                0x0000000008006780       0x50 Middlewares/ST/STM32_USB_Host_Library/Core/Src/usbh_ctlreq.o
                0x0000000008006780                USBH_Get_DevDesc
 .text.USBH_Get_CfgDesc
                0x00000000080067d0       0x48 Middlewares/ST/STM32_USB_Host_Library/Core/Src/usbh_ctlreq.o
                0x00000000080067d0                USBH_Get_CfgDesc
 .text.USBH_Get_StringDesc
                0x0000000008006818       0x56 Middlewares/ST/STM32_USB_Host_Library/Core/Src/usbh_ctlreq.o
                0x0000000008006818                USBH_Get_StringDesc
 .text.USBH_GetDescriptor
                0x000000000800686e       0x6a Middlewares/ST/STM32_USB_Host_Library/Core/Src/usbh_ctlreq.o
                0x000000000800686e                USBH_GetDescriptor
 .text.USBH_SetAddress
                0x00000000080068d8       0x48 Middlewares/ST/STM32_USB_Host_Library/Core/Src/usbh_ctlreq.o
                0x00000000080068d8                USBH_SetAddress
 .text.USBH_SetCfg
                0x0000000008006920       0x46 Middlewares/ST/STM32_USB_Host_Library/Core/Src/usbh_ctlreq.o
                0x0000000008006920                USBH_SetCfg
 .text.USBH_SetFeature
                0x0000000008006966       0x48 Middlewares/ST/STM32_USB_Host_Library/Core/Src/usbh_ctlreq.o
                0x0000000008006966                USBH_SetFeature
 .text.USBH_ClrFeature
                0x00000000080069ae       0x48 Middlewares/ST/STM32_USB_Host_Library/Core/Src/usbh_ctlreq.o
                0x00000000080069ae                USBH_ClrFeature
 .text.USBH_ParseDevDesc
                0x00000000080069f6       0xe0 Middlewares/ST/STM32_USB_Host_Library/Core/Src/usbh_ctlreq.o
 .text.USBH_ParseCfgDesc
                0x0000000008006ad6      0x144 Middlewares/ST/STM32_USB_Host_Library/Core/Src/usbh_ctlreq.o
 .text.USBH_ParseInterfaceDesc
                0x0000000008006c1a       0x5e Middlewares/ST/STM32_USB_Host_Library/Core/Src/usbh_ctlreq.o
 .text.USBH_ParseEPDesc
                0x0000000008006c78       0x5a Middlewares/ST/STM32_USB_Host_Library/Core/Src/usbh_ctlreq.o
 .text.USBH_ParseStringDesc
                0x0000000008006cd2       0x66 Middlewares/ST/STM32_USB_Host_Library/Core/Src/usbh_ctlreq.o
 .text.USBH_GetNextDesc
                0x0000000008006d38       0x36 Middlewares/ST/STM32_USB_Host_Library/Core/Src/usbh_ctlreq.o
                0x0000000008006d38                USBH_GetNextDesc
 .text.USBH_CtlReq
                0x0000000008006d6e       0xb2 Middlewares/ST/STM32_USB_Host_Library/Core/Src/usbh_ctlreq.o
                0x0000000008006d6e                USBH_CtlReq
 .text.USBH_HandleControl
                0x0000000008006e20      0x494 Middlewares/ST/STM32_USB_Host_Library/Core/Src/usbh_ctlreq.o
 .text.USBH_CtlSendSetup
                0x00000000080072b4       0x34 Middlewares/ST/STM32_USB_Host_Library/Core/Src/usbh_ioreq.o
                0x00000000080072b4                USBH_CtlSendSetup
 .text.USBH_CtlSendData
                0x00000000080072e8       0x4a Middlewares/ST/STM32_USB_Host_Library/Core/Src/usbh_ioreq.o
                0x00000000080072e8                USBH_CtlSendData
 .text.USBH_CtlReceiveData
                0x0000000008007332       0x3c Middlewares/ST/STM32_USB_Host_Library/Core/Src/usbh_ioreq.o
                0x0000000008007332                USBH_CtlReceiveData
 .text.USBH_BulkSendData
                0x000000000800736e       0x4a Middlewares/ST/STM32_USB_Host_Library/Core/Src/usbh_ioreq.o
                0x000000000800736e                USBH_BulkSendData
 .text.USBH_BulkReceiveData
                0x00000000080073b8       0x3c Middlewares/ST/STM32_USB_Host_Library/Core/Src/usbh_ioreq.o
                0x00000000080073b8                USBH_BulkReceiveData
 .text.USBH_OpenPipe
                0x00000000080073f4       0x3e Middlewares/ST/STM32_USB_Host_Library/Core/Src/usbh_pipes.o
                0x00000000080073f4                USBH_OpenPipe
 .text.USBH_ClosePipe
                0x0000000008007432       0x20 Middlewares/ST/STM32_USB_Host_Library/Core/Src/usbh_pipes.o
                0x0000000008007432                USBH_ClosePipe
 .text.USBH_AllocPipe
                0x0000000008007452       0x42 Middlewares/ST/STM32_USB_Host_Library/Core/Src/usbh_pipes.o
                0x0000000008007452                USBH_AllocPipe
 .text.USBH_FreePipe
                0x0000000008007494       0x3c Middlewares/ST/STM32_USB_Host_Library/Core/Src/usbh_pipes.o
                0x0000000008007494                USBH_FreePipe
 .text.USBH_GetFreePipe
                0x00000000080074d0       0x48 Middlewares/ST/STM32_USB_Host_Library/Core/Src/usbh_pipes.o
 .text.makeFreeRtosPriority
                0x0000000008007518       0x30 Middlewares/Third_Party/FreeRTOS/Source/CMSIS_RTOS/cmsis_os.o
 .text.inHandlerMode
                0x0000000008007548       0x24 Middlewares/Third_Party/FreeRTOS/Source/CMSIS_RTOS/cmsis_os.o
 .text.osKernelStart
                0x000000000800756c        0xe Middlewares/Third_Party/FreeRTOS/Source/CMSIS_RTOS/cmsis_os.o
                0x000000000800756c                osKernelStart
 .text.osThreadCreate
                0x000000000800757a       0x98 Middlewares/Third_Party/FreeRTOS/Source/CMSIS_RTOS/cmsis_os.o
                0x000000000800757a                osThreadCreate
 .text.osDelay  0x0000000008007612       0x28 Middlewares/Third_Party/FreeRTOS/Source/CMSIS_RTOS/cmsis_os.o
                0x0000000008007612                osDelay
 .text.osMutexCreate
                0x000000000800763a       0x30 Middlewares/Third_Party/FreeRTOS/Source/CMSIS_RTOS/cmsis_os.o
                0x000000000800763a                osMutexCreate
 .text.osSemaphoreCreate
                0x000000000800766a       0x66 Middlewares/Third_Party/FreeRTOS/Source/CMSIS_RTOS/cmsis_os.o
                0x000000000800766a                osSemaphoreCreate
 .text.osMessageCreate
                0x00000000080076d0       0x52 Middlewares/Third_Party/FreeRTOS/Source/CMSIS_RTOS/cmsis_os.o
                0x00000000080076d0                osMessageCreate
 *fill*         0x0000000008007722        0x2 
 .text.osMessagePut
                0x0000000008007724       0x80 Middlewares/Third_Party/FreeRTOS/Source/CMSIS_RTOS/cmsis_os.o
                0x0000000008007724                osMessagePut
 .text.osMessageGet
                0x00000000080077a4       0xe8 Middlewares/Third_Party/FreeRTOS/Source/CMSIS_RTOS/cmsis_os.o
                0x00000000080077a4                osMessageGet
 .text.vListInitialise
                0x000000000800788c       0x40 Middlewares/Third_Party/FreeRTOS/Source/list.o
                0x000000000800788c                vListInitialise
 .text.vListInitialiseItem
                0x00000000080078cc       0x1a Middlewares/Third_Party/FreeRTOS/Source/list.o
                0x00000000080078cc                vListInitialiseItem
 .text.vListInsertEnd
                0x00000000080078e6       0x48 Middlewares/Third_Party/FreeRTOS/Source/list.o
                0x00000000080078e6                vListInsertEnd
 .text.vListInsert
                0x000000000800792e       0x72 Middlewares/Third_Party/FreeRTOS/Source/list.o
                0x000000000800792e                vListInsert
 .text.uxListRemove
                0x00000000080079a0       0x54 Middlewares/Third_Party/FreeRTOS/Source/list.o
                0x00000000080079a0                uxListRemove
 .text.xQueueGenericReset
                0x00000000080079f4       0xd0 Middlewares/Third_Party/FreeRTOS/Source/queue.o
                0x00000000080079f4                xQueueGenericReset
 .text.xQueueGenericCreateStatic
                0x0000000008007ac4       0xe6 Middlewares/Third_Party/FreeRTOS/Source/queue.o
                0x0000000008007ac4                xQueueGenericCreateStatic
 .text.xQueueGenericCreate
                0x0000000008007baa       0x7e Middlewares/Third_Party/FreeRTOS/Source/queue.o
                0x0000000008007baa                xQueueGenericCreate
 .text.prvInitialiseNewQueue
                0x0000000008007c28       0x3e Middlewares/Third_Party/FreeRTOS/Source/queue.o
 .text.prvInitialiseMutex
                0x0000000008007c66       0x34 Middlewares/Third_Party/FreeRTOS/Source/queue.o
 .text.xQueueCreateMutex
                0x0000000008007c9a       0x30 Middlewares/Third_Party/FreeRTOS/Source/queue.o
                0x0000000008007c9a                xQueueCreateMutex
 .text.xQueueCreateMutexStatic
                0x0000000008007cca       0x36 Middlewares/Third_Party/FreeRTOS/Source/queue.o
                0x0000000008007cca                xQueueCreateMutexStatic
 .text.xQueueGenericSend
                0x0000000008007d00      0x1f4 Middlewares/Third_Party/FreeRTOS/Source/queue.o
                0x0000000008007d00                xQueueGenericSend
 .text.xQueueGenericSendFromISR
                0x0000000008007ef4      0x128 Middlewares/Third_Party/FreeRTOS/Source/queue.o
                0x0000000008007ef4                xQueueGenericSendFromISR
 .text.xQueueReceive
                0x000000000800801c      0x1b8 Middlewares/Third_Party/FreeRTOS/Source/queue.o
                0x000000000800801c                xQueueReceive
 .text.xQueueSemaphoreTake
                0x00000000080081d4      0x210 Middlewares/Third_Party/FreeRTOS/Source/queue.o
                0x00000000080081d4                xQueueSemaphoreTake
 .text.xQueueReceiveFromISR
                0x00000000080083e4       0xfa Middlewares/Third_Party/FreeRTOS/Source/queue.o
                0x00000000080083e4                xQueueReceiveFromISR
 .text.prvGetDisinheritPriorityAfterTimeout
                0x00000000080084de       0x30 Middlewares/Third_Party/FreeRTOS/Source/queue.o
 .text.prvCopyDataToQueue
                0x000000000800850e       0xd4 Middlewares/Third_Party/FreeRTOS/Source/queue.o
 .text.prvCopyDataFromQueue
                0x00000000080085e2       0x4c Middlewares/Third_Party/FreeRTOS/Source/queue.o
 .text.prvUnlockQueue
                0x000000000800862e       0xa4 Middlewares/Third_Party/FreeRTOS/Source/queue.o
 .text.prvIsQueueEmpty
                0x00000000080086d2       0x2c Middlewares/Third_Party/FreeRTOS/Source/queue.o
 .text.prvIsQueueFull
                0x00000000080086fe       0x30 Middlewares/Third_Party/FreeRTOS/Source/queue.o
 .text.xTaskCreateStatic
                0x000000000800872e       0xb4 Middlewares/Third_Party/FreeRTOS/Source/tasks.o
                0x000000000800872e                xTaskCreateStatic
 .text.xTaskCreate
                0x00000000080087e2       0x8a Middlewares/Third_Party/FreeRTOS/Source/tasks.o
                0x00000000080087e2                xTaskCreate
 .text.prvInitialiseNewTask
                0x000000000800886c      0x10c Middlewares/Third_Party/FreeRTOS/Source/tasks.o
 .text.prvAddNewTaskToReadyList
                0x0000000008008978       0xd4 Middlewares/Third_Party/FreeRTOS/Source/tasks.o
 .text.vTaskDelay
                0x0000000008008a4c       0x68 Middlewares/Third_Party/FreeRTOS/Source/tasks.o
                0x0000000008008a4c                vTaskDelay
 .text.vTaskStartScheduler
                0x0000000008008ab4       0xbc Middlewares/Third_Party/FreeRTOS/Source/tasks.o
                0x0000000008008ab4                vTaskStartScheduler
 .text.vTaskSuspendAll
                0x0000000008008b70       0x1c Middlewares/Third_Party/FreeRTOS/Source/tasks.o
                0x0000000008008b70                vTaskSuspendAll
 .text.xTaskResumeAll
                0x0000000008008b8c      0x138 Middlewares/Third_Party/FreeRTOS/Source/tasks.o
                0x0000000008008b8c                xTaskResumeAll
 .text.xTaskIncrementTick
                0x0000000008008cc4      0x170 Middlewares/Third_Party/FreeRTOS/Source/tasks.o
                0x0000000008008cc4                xTaskIncrementTick
 .text.vTaskSwitchContext
                0x0000000008008e34       0xb4 Middlewares/Third_Party/FreeRTOS/Source/tasks.o
                0x0000000008008e34                vTaskSwitchContext
 .text.vTaskPlaceOnEventList
                0x0000000008008ee8       0x48 Middlewares/Third_Party/FreeRTOS/Source/tasks.o
                0x0000000008008ee8                vTaskPlaceOnEventList
 .text.xTaskRemoveFromEventList
                0x0000000008008f30       0xc4 Middlewares/Third_Party/FreeRTOS/Source/tasks.o
                0x0000000008008f30                xTaskRemoveFromEventList
 .text.vTaskInternalSetTimeOutState
                0x0000000008008ff4       0x2c Middlewares/Third_Party/FreeRTOS/Source/tasks.o
                0x0000000008008ff4                vTaskInternalSetTimeOutState
 .text.xTaskCheckForTimeOut
                0x0000000008009020       0xc0 Middlewares/Third_Party/FreeRTOS/Source/tasks.o
                0x0000000008009020                xTaskCheckForTimeOut
 .text.vTaskMissedYield
                0x00000000080090e0       0x18 Middlewares/Third_Party/FreeRTOS/Source/tasks.o
                0x00000000080090e0                vTaskMissedYield
 .text.prvIdleTask
                0x00000000080090f8       0x34 Middlewares/Third_Party/FreeRTOS/Source/tasks.o
 .text.prvInitialiseTaskLists
                0x000000000800912c       0x80 Middlewares/Third_Party/FreeRTOS/Source/tasks.o
 .text.prvCheckTasksWaitingTermination
                0x00000000080091ac       0x58 Middlewares/Third_Party/FreeRTOS/Source/tasks.o
 .text.prvDeleteTCB
                0x0000000008009204       0x5c Middlewares/Third_Party/FreeRTOS/Source/tasks.o
 .text.prvResetNextTaskUnblockTime
                0x0000000008009260       0x40 Middlewares/Third_Party/FreeRTOS/Source/tasks.o
 .text.xTaskGetSchedulerState
                0x00000000080092a0       0x3c Middlewares/Third_Party/FreeRTOS/Source/tasks.o
                0x00000000080092a0                xTaskGetSchedulerState
 .text.xTaskPriorityInherit
                0x00000000080092dc      0x100 Middlewares/Third_Party/FreeRTOS/Source/tasks.o
                0x00000000080092dc                xTaskPriorityInherit
 .text.xTaskPriorityDisinherit
                0x00000000080093dc      0x108 Middlewares/Third_Party/FreeRTOS/Source/tasks.o
                0x00000000080093dc                xTaskPriorityDisinherit
 .text.vTaskPriorityDisinheritAfterTimeout
                0x00000000080094e4      0x130 Middlewares/Third_Party/FreeRTOS/Source/tasks.o
                0x00000000080094e4                vTaskPriorityDisinheritAfterTimeout
 .text.pvTaskIncrementMutexHeldCount
                0x0000000008009614       0x28 Middlewares/Third_Party/FreeRTOS/Source/tasks.o
                0x0000000008009614                pvTaskIncrementMutexHeldCount
 .text.prvAddCurrentTaskToDelayedList
                0x000000000800963c       0xcc Middlewares/Third_Party/FreeRTOS/Source/tasks.o
 .text.pxPortInitialiseStack
                0x0000000008009708       0x68 Middlewares/Third_Party/FreeRTOS/Source/portable/GCC/ARM_CM4F/port.o
                0x0000000008009708                pxPortInitialiseStack
 .text.prvTaskExitError
                0x0000000008009770       0x54 Middlewares/Third_Party/FreeRTOS/Source/portable/GCC/ARM_CM4F/port.o
 *fill*         0x00000000080097c4        0xc 
 .text.SVC_Handler
                0x00000000080097d0       0x28 Middlewares/Third_Party/FreeRTOS/Source/portable/GCC/ARM_CM4F/port.o
                0x00000000080097d0                SVC_Handler
 .text.prvPortStartFirstTask
                0x00000000080097f8       0x28 Middlewares/Third_Party/FreeRTOS/Source/portable/GCC/ARM_CM4F/port.o
 .text.xPortStartScheduler
                0x0000000008009820      0x13c Middlewares/Third_Party/FreeRTOS/Source/portable/GCC/ARM_CM4F/port.o
                0x0000000008009820                xPortStartScheduler
 .text.vPortEnterCritical
                0x000000000800995c       0x5c Middlewares/Third_Party/FreeRTOS/Source/portable/GCC/ARM_CM4F/port.o
                0x000000000800995c                vPortEnterCritical
 .text.vPortExitCritical
                0x00000000080099b8       0x50 Middlewares/Third_Party/FreeRTOS/Source/portable/GCC/ARM_CM4F/port.o
                0x00000000080099b8                vPortExitCritical
 *fill*         0x0000000008009a08        0x8 
 .text.PendSV_Handler
                0x0000000008009a10       0x68 Middlewares/Third_Party/FreeRTOS/Source/portable/GCC/ARM_CM4F/port.o
                0x0000000008009a10                PendSV_Handler
 .text.SysTick_Handler
                0x0000000008009a78       0x40 Middlewares/Third_Party/FreeRTOS/Source/portable/GCC/ARM_CM4F/port.o
                0x0000000008009a78                SysTick_Handler
 .text.vPortSetupTimerInterrupt
                0x0000000008009ab8       0x48 Middlewares/Third_Party/FreeRTOS/Source/portable/GCC/ARM_CM4F/port.o
                0x0000000008009ab8                vPortSetupTimerInterrupt
 .text.vPortEnableVFP
                0x0000000008009b00       0x14 Middlewares/Third_Party/FreeRTOS/Source/portable/GCC/ARM_CM4F/port.o
 .text.vPortValidateInterruptPriority
                0x0000000008009b14       0x7c Middlewares/Third_Party/FreeRTOS/Source/portable/GCC/ARM_CM4F/port.o
                0x0000000008009b14                vPortValidateInterruptPriority
 .text.pvPortMalloc
                0x0000000008009b90      0x184 Middlewares/Third_Party/FreeRTOS/Source/portable/MemMang/heap_4.o
                0x0000000008009b90                pvPortMalloc
 .text.vPortFree
                0x0000000008009d14       0xb0 Middlewares/Third_Party/FreeRTOS/Source/portable/MemMang/heap_4.o
                0x0000000008009d14                vPortFree
 .text.prvHeapInit
                0x0000000008009dc4       0xc4 Middlewares/Third_Party/FreeRTOS/Source/portable/MemMang/heap_4.o
 .text.prvInsertBlockIntoFreeList
                0x0000000008009e88       0xb4 Middlewares/Third_Party/FreeRTOS/Source/portable/MemMang/heap_4.o
 .text.SystemClock_Config
                0x0000000008009f3c       0xd4 Src/Init_functions.o
                0x0000000008009f3c                SystemClock_Config
 .text.MX_GPIO_Init
                0x000000000800a010      0x22c Src/Init_functions.o
                0x000000000800a010                MX_GPIO_Init
 .text.MX_I2C1_Init
                0x000000000800a23c       0x5c Src/Init_functions.o
                0x000000000800a23c                MX_I2C1_Init
 .text.MX_SPI1_Init
                0x000000000800a298       0x6c Src/Init_functions.o
                0x000000000800a298                MX_SPI1_Init
 .text.MX_USART2_UART_Init
                0x000000000800a304       0x64 Src/Init_functions.o
                0x000000000800a304                MX_USART2_UART_Init
 .text.MX_USART3_UART_Init
                0x000000000800a368       0x64 Src/Init_functions.o
                0x000000000800a368                MX_USART3_UART_Init
 .text.MX_USART6_UART_Init
                0x000000000800a3cc       0x64 Src/Init_functions.o
                0x000000000800a3cc                MX_USART6_UART_Init
 .text.HAL_TIM_PeriodElapsedCallback
                0x000000000800a430       0x1e Src/Init_functions.o
                0x000000000800a430                HAL_TIM_PeriodElapsedCallback
 .text.Error_Handler
                0x000000000800a44e        0xe Src/Init_functions.o
                0x000000000800a44e                Error_Handler
 .text.ComputeCRC16
                0x000000000800a45c       0x84 Src/Tasks_functions.o
                0x000000000800a45c                ComputeCRC16
 .text.StartDefaultTask
                0x000000000800a4e0       0x14 Src/Tasks_functions.o
                0x000000000800a4e0                StartDefaultTask
 .text.StartLED_Task
                0x000000000800a4f4       0x10 Src/Tasks_functions.o
                0x000000000800a4f4                StartLED_Task
 .text.StartButton_Task
                0x000000000800a504       0x10 Src/Tasks_functions.o
                0x000000000800a504                StartButton_Task
 .text.Startcounter_1s_Task
                0x000000000800a514       0x78 Src/Tasks_functions.o
                0x000000000800a514                Startcounter_1s_Task
 .text.Start_uart2_Rx_handle
                0x000000000800a58c       0x30 Src/Tasks_functions.o
                0x000000000800a58c                Start_uart2_Rx_handle
 .text.Start_uart3_Rx_handle
                0x000000000800a5bc      0x154 Src/Tasks_functions.o
                0x000000000800a5bc                Start_uart3_Rx_handle
 .text.Start_uart3_Tx1_handle
                0x000000000800a710      0x14c Src/Tasks_functions.o
                0x000000000800a710                Start_uart3_Tx1_handle
 .text.Start_uart3_Tx2_handle
                0x000000000800a85c      0x114 Src/Tasks_functions.o
                0x000000000800a85c                Start_uart3_Tx2_handle
 .text.Start_CO2_Rx_handle
                0x000000000800a970       0xc4 Src/Tasks_functions.o
                0x000000000800a970                Start_CO2_Rx_handle
 .text.vApplicationIdleHook
                0x000000000800aa34        0xe Src/freertos.o
                0x000000000800aa34                vApplicationIdleHook
 *fill*         0x000000000800aa42        0x2 
 .text.vApplicationGetIdleTaskMemory
                0x000000000800aa44       0x34 Src/freertos.o
                0x000000000800aa44                vApplicationGetIdleTaskMemory
 .text.main     0x000000000800aa78      0x2e4 Src/main.o
                0x000000000800aa78                main
 .text.USART2_IRQHandler
                0x000000000800ad5c       0x24 Src/main.o
                0x000000000800ad5c                USART2_IRQHandler
 .text.USART3_IRQHandler
                0x000000000800ad80       0x3c Src/main.o
                0x000000000800ad80                USART3_IRQHandler
 .text.USART6_IRQHandler
                0x000000000800adbc       0x64 Src/main.o
                0x000000000800adbc                USART6_IRQHandler
 .text.HAL_MspInit
                0x000000000800ae20       0x58 Src/stm32f4xx_hal_msp.o
                0x000000000800ae20                HAL_MspInit
 .text.HAL_I2C_MspInit
                0x000000000800ae78       0x90 Src/stm32f4xx_hal_msp.o
                0x000000000800ae78                HAL_I2C_MspInit
 .text.HAL_SPI_MspInit
                0x000000000800af08       0x90 Src/stm32f4xx_hal_msp.o
                0x000000000800af08                HAL_SPI_MspInit
 .text.HAL_UART_MspInit
                0x000000000800af98      0x198 Src/stm32f4xx_hal_msp.o
                0x000000000800af98                HAL_UART_MspInit
 .text.HAL_InitTick
                0x000000000800b130       0xb4 Src/stm32f4xx_hal_timebase_tim.o
                0x000000000800b130                HAL_InitTick
 .text.NMI_Handler
                0x000000000800b1e4        0xe Src/stm32f4xx_it.o
                0x000000000800b1e4                NMI_Handler
 .text.HardFault_Handler
                0x000000000800b1f2        0x6 Src/stm32f4xx_it.o
                0x000000000800b1f2                HardFault_Handler
 .text.MemManage_Handler
                0x000000000800b1f8        0x6 Src/stm32f4xx_it.o
                0x000000000800b1f8                MemManage_Handler
 .text.BusFault_Handler
                0x000000000800b1fe        0x6 Src/stm32f4xx_it.o
                0x000000000800b1fe                BusFault_Handler
 .text.UsageFault_Handler
                0x000000000800b204        0x6 Src/stm32f4xx_it.o
                0x000000000800b204                UsageFault_Handler
 .text.DebugMon_Handler
                0x000000000800b20a        0xe Src/stm32f4xx_it.o
                0x000000000800b20a                DebugMon_Handler
 .text.TIM2_IRQHandler
                0x000000000800b218       0x14 Src/stm32f4xx_it.o
                0x000000000800b218                TIM2_IRQHandler
 .text.OTG_FS_IRQHandler
                0x000000000800b22c       0x14 Src/stm32f4xx_it.o
                0x000000000800b22c                OTG_FS_IRQHandler
 .text._sbrk    0x000000000800b240       0x58 Src/sysmem.o
                0x000000000800b240                _sbrk
 .text.SystemInit
                0x000000000800b298       0x6c Src/system_stm32f4xx.o
                0x000000000800b298                SystemInit
 .text.MX_USB_HOST_Init
                0x000000000800b304       0x4c Src/usb_host.o
                0x000000000800b304                MX_USB_HOST_Init
 .text.USBH_UserProcess
                0x000000000800b350       0x5c Src/usb_host.o
 .text.HAL_HCD_MspInit
                0x000000000800b3ac       0xc4 Src/usbh_conf.o
                0x000000000800b3ac                HAL_HCD_MspInit
 .text.HAL_HCD_SOF_Callback
                0x000000000800b470       0x1c Src/usbh_conf.o
                0x000000000800b470                HAL_HCD_SOF_Callback
 .text.HAL_HCD_Connect_Callback
                0x000000000800b48c       0x1c Src/usbh_conf.o
                0x000000000800b48c                HAL_HCD_Connect_Callback
 .text.HAL_HCD_Disconnect_Callback
                0x000000000800b4a8       0x1c Src/usbh_conf.o
                0x000000000800b4a8                HAL_HCD_Disconnect_Callback
 .text.HAL_HCD_HC_NotifyURBChange_Callback
                0x000000000800b4c4       0x24 Src/usbh_conf.o
                0x000000000800b4c4                HAL_HCD_HC_NotifyURBChange_Callback
 .text.HAL_HCD_PortEnabled_Callback
                0x000000000800b4e8       0x1c Src/usbh_conf.o
                0x000000000800b4e8                HAL_HCD_PortEnabled_Callback
 .text.HAL_HCD_PortDisabled_Callback
                0x000000000800b504       0x1c Src/usbh_conf.o
                0x000000000800b504                HAL_HCD_PortDisabled_Callback
 .text.USBH_LL_Init
                0x000000000800b520       0x78 Src/usbh_conf.o
                0x000000000800b520                USBH_LL_Init
 .text.USBH_LL_Start
                0x000000000800b598       0x36 Src/usbh_conf.o
                0x000000000800b598                USBH_LL_Start
 .text.USBH_LL_Stop
                0x000000000800b5ce       0x36 Src/usbh_conf.o
                0x000000000800b5ce                USBH_LL_Stop
 .text.USBH_LL_GetSpeed
                0x000000000800b604       0x4a Src/usbh_conf.o
                0x000000000800b604                USBH_LL_GetSpeed
 .text.USBH_LL_ResetPort
                0x000000000800b64e       0x36 Src/usbh_conf.o
                0x000000000800b64e                USBH_LL_ResetPort
 .text.USBH_LL_GetLastXferSize
                0x000000000800b684       0x26 Src/usbh_conf.o
                0x000000000800b684                USBH_LL_GetLastXferSize
 .text.USBH_LL_OpenPipe
                0x000000000800b6aa       0x5e Src/usbh_conf.o
                0x000000000800b6aa                USBH_LL_OpenPipe
 .text.USBH_LL_ClosePipe
                0x000000000800b708       0x3e Src/usbh_conf.o
                0x000000000800b708                USBH_LL_ClosePipe
 .text.USBH_LL_SubmitURB
                0x000000000800b746       0x62 Src/usbh_conf.o
                0x000000000800b746                USBH_LL_SubmitURB
 .text.USBH_LL_GetURBState
                0x000000000800b7a8       0x26 Src/usbh_conf.o
                0x000000000800b7a8                USBH_LL_GetURBState
 .text.USBH_LL_DriverVBUS
                0x000000000800b7ce       0x2e Src/usbh_conf.o
                0x000000000800b7ce                USBH_LL_DriverVBUS
 .text.USBH_LL_SetToggle
                0x000000000800b7fc       0x66 Src/usbh_conf.o
                0x000000000800b7fc                USBH_LL_SetToggle
 .text.USBH_Delay
                0x000000000800b862       0x16 Src/usbh_conf.o
                0x000000000800b862                USBH_Delay
 .text.USBH_Get_USB_Status
                0x000000000800b878       0x58 Src/usbh_conf.o
                0x000000000800b878                USBH_Get_USB_Status
 .text.MX_DriverVbusFS
                0x000000000800b8d0       0x38 Src/usbh_platform.o
                0x000000000800b8d0                MX_DriverVbusFS
 .text.Reset_Handler
                0x000000000800b908       0x50 Startup/startup_stm32f407vgtx.o
                0x000000000800b908                Reset_Handler
 .text.Default_Handler
                0x000000000800b958        0x2 Startup/startup_stm32f407vgtx.o
                0x000000000800b958                RTC_Alarm_IRQHandler
                0x000000000800b958                HASH_RNG_IRQHandler
                0x000000000800b958                EXTI2_IRQHandler
                0x000000000800b958                TIM8_CC_IRQHandler
                0x000000000800b958                TIM1_CC_IRQHandler
                0x000000000800b958                DMA2_Stream5_IRQHandler
                0x000000000800b958                DMA1_Stream5_IRQHandler
                0x000000000800b958                PVD_IRQHandler
                0x000000000800b958                SDIO_IRQHandler
                0x000000000800b958                TAMP_STAMP_IRQHandler
                0x000000000800b958                CAN2_RX1_IRQHandler
                0x000000000800b958                EXTI3_IRQHandler
                0x000000000800b958                TIM8_TRG_COM_TIM14_IRQHandler
                0x000000000800b958                TIM1_UP_TIM10_IRQHandler
                0x000000000800b958                TIM8_UP_TIM13_IRQHandler
                0x000000000800b958                I2C3_ER_IRQHandler
                0x000000000800b958                EXTI0_IRQHandler
                0x000000000800b958                I2C2_EV_IRQHandler
                0x000000000800b958                DMA1_Stream2_IRQHandler
                0x000000000800b958                CAN1_RX0_IRQHandler
                0x000000000800b958                FPU_IRQHandler
                0x000000000800b958                OTG_HS_WKUP_IRQHandler
                0x000000000800b958                CAN2_SCE_IRQHandler
                0x000000000800b958                DMA2_Stream2_IRQHandler
                0x000000000800b958                SPI1_IRQHandler
                0x000000000800b958                TIM6_DAC_IRQHandler
                0x000000000800b958                TIM1_BRK_TIM9_IRQHandler
                0x000000000800b958                DCMI_IRQHandler
                0x000000000800b958                CAN2_RX0_IRQHandler
                0x000000000800b958                DMA2_Stream3_IRQHandler
                0x000000000800b958                CAN1_RX1_IRQHandler
                0x000000000800b958                UART5_IRQHandler
                0x000000000800b958                DMA2_Stream0_IRQHandler
                0x000000000800b958                TIM4_IRQHandler
                0x000000000800b958                I2C1_EV_IRQHandler
                0x000000000800b958                DMA1_Stream6_IRQHandler
                0x000000000800b958                DMA1_Stream1_IRQHandler
                0x000000000800b958                UART4_IRQHandler
                0x000000000800b958                TIM3_IRQHandler
                0x000000000800b958                RCC_IRQHandler
                0x000000000800b958                TIM8_BRK_TIM12_IRQHandler
                0x000000000800b958                Default_Handler
                0x000000000800b958                EXTI15_10_IRQHandler
                0x000000000800b958                ADC_IRQHandler
                0x000000000800b958                DMA1_Stream7_IRQHandler
                0x000000000800b958                TIM7_IRQHandler
                0x000000000800b958                CAN2_TX_IRQHandler
                0x000000000800b958                TIM5_IRQHandler
                0x000000000800b958                DMA2_Stream7_IRQHandler
                0x000000000800b958                I2C3_EV_IRQHandler
                0x000000000800b958                EXTI9_5_IRQHandler
                0x000000000800b958                RTC_WKUP_IRQHandler
                0x000000000800b958                ETH_WKUP_IRQHandler
                0x000000000800b958                SPI2_IRQHandler
                0x000000000800b958                OTG_HS_EP1_IN_IRQHandler
                0x000000000800b958                DMA1_Stream0_IRQHandler
                0x000000000800b958                CAN1_TX_IRQHandler
                0x000000000800b958                EXTI4_IRQHandler
                0x000000000800b958                FSMC_IRQHandler
                0x000000000800b958                ETH_IRQHandler
                0x000000000800b958                OTG_HS_EP1_OUT_IRQHandler
                0x000000000800b958                WWDG_IRQHandler
                0x000000000800b958                OTG_FS_WKUP_IRQHandler
                0x000000000800b958                TIM1_TRG_COM_TIM11_IRQHandler
                0x000000000800b958                OTG_HS_IRQHandler
                0x000000000800b958                EXTI1_IRQHandler
                0x000000000800b958                I2C2_ER_IRQHandler
                0x000000000800b958                DMA2_Stream1_IRQHandler
                0x000000000800b958                CAN1_SCE_IRQHandler
                0x000000000800b958                FLASH_IRQHandler
                0x000000000800b958                DMA2_Stream4_IRQHandler
                0x000000000800b958                USART1_IRQHandler
                0x000000000800b958                SPI3_IRQHandler
                0x000000000800b958                DMA1_Stream4_IRQHandler
                0x000000000800b958                I2C1_ER_IRQHandler
                0x000000000800b958                DMA2_Stream6_IRQHandler
                0x000000000800b958                DMA1_Stream3_IRQHandler
 *fill*         0x000000000800b95a        0x2 
 .text.__errno  0x000000000800b95c        0xc c:/st/stm32cubeide_1.0.2/stm32cubeide/plugins/com.st.stm32cube.ide.mcu.externaltools.gnu-tools-for-stm32.7-2018-q2-update.win32_1.0.0.201904181610/tools/bin/../lib/gcc/arm-none-eabi/7.3.1/../../../../arm-none-eabi/lib/thumb/v7e-m/fpv4-sp/hard\libc_nano.a(lib_a-errno.o)
                0x000000000800b95c                __errno
 .text.__libc_init_array
                0x000000000800b968       0x48 c:/st/stm32cubeide_1.0.2/stm32cubeide/plugins/com.st.stm32cube.ide.mcu.externaltools.gnu-tools-for-stm32.7-2018-q2-update.win32_1.0.0.201904181610/tools/bin/../lib/gcc/arm-none-eabi/7.3.1/../../../../arm-none-eabi/lib/thumb/v7e-m/fpv4-sp/hard\libc_nano.a(lib_a-init.o)
                0x000000000800b968                __libc_init_array
 .text.malloc   0x000000000800b9b0       0x10 c:/st/stm32cubeide_1.0.2/stm32cubeide/plugins/com.st.stm32cube.ide.mcu.externaltools.gnu-tools-for-stm32.7-2018-q2-update.win32_1.0.0.201904181610/tools/bin/../lib/gcc/arm-none-eabi/7.3.1/../../../../arm-none-eabi/lib/thumb/v7e-m/fpv4-sp/hard\libc_nano.a(lib_a-malloc.o)
                0x000000000800b9b0                malloc
 .text.free     0x000000000800b9c0       0x10 c:/st/stm32cubeide_1.0.2/stm32cubeide/plugins/com.st.stm32cube.ide.mcu.externaltools.gnu-tools-for-stm32.7-2018-q2-update.win32_1.0.0.201904181610/tools/bin/../lib/gcc/arm-none-eabi/7.3.1/../../../../arm-none-eabi/lib/thumb/v7e-m/fpv4-sp/hard\libc_nano.a(lib_a-malloc.o)
                0x000000000800b9c0                free
 .text.memcpy   0x000000000800b9d0       0x16 c:/st/stm32cubeide_1.0.2/stm32cubeide/plugins/com.st.stm32cube.ide.mcu.externaltools.gnu-tools-for-stm32.7-2018-q2-update.win32_1.0.0.201904181610/tools/bin/../lib/gcc/arm-none-eabi/7.3.1/../../../../arm-none-eabi/lib/thumb/v7e-m/fpv4-sp/hard\libc_nano.a(lib_a-memcpy-stub.o)
                0x000000000800b9d0                memcpy
 .text.memset   0x000000000800b9e6       0x10 c:/st/stm32cubeide_1.0.2/stm32cubeide/plugins/com.st.stm32cube.ide.mcu.externaltools.gnu-tools-for-stm32.7-2018-q2-update.win32_1.0.0.201904181610/tools/bin/../lib/gcc/arm-none-eabi/7.3.1/../../../../arm-none-eabi/lib/thumb/v7e-m/fpv4-sp/hard\libc_nano.a(lib_a-memset.o)
                0x000000000800b9e6                memset
 *fill*         0x000000000800b9f6        0x2 
 .text._free_r  0x000000000800b9f8       0x9c c:/st/stm32cubeide_1.0.2/stm32cubeide/plugins/com.st.stm32cube.ide.mcu.externaltools.gnu-tools-for-stm32.7-2018-q2-update.win32_1.0.0.201904181610/tools/bin/../lib/gcc/arm-none-eabi/7.3.1/../../../../arm-none-eabi/lib/thumb/v7e-m/fpv4-sp/hard\libc_nano.a(lib_a-nano-freer.o)
                0x000000000800b9f8                _free_r
 .text._malloc_r
                0x000000000800ba94       0xb4 c:/st/stm32cubeide_1.0.2/stm32cubeide/plugins/com.st.stm32cube.ide.mcu.externaltools.gnu-tools-for-stm32.7-2018-q2-update.win32_1.0.0.201904181610/tools/bin/../lib/gcc/arm-none-eabi/7.3.1/../../../../arm-none-eabi/lib/thumb/v7e-m/fpv4-sp/hard\libc_nano.a(lib_a-nano-mallocr.o)
                0x000000000800ba94                _malloc_r
 .text._sbrk_r  0x000000000800bb48       0x20 c:/st/stm32cubeide_1.0.2/stm32cubeide/plugins/com.st.stm32cube.ide.mcu.externaltools.gnu-tools-for-stm32.7-2018-q2-update.win32_1.0.0.201904181610/tools/bin/../lib/gcc/arm-none-eabi/7.3.1/../../../../arm-none-eabi/lib/thumb/v7e-m/fpv4-sp/hard\libc_nano.a(lib_a-sbrkr.o)
                0x000000000800bb48                _sbrk_r
 .text.__malloc_lock
                0x000000000800bb68        0x2 c:/st/stm32cubeide_1.0.2/stm32cubeide/plugins/com.st.stm32cube.ide.mcu.externaltools.gnu-tools-for-stm32.7-2018-q2-update.win32_1.0.0.201904181610/tools/bin/../lib/gcc/arm-none-eabi/7.3.1/../../../../arm-none-eabi/lib/thumb/v7e-m/fpv4-sp/hard\libc_nano.a(lib_a-mlock.o)
                0x000000000800bb68                __malloc_lock
 .text.__malloc_unlock
                0x000000000800bb6a        0x2 c:/st/stm32cubeide_1.0.2/stm32cubeide/plugins/com.st.stm32cube.ide.mcu.externaltools.gnu-tools-for-stm32.7-2018-q2-update.win32_1.0.0.201904181610/tools/bin/../lib/gcc/arm-none-eabi/7.3.1/../../../../arm-none-eabi/lib/thumb/v7e-m/fpv4-sp/hard\libc_nano.a(lib_a-mlock.o)
                0x000000000800bb6a                __malloc_unlock
 *(.glue_7)
 .glue_7        0x000000000800bb6c        0x0 linker stubs
 *(.glue_7t)
 .glue_7t       0x000000000800bb6c        0x0 linker stubs
 *(.eh_frame)
 .eh_frame      0x000000000800bb6c        0x0 c:/st/stm32cubeide_1.0.2/stm32cubeide/plugins/com.st.stm32cube.ide.mcu.externaltools.gnu-tools-for-stm32.7-2018-q2-update.win32_1.0.0.201904181610/tools/bin/../lib/gcc/arm-none-eabi/7.3.1/thumb/v7e-m/fpv4-sp/hard/crtbegin.o
 *(.init)
 .init          0x000000000800bb6c        0x4 c:/st/stm32cubeide_1.0.2/stm32cubeide/plugins/com.st.stm32cube.ide.mcu.externaltools.gnu-tools-for-stm32.7-2018-q2-update.win32_1.0.0.201904181610/tools/bin/../lib/gcc/arm-none-eabi/7.3.1/thumb/v7e-m/fpv4-sp/hard/crti.o
                0x000000000800bb6c                _init
 .init          0x000000000800bb70        0x8 c:/st/stm32cubeide_1.0.2/stm32cubeide/plugins/com.st.stm32cube.ide.mcu.externaltools.gnu-tools-for-stm32.7-2018-q2-update.win32_1.0.0.201904181610/tools/bin/../lib/gcc/arm-none-eabi/7.3.1/thumb/v7e-m/fpv4-sp/hard/crtn.o
 *(.fini)
 .fini          0x000000000800bb78        0x4 c:/st/stm32cubeide_1.0.2/stm32cubeide/plugins/com.st.stm32cube.ide.mcu.externaltools.gnu-tools-for-stm32.7-2018-q2-update.win32_1.0.0.201904181610/tools/bin/../lib/gcc/arm-none-eabi/7.3.1/thumb/v7e-m/fpv4-sp/hard/crti.o
                0x000000000800bb78                _fini
 .fini          0x000000000800bb7c        0x8 c:/st/stm32cubeide_1.0.2/stm32cubeide/plugins/com.st.stm32cube.ide.mcu.externaltools.gnu-tools-for-stm32.7-2018-q2-update.win32_1.0.0.201904181610/tools/bin/../lib/gcc/arm-none-eabi/7.3.1/thumb/v7e-m/fpv4-sp/hard/crtn.o
                0x000000000800bb84                . = ALIGN (0x4)
                0x000000000800bb84                _etext = .

.vfp11_veneer   0x000000000800bb84        0x0
 .vfp11_veneer  0x000000000800bb84        0x0 linker stubs

.v4_bx          0x000000000800bb84        0x0
 .v4_bx         0x000000000800bb84        0x0 linker stubs

.iplt           0x000000000800bb84        0x0
 .iplt          0x000000000800bb84        0x0 c:/st/stm32cubeide_1.0.2/stm32cubeide/plugins/com.st.stm32cube.ide.mcu.externaltools.gnu-tools-for-stm32.7-2018-q2-update.win32_1.0.0.201904181610/tools/bin/../lib/gcc/arm-none-eabi/7.3.1/thumb/v7e-m/fpv4-sp/hard/crtbegin.o

.rodata         0x000000000800bb84      0x228
                0x000000000800bb84                . = ALIGN (0x4)
 *(.rodata)
 .rodata        0x000000000800bb84        0x4 Middlewares/ST/STM32_USB_Host_Library/Class/CDC/Src/usbh_cdc.o
 .rodata        0x000000000800bb88       0x38 Middlewares/ST/STM32_USB_Host_Library/Core/Src/usbh_core.o
 .rodata        0x000000000800bbc0        0x5 Middlewares/Third_Party/FreeRTOS/Source/tasks.o
 *fill*         0x000000000800bbc5        0x3 
 .rodata        0x000000000800bbc8       0x1f Src/Tasks_functions.o
 *fill*         0x000000000800bbe7        0x1 
 .rodata        0x000000000800bbe8      0x1ac Src/main.o
 *(.rodata*)
 .rodata.AHBPrescTable
                0x000000000800bd94       0x10 Src/system_stm32f4xx.o
                0x000000000800bd94                AHBPrescTable
 .rodata.APBPrescTable
                0x000000000800bda4        0x8 Src/system_stm32f4xx.o
                0x000000000800bda4                APBPrescTable
                0x000000000800bdac                . = ALIGN (0x4)

.ARM.extab      0x000000000800bdac        0x0
                0x000000000800bdac                . = ALIGN (0x4)
 *(.ARM.extab* .gnu.linkonce.armextab.*)
                0x000000000800bdac                . = ALIGN (0x4)

.ARM            0x000000000800bdac        0x8
                0x000000000800bdac                . = ALIGN (0x4)
                0x000000000800bdac                __exidx_start = .
 *(.ARM.exidx*)
 .ARM.exidx     0x000000000800bdac        0x8 c:/st/stm32cubeide_1.0.2/stm32cubeide/plugins/com.st.stm32cube.ide.mcu.externaltools.gnu-tools-for-stm32.7-2018-q2-update.win32_1.0.0.201904181610/tools/bin/../lib/gcc/arm-none-eabi/7.3.1/thumb/v7e-m/fpv4-sp/hard\libgcc.a(_udivmoddi4.o)
                0x000000000800bdb4                __exidx_end = .
                0x000000000800bdb4                . = ALIGN (0x4)

.rel.dyn        0x000000000800bdb4        0x0
 .rel.iplt      0x000000000800bdb4        0x0 c:/st/stm32cubeide_1.0.2/stm32cubeide/plugins/com.st.stm32cube.ide.mcu.externaltools.gnu-tools-for-stm32.7-2018-q2-update.win32_1.0.0.201904181610/tools/bin/../lib/gcc/arm-none-eabi/7.3.1/thumb/v7e-m/fpv4-sp/hard/crtbegin.o

.preinit_array  0x000000000800bdb4        0x0
                0x000000000800bdb4                . = ALIGN (0x4)
                0x000000000800bdb4                PROVIDE (__preinit_array_start = .)
 *(.preinit_array*)
                0x000000000800bdb4                PROVIDE (__preinit_array_end = .)
                0x000000000800bdb4                . = ALIGN (0x4)

.init_array     0x000000000800bdb4        0x4
                0x000000000800bdb4                . = ALIGN (0x4)
                0x000000000800bdb4                PROVIDE (__init_array_start = .)
 *(SORT_BY_NAME(.init_array.*))
 *(.init_array*)
 .init_array    0x000000000800bdb4        0x4 c:/st/stm32cubeide_1.0.2/stm32cubeide/plugins/com.st.stm32cube.ide.mcu.externaltools.gnu-tools-for-stm32.7-2018-q2-update.win32_1.0.0.201904181610/tools/bin/../lib/gcc/arm-none-eabi/7.3.1/thumb/v7e-m/fpv4-sp/hard/crtbegin.o
                0x000000000800bdb8                PROVIDE (__init_array_end = .)
                0x000000000800bdb8                . = ALIGN (0x4)

.fini_array     0x000000000800bdb8        0x4
                0x000000000800bdb8                . = ALIGN (0x4)
                [!provide]                        PROVIDE (__fini_array_start = .)
 *(SORT_BY_NAME(.fini_array.*))
 *(.fini_array*)
 .fini_array    0x000000000800bdb8        0x4 c:/st/stm32cubeide_1.0.2/stm32cubeide/plugins/com.st.stm32cube.ide.mcu.externaltools.gnu-tools-for-stm32.7-2018-q2-update.win32_1.0.0.201904181610/tools/bin/../lib/gcc/arm-none-eabi/7.3.1/thumb/v7e-m/fpv4-sp/hard/crtbegin.o
                [!provide]                        PROVIDE (__fini_array_end = .)
                0x000000000800bdbc                . = ALIGN (0x4)
                0x000000000800bdbc                _sidata = LOADADDR (.data)

.data           0x0000000020000000       0x94 load address 0x000000000800bdbc
                0x0000000020000000                . = ALIGN (0x4)
                0x0000000020000000                _sdata = .
 *(.data)
 *(.data*)
 .data.uwTickPrio
                0x0000000020000000        0x4 Drivers/STM32F4xx_HAL_Driver/Src/stm32f4xx_hal.o
                0x0000000020000000                uwTickPrio
 .data.uwTickFreq
                0x0000000020000004        0x1 Drivers/STM32F4xx_HAL_Driver/Src/stm32f4xx_hal.o
                0x0000000020000004                uwTickFreq
 *fill*         0x0000000020000005        0x3 
 .data.CDC_Class
                0x0000000020000008       0x20 Middlewares/ST/STM32_USB_Host_Library/Class/CDC/Src/usbh_cdc.o
                0x0000000020000008                CDC_Class
 .data.uxCriticalNesting
                0x0000000020000028        0x4 Middlewares/Third_Party/FreeRTOS/Source/portable/GCC/ARM_CM4F/port.o
 .data.SystemCoreClock
                0x000000002000002c        0x4 Src/system_stm32f4xx.o
                0x000000002000002c                SystemCoreClock
 .data._impure_ptr
                0x0000000020000030        0x4 c:/st/stm32cubeide_1.0.2/stm32cubeide/plugins/com.st.stm32cube.ide.mcu.externaltools.gnu-tools-for-stm32.7-2018-q2-update.win32_1.0.0.201904181610/tools/bin/../lib/gcc/arm-none-eabi/7.3.1/../../../../arm-none-eabi/lib/thumb/v7e-m/fpv4-sp/hard\libc_nano.a(lib_a-impure.o)
                0x0000000020000030                _impure_ptr
 .data.impure_data
                0x0000000020000034       0x60 c:/st/stm32cubeide_1.0.2/stm32cubeide/plugins/com.st.stm32cube.ide.mcu.externaltools.gnu-tools-for-stm32.7-2018-q2-update.win32_1.0.0.201904181610/tools/bin/../lib/gcc/arm-none-eabi/7.3.1/../../../../arm-none-eabi/lib/thumb/v7e-m/fpv4-sp/hard\libc_nano.a(lib_a-impure.o)
                0x0000000020000094                . = ALIGN (0x4)
                0x0000000020000094                _edata = .

.igot.plt       0x0000000020000094        0x0 load address 0x000000000800be50
 .igot.plt      0x0000000020000094        0x0 c:/st/stm32cubeide_1.0.2/stm32cubeide/plugins/com.st.stm32cube.ide.mcu.externaltools.gnu-tools-for-stm32.7-2018-q2-update.win32_1.0.0.201904181610/tools/bin/../lib/gcc/arm-none-eabi/7.3.1/thumb/v7e-m/fpv4-sp/hard/crtbegin.o
                0x0000000020000094                . = ALIGN (0x4)

.bss            0x0000000020000094     0x4878 load address 0x000000000800be50
                0x0000000020000094                _sbss = .
                0x0000000020000094                __bss_start__ = _sbss
 *(.bss)
 .bss           0x0000000020000094       0x1c c:/st/stm32cubeide_1.0.2/stm32cubeide/plugins/com.st.stm32cube.ide.mcu.externaltools.gnu-tools-for-stm32.7-2018-q2-update.win32_1.0.0.201904181610/tools/bin/../lib/gcc/arm-none-eabi/7.3.1/thumb/v7e-m/fpv4-sp/hard/crtbegin.o
 *(.bss*)
 .bss.tmpreg.8941
                0x00000000200000b0        0x4 Drivers/STM32F4xx_HAL_Driver/Src/stm32f4xx_ll_usb.o
 .bss.pxCurrentTCB
                0x00000000200000b4        0x4 Middlewares/Third_Party/FreeRTOS/Source/tasks.o
                0x00000000200000b4                pxCurrentTCB
 .bss.pxReadyTasksLists
                0x00000000200000b8       0x8c Middlewares/Third_Party/FreeRTOS/Source/tasks.o
 .bss.xDelayedTaskList1
                0x0000000020000144       0x14 Middlewares/Third_Party/FreeRTOS/Source/tasks.o
 .bss.xDelayedTaskList2
                0x0000000020000158       0x14 Middlewares/Third_Party/FreeRTOS/Source/tasks.o
 .bss.pxDelayedTaskList
                0x000000002000016c        0x4 Middlewares/Third_Party/FreeRTOS/Source/tasks.o
 .bss.pxOverflowDelayedTaskList
                0x0000000020000170        0x4 Middlewares/Third_Party/FreeRTOS/Source/tasks.o
 .bss.xPendingReadyList
                0x0000000020000174       0x14 Middlewares/Third_Party/FreeRTOS/Source/tasks.o
 .bss.xTasksWaitingTermination
                0x0000000020000188       0x14 Middlewares/Third_Party/FreeRTOS/Source/tasks.o
 .bss.uxDeletedTasksWaitingCleanUp
                0x000000002000019c        0x4 Middlewares/Third_Party/FreeRTOS/Source/tasks.o
 .bss.xSuspendedTaskList
                0x00000000200001a0       0x14 Middlewares/Third_Party/FreeRTOS/Source/tasks.o
 .bss.uxCurrentNumberOfTasks
                0x00000000200001b4        0x4 Middlewares/Third_Party/FreeRTOS/Source/tasks.o
 .bss.xTickCount
                0x00000000200001b8        0x4 Middlewares/Third_Party/FreeRTOS/Source/tasks.o
 .bss.uxTopReadyPriority
                0x00000000200001bc        0x4 Middlewares/Third_Party/FreeRTOS/Source/tasks.o
 .bss.xSchedulerRunning
                0x00000000200001c0        0x4 Middlewares/Third_Party/FreeRTOS/Source/tasks.o
 .bss.uxPendedTicks
                0x00000000200001c4        0x4 Middlewares/Third_Party/FreeRTOS/Source/tasks.o
 .bss.xYieldPending
                0x00000000200001c8        0x4 Middlewares/Third_Party/FreeRTOS/Source/tasks.o
 .bss.xNumOfOverflows
                0x00000000200001cc        0x4 Middlewares/Third_Party/FreeRTOS/Source/tasks.o
 .bss.uxTaskNumber
                0x00000000200001d0        0x4 Middlewares/Third_Party/FreeRTOS/Source/tasks.o
 .bss.xNextTaskUnblockTime
                0x00000000200001d4        0x4 Middlewares/Third_Party/FreeRTOS/Source/tasks.o
 .bss.xIdleTaskHandle
                0x00000000200001d8        0x4 Middlewares/Third_Party/FreeRTOS/Source/tasks.o
 .bss.uxSchedulerSuspended
                0x00000000200001dc        0x4 Middlewares/Third_Party/FreeRTOS/Source/tasks.o
 .bss.ucMaxSysCallPriority
                0x00000000200001e0        0x1 Middlewares/Third_Party/FreeRTOS/Source/portable/GCC/ARM_CM4F/port.o
 *fill*         0x00000000200001e1        0x3 
 .bss.ulMaxPRIGROUPValue
                0x00000000200001e4        0x4 Middlewares/Third_Party/FreeRTOS/Source/portable/GCC/ARM_CM4F/port.o
 .bss.ucHeap    0x00000000200001e8     0x3c00 Middlewares/Third_Party/FreeRTOS/Source/portable/MemMang/heap_4.o
 .bss.xStart    0x0000000020003de8        0x8 Middlewares/Third_Party/FreeRTOS/Source/portable/MemMang/heap_4.o
 .bss.pxEnd     0x0000000020003df0        0x4 Middlewares/Third_Party/FreeRTOS/Source/portable/MemMang/heap_4.o
 .bss.xFreeBytesRemaining
                0x0000000020003df4        0x4 Middlewares/Third_Party/FreeRTOS/Source/portable/MemMang/heap_4.o
 .bss.xMinimumEverFreeBytesRemaining
                0x0000000020003df8        0x4 Middlewares/Third_Party/FreeRTOS/Source/portable/MemMang/heap_4.o
 .bss.xBlockAllocatedBit
                0x0000000020003dfc        0x4 Middlewares/Third_Party/FreeRTOS/Source/portable/MemMang/heap_4.o
 .bss.counter.9519
                0x0000000020003e00        0x2 Src/Tasks_functions.o
 .bss.usart3_counter.9529
                0x0000000020003e02        0x1 Src/Tasks_functions.o
 .bss.Modbus_Rx_status.9530
                0x0000000020003e03        0x1 Src/Tasks_functions.o
 .bss.HMI_LAMP_blinking_counter.9543
                0x0000000020003e04        0x1 Src/Tasks_functions.o
 *fill*         0x0000000020003e05        0x3 
 .bss.xIdleTaskTCBBuffer
                0x0000000020003e08       0x54 Src/freertos.o
 .bss.xIdleStack
                0x0000000020003e5c      0x200 Src/freertos.o
 .bss.heap_end.6424
                0x000000002000405c        0x4 Src/sysmem.o
 .bss.Appli_state
                0x0000000020004060        0x1 Src/usb_host.o
                0x0000000020004060                Appli_state
 *fill*         0x0000000020004061        0x3 
 .bss.__malloc_free_list
                0x0000000020004064        0x4 c:/st/stm32cubeide_1.0.2/stm32cubeide/plugins/com.st.stm32cube.ide.mcu.externaltools.gnu-tools-for-stm32.7-2018-q2-update.win32_1.0.0.201904181610/tools/bin/../lib/gcc/arm-none-eabi/7.3.1/../../../../arm-none-eabi/lib/thumb/v7e-m/fpv4-sp/hard\libc_nano.a(lib_a-nano-mallocr.o)
                0x0000000020004064                __malloc_free_list
 .bss.__malloc_sbrk_start
                0x0000000020004068        0x4 c:/st/stm32cubeide_1.0.2/stm32cubeide/plugins/com.st.stm32cube.ide.mcu.externaltools.gnu-tools-for-stm32.7-2018-q2-update.win32_1.0.0.201904181610/tools/bin/../lib/gcc/arm-none-eabi/7.3.1/../../../../arm-none-eabi/lib/thumb/v7e-m/fpv4-sp/hard\libc_nano.a(lib_a-nano-mallocr.o)
                0x0000000020004068                __malloc_sbrk_start
 *(COMMON)
 COMMON         0x000000002000406c        0x4 Drivers/STM32F4xx_HAL_Driver/Src/stm32f4xx_hal.o
                0x000000002000406c                uwTick
 COMMON         0x0000000020004070      0x1b0 Src/main.o
                0x0000000020004070                defaultTaskHandle
                0x0000000020004074                myLED_TaskHandle
                0x0000000020004078                uart3_Tx1_handleHandle
                0x000000002000407c                huart3
                0x00000000200040bc                hi2c1
                0x0000000020004110                CO2_u6_Rx_handlHandle
                0x0000000020004114                usart3_Tx1_semHandle
                0x0000000020004118                counter_1s_TaskHandle
                0x000000002000411c                uart3_Tx2_handleHandle
                0x0000000020004120                usart2_semHandle
                0x0000000020004124                huart6
                0x0000000020004164                CO2_ISR_usart6_Q1Handle
                0x0000000020004168                hspi1
                0x00000000200041c0                usart3_semHandle
                0x00000000200041c4                Counter_Data_ProtectHandle
                0x00000000200041c8                uart3_Rx_handleHandle
                0x00000000200041cc                huart2
                0x000000002000420c                myButton_TaskHandle
                0x0000000020004210                uart2_Rx_handleHandle
                0x0000000020004214                usart3_Tx2_semHandle
                0x0000000020004218                HMI_ISR_usart3_Q1Handle
                0x000000002000421c                Data_for_HMI_Q1Handle
 COMMON         0x0000000020004220       0x40 Src/stm32f4xx_hal_timebase_tim.o
                0x0000000020004220                htim2
 COMMON         0x0000000020004260      0x3e4 Src/usb_host.o
                0x0000000020004260                hUsbHostFS
 COMMON         0x0000000020004644      0x2c4 Src/usbh_conf.o
                0x0000000020004644                hhcd_USB_OTG_FS
 COMMON         0x0000000020004908        0x4 c:/st/stm32cubeide_1.0.2/stm32cubeide/plugins/com.st.stm32cube.ide.mcu.externaltools.gnu-tools-for-stm32.7-2018-q2-update.win32_1.0.0.201904181610/tools/bin/../lib/gcc/arm-none-eabi/7.3.1/../../../../arm-none-eabi/lib/thumb/v7e-m/fpv4-sp/hard\libc_nano.a(lib_a-reent.o)
                0x0000000020004908                errno
                0x000000002000490c                . = ALIGN (0x4)
                0x000000002000490c                _ebss = .
                0x000000002000490c                __bss_end__ = _ebss

._user_heap_stack
                0x000000002000490c      0x604 load address 0x000000000800be50
                0x0000000020004910                . = ALIGN (0x8)
 *fill*         0x000000002000490c        0x4 
                0x0000000020004910                PROVIDE (end = .)
                [!provide]                        PROVIDE (_end = .)
                0x0000000020004b10                . = (. + _Min_Heap_Size)
 *fill*         0x0000000020004910      0x200 
                0x0000000020004f10                . = (. + _Min_Stack_Size)
 *fill*         0x0000000020004b10      0x400 
                0x0000000020004f10                . = ALIGN (0x8)

/DISCARD/
 libc.a(*)
 libm.a(*)
 libgcc.a(*)

.ARM.attributes
                0x0000000000000000       0x30
 *(.ARM.attributes)
 .ARM.attributes
                0x0000000000000000       0x22 c:/st/stm32cubeide_1.0.2/stm32cubeide/plugins/com.st.stm32cube.ide.mcu.externaltools.gnu-tools-for-stm32.7-2018-q2-update.win32_1.0.0.201904181610/tools/bin/../lib/gcc/arm-none-eabi/7.3.1/thumb/v7e-m/fpv4-sp/hard/crti.o
 .ARM.attributes
                0x0000000000000022       0x34 c:/st/stm32cubeide_1.0.2/stm32cubeide/plugins/com.st.stm32cube.ide.mcu.externaltools.gnu-tools-for-stm32.7-2018-q2-update.win32_1.0.0.201904181610/tools/bin/../lib/gcc/arm-none-eabi/7.3.1/thumb/v7e-m/fpv4-sp/hard/crtbegin.o
 .ARM.attributes
                0x0000000000000056       0x39 Drivers/STM32F4xx_HAL_Driver/Src/stm32f4xx_hal.o
 .ARM.attributes
                0x000000000000008f       0x39 Drivers/STM32F4xx_HAL_Driver/Src/stm32f4xx_hal_cortex.o
 .ARM.attributes
                0x00000000000000c8       0x39 Drivers/STM32F4xx_HAL_Driver/Src/stm32f4xx_hal_dma.o
 .ARM.attributes
                0x0000000000000101       0x39 Drivers/STM32F4xx_HAL_Driver/Src/stm32f4xx_hal_gpio.o
 .ARM.attributes
                0x000000000000013a       0x39 Drivers/STM32F4xx_HAL_Driver/Src/stm32f4xx_hal_hcd.o
 .ARM.attributes
                0x0000000000000173       0x39 Drivers/STM32F4xx_HAL_Driver/Src/stm32f4xx_hal_i2c.o
 .ARM.attributes
                0x00000000000001ac       0x39 Drivers/STM32F4xx_HAL_Driver/Src/stm32f4xx_hal_rcc.o
 .ARM.attributes
                0x00000000000001e5       0x39 Drivers/STM32F4xx_HAL_Driver/Src/stm32f4xx_hal_spi.o
 .ARM.attributes
                0x000000000000021e       0x39 Drivers/STM32F4xx_HAL_Driver/Src/stm32f4xx_hal_tim.o
 .ARM.attributes
                0x0000000000000257       0x39 Drivers/STM32F4xx_HAL_Driver/Src/stm32f4xx_hal_tim_ex.o
 .ARM.attributes
                0x0000000000000290       0x39 Drivers/STM32F4xx_HAL_Driver/Src/stm32f4xx_hal_uart.o
 .ARM.attributes
                0x00000000000002c9       0x39 Drivers/STM32F4xx_HAL_Driver/Src/stm32f4xx_ll_usb.o
 .ARM.attributes
                0x0000000000000302       0x39 Middlewares/ST/STM32_USB_Host_Library/Class/CDC/Src/usbh_cdc.o
 .ARM.attributes
                0x000000000000033b       0x39 Middlewares/ST/STM32_USB_Host_Library/Core/Src/usbh_core.o
 .ARM.attributes
                0x0000000000000374       0x39 Middlewares/ST/STM32_USB_Host_Library/Core/Src/usbh_ctlreq.o
 .ARM.attributes
                0x00000000000003ad       0x39 Middlewares/ST/STM32_USB_Host_Library/Core/Src/usbh_ioreq.o
 .ARM.attributes
                0x00000000000003e6       0x39 Middlewares/ST/STM32_USB_Host_Library/Core/Src/usbh_pipes.o
 .ARM.attributes
                0x000000000000041f       0x39 Middlewares/Third_Party/FreeRTOS/Source/CMSIS_RTOS/cmsis_os.o
 .ARM.attributes
                0x0000000000000458       0x39 Middlewares/Third_Party/FreeRTOS/Source/list.o
 .ARM.attributes
                0x0000000000000491       0x39 Middlewares/Third_Party/FreeRTOS/Source/queue.o
 .ARM.attributes
                0x00000000000004ca       0x39 Middlewares/Third_Party/FreeRTOS/Source/tasks.o
 .ARM.attributes
                0x0000000000000503       0x39 Middlewares/Third_Party/FreeRTOS/Source/portable/GCC/ARM_CM4F/port.o
 .ARM.attributes
                0x000000000000053c       0x39 Middlewares/Third_Party/FreeRTOS/Source/portable/MemMang/heap_4.o
 .ARM.attributes
                0x0000000000000575       0x39 Src/Init_functions.o
 .ARM.attributes
                0x00000000000005ae       0x39 Src/Tasks_functions.o
 .ARM.attributes
                0x00000000000005e7       0x39 Src/freertos.o
 .ARM.attributes
                0x0000000000000620       0x39 Src/main.o
 .ARM.attributes
                0x0000000000000659       0x39 Src/stm32f4xx_hal_msp.o
 .ARM.attributes
                0x0000000000000692       0x39 Src/stm32f4xx_hal_timebase_tim.o
 .ARM.attributes
                0x00000000000006cb       0x39 Src/stm32f4xx_it.o
 .ARM.attributes
                0x0000000000000704       0x39 Src/sysmem.o
 .ARM.attributes
                0x000000000000073d       0x39 Src/system_stm32f4xx.o
 .ARM.attributes
                0x0000000000000776       0x39 Src/usb_host.o
 .ARM.attributes
                0x00000000000007af       0x39 Src/usbh_conf.o
 .ARM.attributes
                0x00000000000007e8       0x39 Src/usbh_platform.o
 .ARM.attributes
                0x0000000000000821       0x21 Startup/startup_stm32f407vgtx.o
 .ARM.attributes
                0x0000000000000842       0x34 c:/st/stm32cubeide_1.0.2/stm32cubeide/plugins/com.st.stm32cube.ide.mcu.externaltools.gnu-tools-for-stm32.7-2018-q2-update.win32_1.0.0.201904181610/tools/bin/../lib/gcc/arm-none-eabi/7.3.1/../../../../arm-none-eabi/lib/thumb/v7e-m/fpv4-sp/hard\libc_nano.a(lib_a-errno.o)
 .ARM.attributes
                0x0000000000000876       0x34 c:/st/stm32cubeide_1.0.2/stm32cubeide/plugins/com.st.stm32cube.ide.mcu.externaltools.gnu-tools-for-stm32.7-2018-q2-update.win32_1.0.0.201904181610/tools/bin/../lib/gcc/arm-none-eabi/7.3.1/../../../../arm-none-eabi/lib/thumb/v7e-m/fpv4-sp/hard\libc_nano.a(lib_a-impure.o)
 .ARM.attributes
                0x00000000000008aa       0x34 c:/st/stm32cubeide_1.0.2/stm32cubeide/plugins/com.st.stm32cube.ide.mcu.externaltools.gnu-tools-for-stm32.7-2018-q2-update.win32_1.0.0.201904181610/tools/bin/../lib/gcc/arm-none-eabi/7.3.1/../../../../arm-none-eabi/lib/thumb/v7e-m/fpv4-sp/hard\libc_nano.a(lib_a-init.o)
 .ARM.attributes
                0x00000000000008de       0x34 c:/st/stm32cubeide_1.0.2/stm32cubeide/plugins/com.st.stm32cube.ide.mcu.externaltools.gnu-tools-for-stm32.7-2018-q2-update.win32_1.0.0.201904181610/tools/bin/../lib/gcc/arm-none-eabi/7.3.1/../../../../arm-none-eabi/lib/thumb/v7e-m/fpv4-sp/hard\libc_nano.a(lib_a-malloc.o)
 .ARM.attributes
                0x0000000000000912       0x34 c:/st/stm32cubeide_1.0.2/stm32cubeide/plugins/com.st.stm32cube.ide.mcu.externaltools.gnu-tools-for-stm32.7-2018-q2-update.win32_1.0.0.201904181610/tools/bin/../lib/gcc/arm-none-eabi/7.3.1/../../../../arm-none-eabi/lib/thumb/v7e-m/fpv4-sp/hard\libc_nano.a(lib_a-memcpy-stub.o)
 .ARM.attributes
                0x0000000000000946       0x34 c:/st/stm32cubeide_1.0.2/stm32cubeide/plugins/com.st.stm32cube.ide.mcu.externaltools.gnu-tools-for-stm32.7-2018-q2-update.win32_1.0.0.201904181610/tools/bin/../lib/gcc/arm-none-eabi/7.3.1/../../../../arm-none-eabi/lib/thumb/v7e-m/fpv4-sp/hard\libc_nano.a(lib_a-memset.o)
 .ARM.attributes
                0x000000000000097a       0x34 c:/st/stm32cubeide_1.0.2/stm32cubeide/plugins/com.st.stm32cube.ide.mcu.externaltools.gnu-tools-for-stm32.7-2018-q2-update.win32_1.0.0.201904181610/tools/bin/../lib/gcc/arm-none-eabi/7.3.1/../../../../arm-none-eabi/lib/thumb/v7e-m/fpv4-sp/hard\libc_nano.a(lib_a-nano-freer.o)
 .ARM.attributes
                0x00000000000009ae       0x34 c:/st/stm32cubeide_1.0.2/stm32cubeide/plugins/com.st.stm32cube.ide.mcu.externaltools.gnu-tools-for-stm32.7-2018-q2-update.win32_1.0.0.201904181610/tools/bin/../lib/gcc/arm-none-eabi/7.3.1/../../../../arm-none-eabi/lib/thumb/v7e-m/fpv4-sp/hard\libc_nano.a(lib_a-nano-mallocr.o)
 .ARM.attributes
                0x00000000000009e2       0x34 c:/st/stm32cubeide_1.0.2/stm32cubeide/plugins/com.st.stm32cube.ide.mcu.externaltools.gnu-tools-for-stm32.7-2018-q2-update.win32_1.0.0.201904181610/tools/bin/../lib/gcc/arm-none-eabi/7.3.1/../../../../arm-none-eabi/lib/thumb/v7e-m/fpv4-sp/hard\libc_nano.a(lib_a-sbrkr.o)
 .ARM.attributes
                0x0000000000000a16       0x34 c:/st/stm32cubeide_1.0.2/stm32cubeide/plugins/com.st.stm32cube.ide.mcu.externaltools.gnu-tools-for-stm32.7-2018-q2-update.win32_1.0.0.201904181610/tools/bin/../lib/gcc/arm-none-eabi/7.3.1/../../../../arm-none-eabi/lib/thumb/v7e-m/fpv4-sp/hard\libc_nano.a(lib_a-mlock.o)
 .ARM.attributes
                0x0000000000000a4a       0x34 c:/st/stm32cubeide_1.0.2/stm32cubeide/plugins/com.st.stm32cube.ide.mcu.externaltools.gnu-tools-for-stm32.7-2018-q2-update.win32_1.0.0.201904181610/tools/bin/../lib/gcc/arm-none-eabi/7.3.1/../../../../arm-none-eabi/lib/thumb/v7e-m/fpv4-sp/hard\libc_nano.a(lib_a-reent.o)
 .ARM.attributes
                0x0000000000000a7e       0x22 c:/st/stm32cubeide_1.0.2/stm32cubeide/plugins/com.st.stm32cube.ide.mcu.externaltools.gnu-tools-for-stm32.7-2018-q2-update.win32_1.0.0.201904181610/tools/bin/../lib/gcc/arm-none-eabi/7.3.1/thumb/v7e-m/fpv4-sp/hard\libgcc.a(_aeabi_uldivmod.o)
 .ARM.attributes
                0x0000000000000aa0       0x34 c:/st/stm32cubeide_1.0.2/stm32cubeide/plugins/com.st.stm32cube.ide.mcu.externaltools.gnu-tools-for-stm32.7-2018-q2-update.win32_1.0.0.201904181610/tools/bin/../lib/gcc/arm-none-eabi/7.3.1/thumb/v7e-m/fpv4-sp/hard\libgcc.a(_udivmoddi4.o)
 .ARM.attributes
                0x0000000000000ad4       0x22 c:/st/stm32cubeide_1.0.2/stm32cubeide/plugins/com.st.stm32cube.ide.mcu.externaltools.gnu-tools-for-stm32.7-2018-q2-update.win32_1.0.0.201904181610/tools/bin/../lib/gcc/arm-none-eabi/7.3.1/thumb/v7e-m/fpv4-sp/hard\libgcc.a(_dvmd_tls.o)
 .ARM.attributes