Archive member included to satisfy reference by file (symbol)

c:/st/stm32cubeide_1.0.2/stm32cubeide/plugins/com.st.stm32cube.ide.mcu.externaltools.gnu-tools-for-stm32.7-2018-q2-update.win32_1.0.0.201904181610/tools/bin/../lib/gcc/arm-none-eabi/7.3.1/../../../../arm-none-eabi/lib/thumb/v7e-m/fpv4-sp/hard\libc_nano.a(lib_a-errno.o)
                              Src/syscalls.o (__errno)
c:/st/stm32cubeide_1.0.2/stm32cubeide/plugins/com.st.stm32cube.ide.mcu.externaltools.gnu-tools-for-stm32.7-2018-q2-update.win32_1.0.0.201904181610/tools/bin/../lib/gcc/arm-none-eabi/7.3.1/../../../../arm-none-eabi/lib/thumb/v7e-m/fpv4-sp/hard\libc_nano.a(lib_a-exit.o)
                              c:/st/stm32cubeide_1.0.2/stm32cubeide/plugins/com.st.stm32cube.ide.mcu.externaltools.gnu-tools-for-stm32.7-2018-q2-update.win32_1.0.0.201904181610/tools/bin/../lib/gcc/arm-none-eabi/7.3.1/../../../../arm-none-eabi/lib/thumb/v7e-m/fpv4-sp/hard/crt0.o (exit)
c:/st/stm32cubeide_1.0.2/stm32cubeide/plugins/com.st.stm32cube.ide.mcu.externaltools.gnu-tools-for-stm32.7-2018-q2-update.win32_1.0.0.201904181610/tools/bin/../lib/gcc/arm-none-eabi/7.3.1/../../../../arm-none-eabi/lib/thumb/v7e-m/fpv4-sp/hard\libc_nano.a(lib_a-impure.o)
                              c:/st/stm32cubeide_1.0.2/stm32cubeide/plugins/com.st.stm32cube.ide.mcu.externaltools.gnu-tools-for-stm32.7-2018-q2-update.win32_1.0.0.201904181610/tools/bin/../lib/gcc/arm-none-eabi/7.3.1/../../../../arm-none-eabi/lib/thumb/v7e-m/fpv4-sp/hard\libc_nano.a(lib_a-exit.o) (_global_impure_ptr)
c:/st/stm32cubeide_1.0.2/stm32cubeide/plugins/com.st.stm32cube.ide.mcu.externaltools.gnu-tools-for-stm32.7-2018-q2-update.win32_1.0.0.201904181610/tools/bin/../lib/gcc/arm-none-eabi/7.3.1/../../../../arm-none-eabi/lib/thumb/v7e-m/fpv4-sp/hard\libc_nano.a(lib_a-init.o)
                              c:/st/stm32cubeide_1.0.2/stm32cubeide/plugins/com.st.stm32cube.ide.mcu.externaltools.gnu-tools-for-stm32.7-2018-q2-update.win32_1.0.0.201904181610/tools/bin/../lib/gcc/arm-none-eabi/7.3.1/../../../../arm-none-eabi/lib/thumb/v7e-m/fpv4-sp/hard/crt0.o (__libc_init_array)
c:/st/stm32cubeide_1.0.2/stm32cubeide/plugins/com.st.stm32cube.ide.mcu.externaltools.gnu-tools-for-stm32.7-2018-q2-update.win32_1.0.0.201904181610/tools/bin/../lib/gcc/arm-none-eabi/7.3.1/../../../../arm-none-eabi/lib/thumb/v7e-m/fpv4-sp/hard\libc_nano.a(lib_a-malloc.o)
                              Middlewares/ST/STM32_USB_Host_Library/Class/CDC/Src/usbh_cdc.o (malloc)
c:/st/stm32cubeide_1.0.2/stm32cubeide/plugins/com.st.stm32cube.ide.mcu.externaltools.gnu-tools-for-stm32.7-2018-q2-update.win32_1.0.0.201904181610/tools/bin/../lib/gcc/arm-none-eabi/7.3.1/../../../../arm-none-eabi/lib/thumb/v7e-m/fpv4-sp/hard\libc_nano.a(lib_a-memcpy-stub.o)
                              Middlewares/Third_Party/FreeRTOS/Source/queue.o (memcpy)
c:/st/stm32cubeide_1.0.2/stm32cubeide/plugins/com.st.stm32cube.ide.mcu.externaltools.gnu-tools-for-stm32.7-2018-q2-update.win32_1.0.0.201904181610/tools/bin/../lib/gcc/arm-none-eabi/7.3.1/../../../../arm-none-eabi/lib/thumb/v7e-m/fpv4-sp/hard\libc_nano.a(lib_a-memset.o)
                              c:/st/stm32cubeide_1.0.2/stm32cubeide/plugins/com.st.stm32cube.ide.mcu.externaltools.gnu-tools-for-stm32.7-2018-q2-update.win32_1.0.0.201904181610/tools/bin/../lib/gcc/arm-none-eabi/7.3.1/../../../../arm-none-eabi/lib/thumb/v7e-m/fpv4-sp/hard/crt0.o (memset)
c:/st/stm32cubeide_1.0.2/stm32cubeide/plugins/com.st.stm32cube.ide.mcu.externaltools.gnu-tools-for-stm32.7-2018-q2-update.win32_1.0.0.201904181610/tools/bin/../lib/gcc/arm-none-eabi/7.3.1/../../../../arm-none-eabi/lib/thumb/v7e-m/fpv4-sp/hard\libc_nano.a(lib_a-nano-freer.o)
                              c:/st/stm32cubeide_1.0.2/stm32cubeide/plugins/com.st.stm32cube.ide.mcu.externaltools.gnu-tools-for-stm32.7-2018-q2-update.win32_1.0.0.201904181610/tools/bin/../lib/gcc/arm-none-eabi/7.3.1/../../../../arm-none-eabi/lib/thumb/v7e-m/fpv4-sp/hard\libc_nano.a(lib_a-malloc.o) (_free_r)
c:/st/stm32cubeide_1.0.2/stm32cubeide/plugins/com.st.stm32cube.ide.mcu.externaltools.gnu-tools-for-stm32.7-2018-q2-update.win32_1.0.0.201904181610/tools/bin/../lib/gcc/arm-none-eabi/7.3.1/../../../../arm-none-eabi/lib/thumb/v7e-m/fpv4-sp/hard\libc_nano.a(lib_a-nano-mallocr.o)
                              c:/st/stm32cubeide_1.0.2/stm32cubeide/plugins/com.st.stm32cube.ide.mcu.externaltools.gnu-tools-for-stm32.7-2018-q2-update.win32_1.0.0.201904181610/tools/bin/../lib/gcc/arm-none-eabi/7.3.1/../../../../arm-none-eabi/lib/thumb/v7e-m/fpv4-sp/hard\libc_nano.a(lib_a-malloc.o) (_malloc_r)
c:/st/stm32cubeide_1.0.2/stm32cubeide/plugins/com.st.stm32cube.ide.mcu.externaltools.gnu-tools-for-stm32.7-2018-q2-update.win32_1.0.0.201904181610/tools/bin/../lib/gcc/arm-none-eabi/7.3.1/../../../../arm-none-eabi/lib/thumb/v7e-m/fpv4-sp/hard\libc_nano.a(lib_a-sbrkr.o)
[...]
Memory Configuration

Name             Origin             Length             Attributes
CCMRAM           0x0000000010000000 0x0000000000010000 xrw
RAM              0x0000000020000000 0x0000000000020000 xrw
FLASH            0x0000000008000000 0x0000000000100000 xr
*default*        0x0000000000000000 0xffffffffffffffff

Linker script and memory map

LOAD c:/st/stm32cubeide_1.0.2/stm32cubeide/plugins/com.st.stm32cube.ide.mcu.externaltools.gnu-tools-for-stm32.7-2018-q2-update.win32_1.0.0.201904181610/tools/bin/../lib/gcc/arm-none-eabi/7.3.1/thumb/v7e-m/fpv4-sp/hard/crti.o
LOAD c:/st/stm32cubeide_1.0.2/stm32cubeide/plugins/com.st.stm32cube.ide.mcu.externaltools.gnu-tools-for-stm32.7-2018-q2-update.win32_1.0.0.201904181610/tools/bin/../lib/gcc/arm-none-eabi/7.3.1/thumb/v7e-m/fpv4-sp/hard/crtbegin.o
LOAD c:/st/stm32cubeide_1.0.2/stm32cubeide/plugins/com.st.stm32cube.ide.mcu.externaltools.gnu-tools-for-stm32.7-2018-q2-update.win32_1.0.0.201904181610/tools/bin/../lib/gcc/arm-none-eabi/7.3.1/../../../../arm-none-eabi/lib/thumb/v7e-m/fpv4-sp/hard/crt0.o
LOAD Drivers/STM32F4xx_HAL_Driver/Src/stm32f4xx_hal.o
LOAD Drivers/STM32F4xx_HAL_Driver/Src/stm32f4xx_hal_cortex.o
LOAD Drivers/STM32F4xx_HAL_Driver/Src/stm32f4xx_hal_dma.o
LOAD Drivers/STM32F4xx_HAL_Driver/Src/stm32f4xx_hal_dma_ex.o
LOAD Drivers/STM32F4xx_HAL_Driver/Src/stm32f4xx_hal_exti.o
LOAD Drivers/STM32F4xx_HAL_Driver/Src/stm32f4xx_hal_flash.o
LOAD Drivers/STM32F4xx_HAL_Driver/Src/stm32f4xx_hal_flash_ex.o
LOAD Drivers/STM32F4xx_HAL_Driver/Src/stm32f4xx_hal_flash_ramfunc.o
LOAD Drivers/STM32F4xx_HAL_Driver/Src/stm32f4xx_hal_gpio.o
LOAD Drivers/STM32F4xx_HAL_Driver/Src/stm32f4xx_hal_hcd.o
LOAD Drivers/STM32F4xx_HAL_Driver/Src/stm32f4xx_hal_i2c.o
LOAD Drivers/STM32F4xx_HAL_Driver/Src/stm32f4xx_hal_i2c_ex.o
LOAD Drivers/STM32F4xx_HAL_Driver/Src/stm32f4xx_hal_pwr.o
LOAD Drivers/STM32F4xx_HAL_Driver/Src/stm32f4xx_hal_pwr_ex.o
LOAD Drivers/STM32F4xx_HAL_Driver/Src/stm32f4xx_hal_rcc.o
LOAD Drivers/STM32F4xx_HAL_Driver/Src/stm32f4xx_hal_rcc_ex.o
LOAD Drivers/STM32F4xx_HAL_Driver/Src/stm32f4xx_hal_spi.o
LOAD Drivers/STM32F4xx_HAL_Driver/Src/stm32f4xx_hal_tim.o
LOAD Drivers/STM32F4xx_HAL_Driver/Src/stm32f4xx_hal_tim_ex.o
LOAD Drivers/STM32F4xx_HAL_Driver/Src/stm32f4xx_hal_uart.o
LOAD Drivers/STM32F4xx_HAL_Driver/Src/stm32f4xx_ll_usb.o
LOAD Middlewares/ST/STM32_USB_Host_Library/Class/CDC/Src/usbh_cdc.o
LOAD Middlewares/ST/STM32_USB_Host_Library/Core/Src/usbh_core.o
LOAD Middlewares/ST/STM32_USB_Host_Library/Core/Src/usbh_ctlreq.o
LOAD Middlewares/ST/STM32_USB_Host_Library/Core/Src/usbh_ioreq.o
LOAD Middlewares/ST/STM32_USB_Host_Library/Core/Src/usbh_pipes.o
LOAD Middlewares/Third_Party/FreeRTOS/Source/CMSIS_RTOS/cmsis_os.o
LOAD Middlewares/Third_Party/FreeRTOS/Source/croutine.o
LOAD Middlewares/Third_Party/FreeRTOS/Source/event_groups.o
LOAD Middlewares/Third_Party/FreeRTOS/Source/list.o
LOAD Middlewares/Third_Party/FreeRTOS/Source/queue.o
LOAD Middlewares/Third_Party/FreeRTOS/Source/stream_buffer.o
LOAD Middlewares/Third_Party/FreeRTOS/Source/tasks.o
LOAD Middlewares/Third_Party/FreeRTOS/Source/timers.o
LOAD Middlewares/Third_Party/FreeRTOS/Source/portable/GCC/ARM_CM4F/port.o
LOAD Middlewares/Third_Party/FreeRTOS/Source/portable/MemMang/heap_4.o
LOAD Src/Init_functions.o
LOAD Src/Tasks_functions.o
LOAD Src/freertos.o
LOAD Src/main.o
LOAD Src/stm32f4xx_hal_msp.o
LOAD Src/stm32f4xx_hal_timebase_tim.o
LOAD Src/stm32f4xx_it.o
LOAD Src/syscalls.o
LOAD Src/sysmem.o
LOAD Src/system_stm32f4xx.o
LOAD Src/usb_host.o
LOAD Src/usbh_conf.o
LOAD Src/usbh_platform.o
LOAD Startup/startup_stm32f407vgtx.o
START GROUP
LOAD c:/st/stm32cubeide_1.0.2/stm32cubeide/plugins/com.st.stm32cube.ide.mcu.externaltools.gnu-tools-for-stm32.7-2018-q2-update.win32_1.0.0.201904181610/tools/bin/../lib/gcc/arm-none-eabi/7.3.1/../../../../arm-none-eabi/lib/thumb/v7e-m/fpv4-sp/hard\libc_nano.a
LOAD c:/st/stm32cubeide_1.0.2/stm32cubeide/plugins/com.st.stm32cube.ide.mcu.externaltools.gnu-tools-for-stm32.7-2018-q2-update.win32_1.0.0.201904181610/tools/bin/../lib/gcc/arm-none-eabi/7.3.1/../../../../arm-none-eabi/lib/thumb/v7e-m/fpv4-sp/hard\libm.a
END GROUP
START GROUP
LOAD c:/st/stm32cubeide_1.0.2/stm32cubeide/plugins/com.st.stm32cube.ide.mcu.externaltools.gnu-tools-for-stm32.7-2018-q2-update.win32_1.0.0.201904181610/tools/bin/../lib/gcc/arm-none-eabi/7.3.1/thumb/v7e-m/fpv4-sp/hard\libgcc.a
LOAD c:/st/stm32cubeide_1.0.2/stm32cubeide/plugins/com.st.stm32cube.ide.mcu.externaltools.gnu-tools-for-stm32.7-2018-q2-update.win32_1.0.0.201904181610/tools/bin/../lib/gcc/arm-none-eabi/7.3.1/../../../../arm-none-eabi/lib/thumb/v7e-m/fpv4-sp/hard\libc_nano.a
END GROUP
START GROUP
LOAD c:/st/stm32cubeide_1.0.2/stm32cubeide/plugins/com.st.stm32cube.ide.mcu.externaltools.gnu-tools-for-stm32.7-2018-q2-update.win32_1.0.0.201904181610/tools/bin/../lib/gcc/arm-none-eabi/7.3.1/thumb/v7e-m/fpv4-sp/hard\libgcc.a
LOAD c:/st/stm32cubeide_1.0.2/stm32cubeide/plugins/com.st.stm32cube.ide.mcu.externaltools.gnu-tools-for-stm32.7-2018-q2-update.win32_1.0.0.201904181610/tools/bin/../lib/gcc/arm-none-eabi/7.3.1/../../../../arm-none-eabi/lib/thumb/v7e-m/fpv4-sp/hard\libc_nano.a
LOAD c:/st/stm32cubeide_1.0.2/stm32cubeide/plugins/com.st.stm32cube.ide.mcu.externaltools.gnu-tools-for-stm32.7-2018-q2-update.win32_1.0.0.201904181610/tools/bin/../lib/gcc/arm-none-eabi/7.3.1/../../../../arm-none-eabi/lib/thumb/v7e-m/fpv4-sp/hard\libnosys.a
END GROUP
START GROUP
LOAD c:/st/stm32cubeide_1.0.2/stm32cubeide/plugins/com.st.stm32cube.ide.mcu.externaltools.gnu-tools-for-stm32.7-2018-q2-update.win32_1.0.0.201904181610/tools/bin/../lib/gcc/arm-none-eabi/7.3.1/thumb/v7e-m/fpv4-sp/hard\libgcc.a
LOAD c:/st/stm32cubeide_1.0.2/stm32cubeide/plugins/com.st.stm32cube.ide.mcu.externaltools.gnu-tools-for-stm32.7-2018-q2-update.win32_1.0.0.201904181610/tools/bin/../lib/gcc/arm-none-eabi/7.3.1/../../../../arm-none-eabi/lib/thumb/v7e-m/fpv4-sp/hard\libc_nano.a
LOAD c:/st/stm32cubeide_1.0.2/stm32cubeide/plugins/com.st.stm32cube.ide.mcu.externaltools.gnu-tools-for-stm32.7-2018-q2-update.win32_1.0.0.201904181610/tools/bin/../lib/gcc/arm-none-eabi/7.3.1/../../../../arm-none-eabi/lib/thumb/v7e-m/fpv4-sp/hard\libnosys.a
END GROUP
LOAD c:/st/stm32cubeide_1.0.2/stm32cubeide/plugins/com.st.stm32cube.ide.mcu.externaltools.gnu-tools-for-stm32.7-2018-q2-update.win32_1.0.0.201904181610/tools/bin/../lib/gcc/arm-none-eabi/7.3.1/thumb/v7e-m/fpv4-sp/hard/crtend.o
LOAD c:/st/stm32cubeide_1.0.2/stm32cubeide/plugins/com.st.stm32cube.ide.mcu.externaltools.gnu-tools-for-stm32.7-2018-q2-update.win32_1.0.0.201904181610/tools/bin/../lib/gcc/arm-none-eabi/7.3.1/thumb/v7e-m/fpv4-sp/hard/crtn.o
                0x0000000020020000                _estack = 0x20020000
                0x0000000000000200                _Min_Heap_Size = 0x200
                0x0000000000000400                _Min_Stack_Size = 0x400

.isr_vector     0x0000000008000000      0x188
                0x0000000008000000                . = ALIGN (0x4)
 *(.isr_vector)
 .isr_vector    0x0000000008000000      0x188 Startup/startup_stm32f407vgtx.o
                0x0000000008000000                g_pfnVectors
                0x0000000008000188                . = ALIGN (0x4)

.text           0x0000000008000190     0x8054
                0x0000000008000190                . = ALIGN (0x4)
 *(.text)
 .text          0x0000000008000190       0x40 c:/st/stm32cubeide_1.0.2/stm32cubeide/plugins/com.st.stm32cube.ide.mcu.externaltools.gnu-tools-for-stm32.7-2018-q2-update.win32_1.0.0.201904181610/tools/bin/../lib/gcc/arm-none-eabi/7.3.1/thumb/v7e-m/fpv4-sp/hard/crtbegin.o
 .text          0x00000000080001d0       0x30 c:/st/stm32cubeide_1.0.2/stm32cubeide/plugins/com.st.stm32cube.ide.mcu.externaltools.gnu-tools-for-stm32.7-2018-q2-update.win32_1.0.0.201904181610/tools/bin/../lib/gcc/arm-none-eabi/7.3.1/thumb/v7e-m/fpv4-sp/hard\libgcc.a(_aeabi_uldivmod.o)
                0x00000000080001d0                __aeabi_uldivmod
 .text          0x0000000008000200      0x2cc c:/st/stm32cubeide_1.0.2/stm32cubeide/plugins/com.st.stm32cube.ide.mcu.externaltools.gnu-tools-for-stm32.7-2018-q2-update.win32_1.0.0.201904181610/tools/bin/../lib/gcc/arm-none-eabi/7.3.1/thumb/v7e-m/fpv4-sp/hard\libgcc.a(_udivmoddi4.o)
                0x0000000008000200                __udivmoddi4
 .text          0x00000000080004cc        0x4 c:/st/stm32cubeide_1.0.2/stm32cubeide/plugins/com.st.stm32cube.ide.mcu.externaltools.gnu-tools-for-stm32.7-2018-q2-update.win32_1.0.0.201904181610/tools/bin/../lib/gcc/arm-none-eabi/7.3.1/thumb/v7e-m/fpv4-sp/hard\libgcc.a(_dvmd_tls.o)
                0x00000000080004cc                __aeabi_idiv0
                0x00000000080004cc                __aeabi_ldiv0
 *(.text*)
 .text.HAL_Init
                0x00000000080004d0       0x44 Drivers/STM32F4xx_HAL_Driver/Src/stm32f4xx_hal.o
                0x00000000080004d0                HAL_Init
 .text.HAL_IncTick
                0x0000000008000514       0x28 Drivers/STM32F4xx_HAL_Driver/Src/stm32f4xx_hal.o
                0x0000000008000514                HAL_IncTick
 .text.HAL_GetTick
                0x000000000800053c       0x18 Drivers/STM32F4xx_HAL_Driver/Src/stm32f4xx_hal.o
                0x000000000800053c                HAL_GetTick
 .text.__NVIC_SetPriorityGrouping
                0x0000000008000554       0x48 Drivers/STM32F4xx_HAL_Driver/Src/stm32f4xx_hal_cortex.o
 .text.__NVIC_GetPriorityGrouping
                0x000000000800059c       0x1c Drivers/STM32F4xx_HAL_Driver/Src/stm32f4xx_hal_cortex.o
 .text.__NVIC_EnableIRQ
                0x00000000080005b8       0x3c Drivers/STM32F4xx_HAL_Driver/Src/stm32f4xx_hal_cortex.o
 .text.__NVIC_SetPriority
                0x00000000080005f4       0x54 Drivers/STM32F4xx_HAL_Driver/Src/stm32f4xx_hal_cortex.o
 .text.NVIC_EncodePriority
                0x0000000008000648       0x66 Drivers/STM32F4xx_HAL_Driver/Src/stm32f4xx_hal_cortex.o
 .text.HAL_NVIC_SetPriorityGrouping
                0x00000000080006ae       0x16 Drivers/STM32F4xx_HAL_Driver/Src/stm32f4xx_hal_cortex.o
                0x00000000080006ae                HAL_NVIC_SetPriorityGrouping
 .text.HAL_NVIC_SetPriority
                0x00000000080006c4       0x38 Drivers/STM32F4xx_HAL_Driver/Src/stm32f4xx_hal_cortex.o
                0x00000000080006c4                HAL_NVIC_SetPriority
 .text.HAL_NVIC_EnableIRQ
                0x00000000080006fc       0x1c Drivers/STM32F4xx_HAL_Driver/Src/stm32f4xx_hal_cortex.o
                0x00000000080006fc                HAL_NVIC_EnableIRQ
 .text.HAL_DMA_Abort_IT
                0x0000000008000718       0x44 Drivers/STM32F4xx_HAL_Driver/Src/stm32f4xx_hal_dma.o
                0x0000000008000718                HAL_DMA_Abort_IT
 .text.HAL_GPIO_Init
                0x000000000800075c      0x334 Drivers/STM32F4xx_HAL_Driver/Src/stm32f4xx_hal_gpio.o
                0x000000000800075c                HAL_GPIO_Init
 .text.HAL_GPIO_WritePin
                0x0000000008000a90       0x32 Drivers/STM32F4xx_HAL_Driver/Src/stm32f4xx_hal_gpio.o
                0x0000000008000a90                HAL_GPIO_WritePin
 .text.HAL_GPIO_TogglePin
                0x0000000008000ac2       0x36 Drivers/STM32F4xx_HAL_Driver/Src/stm32f4xx_hal_gpio.o
                0x0000000008000ac2                HAL_GPIO_TogglePin
 .text.HAL_HCD_IRQHandler
                0x0000000008000af8      0x208 Drivers/STM32F4xx_HAL_Driver/Src/stm32f4xx_hal_hcd.o
                0x0000000008000af8                HAL_HCD_IRQHandler
 .text.HAL_HCD_Stop
                0x0000000008000d00       0x3a Drivers/STM32F4xx_HAL_Driver/Src/stm32f4xx_hal_hcd.o
                0x0000000008000d00                HAL_HCD_Stop
 .text.HCD_HC_IN_IRQHandler
                0x0000000008000d3a      0x86a Drivers/STM32F4xx_HAL_Driver/Src/stm32f4xx_hal_hcd.o
 .text.HCD_HC_OUT_IRQHandler
                0x00000000080015a4      0x6ea Drivers/STM32F4xx_HAL_Driver/Src/stm32f4xx_hal_hcd.o
 *fill*         0x0000000008001c8e        0x2 
 .text.HCD_RXQLVL_IRQHandler
                0x0000000008001c90      0x158 Drivers/STM32F4xx_HAL_Driver/Src/stm32f4xx_hal_hcd.o
 .text.HCD_Port_IRQHandler
                0x0000000008001de8       0xe6 Drivers/STM32F4xx_HAL_Driver/Src/stm32f4xx_hal_hcd.o
 *fill*         0x0000000008001ece        0x2 
 .text.HAL_I2C_Init
                0x0000000008001ed0      0x270 Drivers/STM32F4xx_HAL_Driver/Src/stm32f4xx_hal_i2c.o
                0x0000000008001ed0                HAL_I2C_Init
 .text.HAL_RCC_OscConfig
                0x0000000008002140      0x4e0 Drivers/STM32F4xx_HAL_Driver/Src/stm32f4xx_hal_rcc.o
                0x0000000008002140                HAL_RCC_OscConfig
 .text.HAL_RCC_ClockConfig
                0x0000000008002620      0x1cc Drivers/STM32F4xx_HAL_Driver/Src/stm32f4xx_hal_rcc.o
                0x0000000008002620                HAL_RCC_ClockConfig
 .text.HAL_RCC_GetSysClockFreq
                0x00000000080027ec      0x1b0 Drivers/STM32F4xx_HAL_Driver/Src/stm32f4xx_hal_rcc.o
                0x00000000080027ec                HAL_RCC_GetSysClockFreq
 .text.HAL_RCC_GetHCLKFreq
                0x000000000800299c       0x18 Drivers/STM32F4xx_HAL_Driver/Src/stm32f4xx_hal_rcc.o
                0x000000000800299c                HAL_RCC_GetHCLKFreq
 .text.HAL_RCC_GetPCLK1Freq
                0x00000000080029b4       0x28 Drivers/STM32F4xx_HAL_Driver/Src/stm32f4xx_hal_rcc.o
                0x00000000080029b4                HAL_RCC_GetPCLK1Freq
 .text.HAL_RCC_GetPCLK2Freq
                0x00000000080029dc       0x28 Drivers/STM32F4xx_HAL_Driver/Src/stm32f4xx_hal_rcc.o
                0x00000000080029dc                HAL_RCC_GetPCLK2Freq
 .text.HAL_RCC_GetClockConfig
                0x0000000008002a04       0x64 Drivers/STM32F4xx_HAL_Driver/Src/stm32f4xx_hal_rcc.o
                0x0000000008002a04                HAL_RCC_GetClockConfig
 .text.HAL_SPI_Init
                0x0000000008002a68       0xc8 Drivers/STM32F4xx_HAL_Driver/Src/stm32f4xx_hal_spi.o
                0x0000000008002a68                HAL_SPI_Init
 .text.HAL_TIM_Base_Init
                0x0000000008002b30       0x56 Drivers/STM32F4xx_HAL_Driver/Src/stm32f4xx_hal_tim.o
                0x0000000008002b30                HAL_TIM_Base_Init
 .text.HAL_TIM_Base_MspInit
                0x0000000008002b86       0x14 Drivers/STM32F4xx_HAL_Driver/Src/stm32f4xx_hal_tim.o
                0x0000000008002b86                HAL_TIM_Base_MspInit
 .text.HAL_TIM_Base_Start_IT
                0x0000000008002b9a       0x48 Drivers/STM32F4xx_HAL_Driver/Src/stm32f4xx_hal_tim.o
                0x0000000008002b9a                HAL_TIM_Base_Start_IT
 .text.HAL_TIM_IRQHandler
                0x0000000008002be2      0x210 Drivers/STM32F4xx_HAL_Driver/Src/stm32f4xx_hal_tim.o
                0x0000000008002be2                HAL_TIM_IRQHandler
 .text.HAL_TIM_OC_DelayElapsedCallback
                0x0000000008002df2       0x14 Drivers/STM32F4xx_HAL_Driver/Src/stm32f4xx_hal_tim.o
                0x0000000008002df2                HAL_TIM_OC_DelayElapsedCallback
 .text.HAL_TIM_IC_CaptureCallback
                0x0000000008002e06       0x14 Drivers/STM32F4xx_HAL_Driver/Src/stm32f4xx_hal_tim.o
                0x0000000008002e06                HAL_TIM_IC_CaptureCallback
 .text.HAL_TIM_PWM_PulseFinishedCallback
                0x0000000008002e1a       0x14 Drivers/STM32F4xx_HAL_Driver/Src/stm32f4xx_hal_tim.o
                0x0000000008002e1a                HAL_TIM_PWM_PulseFinishedCallback
 .text.HAL_TIM_TriggerCallback
                0x0000000008002e2e       0x14 Drivers/STM32F4xx_HAL_Driver/Src/stm32f4xx_hal_tim.o
                0x0000000008002e2e                HAL_TIM_TriggerCallback
 *fill*         0x0000000008002e42        0x2 
 .text.TIM_Base_SetConfig
                0x0000000008002e44      0x140 Drivers/STM32F4xx_HAL_Driver/Src/stm32f4xx_hal_tim.o
                0x0000000008002e44                TIM_Base_SetConfig
 .text.HAL_TIMEx_CommutCallback
                0x0000000008002f84       0x14 Drivers/STM32F4xx_HAL_Driver/Src/stm32f4xx_hal_tim_ex.o
                0x0000000008002f84                HAL_TIMEx_CommutCallback
 .text.HAL_TIMEx_BreakCallback
                0x0000000008002f98       0x14 Drivers/STM32F4xx_HAL_Driver/Src/stm32f4xx_hal_tim_ex.o
                0x0000000008002f98                HAL_TIMEx_BreakCallback
 .text.HAL_UART_Init
                0x0000000008002fac       0x9a Drivers/STM32F4xx_HAL_Driver/Src/stm32f4xx_hal_uart.o
                0x0000000008002fac                HAL_UART_Init
 .text.HAL_UART_Transmit
                0x0000000008003046      0x132 Drivers/STM32F4xx_HAL_Driver/Src/stm32f4xx_hal_uart.o
                0x0000000008003046                HAL_UART_Transmit
 .text.HAL_UART_IRQHandler
                0x0000000008003178      0x200 Drivers/STM32F4xx_HAL_Driver/Src/stm32f4xx_hal_uart.o
                0x0000000008003178                HAL_UART_IRQHandler
 .text.HAL_UART_TxCpltCallback
                0x0000000008003378       0x14 Drivers/STM32F4xx_HAL_Driver/Src/stm32f4xx_hal_uart.o
                0x0000000008003378                HAL_UART_TxCpltCallback
 .text.HAL_UART_RxCpltCallback
                0x000000000800338c       0x14 Drivers/STM32F4xx_HAL_Driver/Src/stm32f4xx_hal_uart.o
                0x000000000800338c                HAL_UART_RxCpltCallback
 .text.HAL_UART_ErrorCallback
                0x00000000080033a0       0x14 Drivers/STM32F4xx_HAL_Driver/Src/stm32f4xx_hal_uart.o
                0x00000000080033a0                HAL_UART_ErrorCallback
 .text.UART_WaitOnFlagUntilTimeout
                0x00000000080033b4       0x94 Drivers/STM32F4xx_HAL_Driver/Src/stm32f4xx_hal_uart.o
 .text.UART_EndRxTransfer
                0x0000000008003448       0x3c Drivers/STM32F4xx_HAL_Driver/Src/stm32f4xx_hal_uart.o
 .text.UART_DMAAbortOnError
                0x0000000008003484       0x28 Drivers/STM32F4xx_HAL_Driver/Src/stm32f4xx_hal_uart.o
 .text.UART_Transmit_IT
                0x00000000080034ac       0xac Drivers/STM32F4xx_HAL_Driver/Src/stm32f4xx_hal_uart.o
 .text.UART_EndTransmit_IT
                0x0000000008003558       0x30 Drivers/STM32F4xx_HAL_Driver/Src/stm32f4xx_hal_uart.o
 .text.UART_Receive_IT
                0x0000000008003588      0x102 Drivers/STM32F4xx_HAL_Driver/Src/stm32f4xx_hal_uart.o
 *fill*         0x000000000800368a        0x2 
 .text.UART_SetConfig
                0x000000000800368c      0x6f8 Drivers/STM32F4xx_HAL_Driver/Src/stm32f4xx_hal_uart.o
 .text.USB_EnableGlobalInt
                0x0000000008003d84       0x22 Drivers/STM32F4xx_HAL_Driver/Src/stm32f4xx_ll_usb.o
                0x0000000008003d84                USB_EnableGlobalInt
 .text.USB_DisableGlobalInt
                0x0000000008003da6       0x22 Drivers/STM32F4xx_HAL_Driver/Src/stm32f4xx_ll_usb.o
                0x0000000008003da6                USB_DisableGlobalInt
 .text.USB_FlushTxFifo
                0x0000000008003dc8       0x4c Drivers/STM32F4xx_HAL_Driver/Src/stm32f4xx_ll_usb.o
                0x0000000008003dc8                USB_FlushTxFifo
 .text.USB_FlushRxFifo
                0x0000000008003e14       0x44 Drivers/STM32F4xx_HAL_Driver/Src/stm32f4xx_ll_usb.o
                0x0000000008003e14                USB_FlushRxFifo
 .text.USB_ReadPacket
                0x0000000008003e58       0x52 Drivers/STM32F4xx_HAL_Driver/Src/stm32f4xx_ll_usb.o
                0x0000000008003e58                USB_ReadPacket
 .text.USB_ReadInterrupts
                0x0000000008003eaa       0x26 Drivers/STM32F4xx_HAL_Driver/Src/stm32f4xx_ll_usb.o
                0x0000000008003eaa                USB_ReadInterrupts
 .text.USB_GetMode
                0x0000000008003ed0       0x1c Drivers/STM32F4xx_HAL_Driver/Src/stm32f4xx_ll_usb.o
                0x0000000008003ed0                USB_GetMode
 .text.USB_InitFSLSPClkSel
                0x0000000008003eec       0x74 Drivers/STM32F4xx_HAL_Driver/Src/stm32f4xx_ll_usb.o
                0x0000000008003eec                USB_InitFSLSPClkSel
 .text.USB_HC_ReadInterrupt
                0x0000000008003f60       0x22 Drivers/STM32F4xx_HAL_Driver/Src/stm32f4xx_ll_usb.o
                0x0000000008003f60                USB_HC_ReadInterrupt
 .text.USB_HC_Halt
                0x0000000008003f82      0x1fe Drivers/STM32F4xx_HAL_Driver/Src/stm32f4xx_ll_usb.o
                0x0000000008003f82                USB_HC_Halt
 .text.USB_StopHost
                0x0000000008004180      0x10c Drivers/STM32F4xx_HAL_Driver/Src/stm32f4xx_ll_usb.o
                0x0000000008004180                USB_StopHost
 .text.USBH_LL_IncTimer
                0x000000000800428c       0x24 Middlewares/ST/STM32_USB_Host_Library/Core/Src/usbh_core.o
                0x000000000800428c                USBH_LL_IncTimer
 .text.USBH_HandleSof
                0x00000000080042b0       0x30 Middlewares/ST/STM32_USB_Host_Library/Core/Src/usbh_core.o
 .text.USBH_LL_PortEnabled
                0x00000000080042e0       0x34 Middlewares/ST/STM32_USB_Host_Library/Core/Src/usbh_core.o
                0x00000000080042e0                USBH_LL_PortEnabled
 .text.USBH_LL_PortDisabled
                0x0000000008004314       0x1c Middlewares/ST/STM32_USB_Host_Library/Core/Src/usbh_core.o
                0x0000000008004314                USBH_LL_PortDisabled
 .text.USBH_LL_Connect
                0x0000000008004330       0x46 Middlewares/ST/STM32_USB_Host_Library/Core/Src/usbh_core.o
                0x0000000008004330                USBH_LL_Connect
 .text.USBH_LL_Disconnect
                0x0000000008004376       0x64 Middlewares/ST/STM32_USB_Host_Library/Core/Src/usbh_core.o
                0x0000000008004376                USBH_LL_Disconnect
 .text.USBH_LL_NotifyURBChange
                0x00000000080043da       0x2e Middlewares/ST/STM32_USB_Host_Library/Core/Src/usbh_core.o
                0x00000000080043da                USBH_LL_NotifyURBChange
 .text.USBH_FreePipe
                0x0000000008004408       0x3c Middlewares/ST/STM32_USB_Host_Library/Core/Src/usbh_pipes.o
                0x0000000008004408                USBH_FreePipe
 .text.makeFreeRtosPriority
                0x0000000008004444       0x30 Middlewares/Third_Party/FreeRTOS/Source/CMSIS_RTOS/cmsis_os.o
 .text.inHandlerMode
                0x0000000008004474       0x24 Middlewares/Third_Party/FreeRTOS/Source/CMSIS_RTOS/cmsis_os.o
 .text.osKernelStart
                0x0000000008004498        0xe Middlewares/Third_Party/FreeRTOS/Source/CMSIS_RTOS/cmsis_os.o
                0x0000000008004498                osKernelStart
 .text.osThreadCreate
                0x00000000080044a6       0x98 Middlewares/Third_Party/FreeRTOS/Source/CMSIS_RTOS/cmsis_os.o
                0x00000000080044a6                osThreadCreate
 .text.osDelay  0x000000000800453e       0x28 Middlewares/Third_Party/FreeRTOS/Source/CMSIS_RTOS/cmsis_os.o
                0x000000000800453e                osDelay
 .text.osMutexCreate
                0x0000000008004566       0x30 Middlewares/Third_Party/FreeRTOS/Source/CMSIS_RTOS/cmsis_os.o
                0x0000000008004566                osMutexCreate
 .text.osSemaphoreCreate
                0x0000000008004596       0x66 Middlewares/Third_Party/FreeRTOS/Source/CMSIS_RTOS/cmsis_os.o
                0x0000000008004596                osSemaphoreCreate
 .text.osMessageCreate
                0x00000000080045fc       0x52 Middlewares/Third_Party/FreeRTOS/Source/CMSIS_RTOS/cmsis_os.o
                0x00000000080045fc                osMessageCreate
 *fill*         0x000000000800464e        0x2 
 .text.osMessagePut
                0x0000000008004650       0x80 Middlewares/Third_Party/FreeRTOS/Source/CMSIS_RTOS/cmsis_os.o
                0x0000000008004650                osMessagePut
 .text.vListInitialise
                0x00000000080046d0       0x40 Middlewares/Third_Party/FreeRTOS/Source/list.o
                0x00000000080046d0                vListInitialise
 .text.vListInitialiseItem
                0x0000000008004710       0x1a Middlewares/Third_Party/FreeRTOS/Source/list.o
                0x0000000008004710                vListInitialiseItem
 .text.vListInsertEnd
                0x000000000800472a       0x48 Middlewares/Third_Party/FreeRTOS/Source/list.o
                0x000000000800472a                vListInsertEnd
 .text.vListInsert
                0x0000000008004772       0x72 Middlewares/Third_Party/FreeRTOS/Source/list.o
                0x0000000008004772                vListInsert
 .text.uxListRemove
                0x00000000080047e4       0x54 Middlewares/Third_Party/FreeRTOS/Source/list.o
                0x00000000080047e4                uxListRemove
 .text.xQueueGenericReset
                0x0000000008004838       0xd0 Middlewares/Third_Party/FreeRTOS/Source/queue.o
                0x0000000008004838                xQueueGenericReset
 .text.xQueueGenericCreateStatic
                0x0000000008004908       0xe6 Middlewares/Third_Party/FreeRTOS/Source/queue.o
                0x0000000008004908                xQueueGenericCreateStatic
 .text.xQueueGenericCreate
                0x00000000080049ee       0x7e Middlewares/Third_Party/FreeRTOS/Source/queue.o
                0x00000000080049ee                xQueueGenericCreate
 .text.prvInitialiseNewQueue
                0x0000000008004a6c       0x3e Middlewares/Third_Party/FreeRTOS/Source/queue.o
 .text.prvInitialiseMutex
                0x0000000008004aaa       0x34 Middlewares/Third_Party/FreeRTOS/Source/queue.o
 .text.xQueueCreateMutex
                0x0000000008004ade       0x30 Middlewares/Third_Party/FreeRTOS/Source/queue.o
                0x0000000008004ade                xQueueCreateMutex
 .text.xQueueCreateMutexStatic
                0x0000000008004b0e       0x36 Middlewares/Third_Party/FreeRTOS/Source/queue.o
                0x0000000008004b0e                xQueueCreateMutexStatic
 .text.xQueueGenericSend
                0x0000000008004b44      0x1f4 Middlewares/Third_Party/FreeRTOS/Source/queue.o
                0x0000000008004b44                xQueueGenericSend
 .text.xQueueGenericSendFromISR
                0x0000000008004d38      0x128 Middlewares/Third_Party/FreeRTOS/Source/queue.o
                0x0000000008004d38                xQueueGenericSendFromISR
 .text.xQueueReceive
                0x0000000008004e60      0x1b8 Middlewares/Third_Party/FreeRTOS/Source/queue.o
                0x0000000008004e60                xQueueReceive
 .text.xQueueSemaphoreTake
                0x0000000008005018      0x210 Middlewares/Third_Party/FreeRTOS/Source/queue.o
                0x0000000008005018                xQueueSemaphoreTake
 .text.prvGetDisinheritPriorityAfterTimeout
                0x0000000008005228       0x30 Middlewares/Third_Party/FreeRTOS/Source/queue.o
 .text.prvCopyDataToQueue
                0x0000000008005258       0xd4 Middlewares/Third_Party/FreeRTOS/Source/queue.o
 .text.prvCopyDataFromQueue
                0x000000000800532c       0x4c Middlewares/Third_Party/FreeRTOS/Source/queue.o
 .text.prvUnlockQueue
                0x0000000008005378       0xa4 Middlewares/Third_Party/FreeRTOS/Source/queue.o
 .text.prvIsQueueEmpty
                0x000000000800541c       0x2c Middlewares/Third_Party/FreeRTOS/Source/queue.o
 .text.prvIsQueueFull
                0x0000000008005448       0x30 Middlewares/Third_Party/FreeRTOS/Source/queue.o
 .text.xTaskCreateStatic
                0x0000000008005478       0xb4 Middlewares/Third_Party/FreeRTOS/Source/tasks.o
                0x0000000008005478                xTaskCreateStatic
 .text.xTaskCreate
                0x000000000800552c       0x8a Middlewares/Third_Party/FreeRTOS/Source/tasks.o
                0x000000000800552c                xTaskCreate
 .text.prvInitialiseNewTask
                0x00000000080055b6      0x10c Middlewares/Third_Party/FreeRTOS/Source/tasks.o
 *fill*         0x00000000080056c2        0x2 
 .text.prvAddNewTaskToReadyList
                0x00000000080056c4       0xd4 Middlewares/Third_Party/FreeRTOS/Source/tasks.o
 .text.vTaskDelay
                0x0000000008005798       0x68 Middlewares/Third_Party/FreeRTOS/Source/tasks.o
                0x0000000008005798                vTaskDelay
 .text.vTaskStartScheduler
                0x0000000008005800       0xbc Middlewares/Third_Party/FreeRTOS/Source/tasks.o
                0x0000000008005800                vTaskStartScheduler
 .text.vTaskSuspendAll
                0x00000000080058bc       0x1c Middlewares/Third_Party/FreeRTOS/Source/tasks.o
                0x00000000080058bc                vTaskSuspendAll
 .text.xTaskResumeAll
                0x00000000080058d8      0x138 Middlewares/Third_Party/FreeRTOS/Source/tasks.o
                0x00000000080058d8                xTaskResumeAll
 .text.xTaskIncrementTick
                0x0000000008005a10      0x170 Middlewares/Third_Party/FreeRTOS/Source/tasks.o
                0x0000000008005a10                xTaskIncrementTick
 .text.vTaskSwitchContext
                0x0000000008005b80       0xb4 Middlewares/Third_Party/FreeRTOS/Source/tasks.o
                0x0000000008005b80                vTaskSwitchContext
 .text.vTaskPlaceOnEventList
                0x0000000008005c34       0x48 Middlewares/Third_Party/FreeRTOS/Source/tasks.o
                0x0000000008005c34                vTaskPlaceOnEventList
 .text.xTaskRemoveFromEventList
                0x0000000008005c7c       0xc4 Middlewares/Third_Party/FreeRTOS/Source/tasks.o
                0x0000000008005c7c                xTaskRemoveFromEventList
 .text.vTaskInternalSetTimeOutState
                0x0000000008005d40       0x2c Middlewares/Third_Party/FreeRTOS/Source/tasks.o
                0x0000000008005d40                vTaskInternalSetTimeOutState
 .text.xTaskCheckForTimeOut
                0x0000000008005d6c       0xc0 Middlewares/Third_Party/FreeRTOS/Source/tasks.o
                0x0000000008005d6c                xTaskCheckForTimeOut
 .text.vTaskMissedYield
                0x0000000008005e2c       0x18 Middlewares/Third_Party/FreeRTOS/Source/tasks.o
                0x0000000008005e2c                vTaskMissedYield
 .text.prvIdleTask
                0x0000000008005e44       0x34 Middlewares/Third_Party/FreeRTOS/Source/tasks.o
 .text.prvInitialiseTaskLists
                0x0000000008005e78       0x80 Middlewares/Third_Party/FreeRTOS/Source/tasks.o
 .text.prvCheckTasksWaitingTermination
                0x0000000008005ef8       0x58 Middlewares/Third_Party/FreeRTOS/Source/tasks.o
 .text.prvDeleteTCB
                0x0000000008005f50       0x5c Middlewares/Third_Party/FreeRTOS/Source/tasks.o
 .text.prvResetNextTaskUnblockTime
                0x0000000008005fac       0x40 Middlewares/Third_Party/FreeRTOS/Source/tasks.o
 .text.xTaskGetSchedulerState
                0x0000000008005fec       0x3c Middlewares/Third_Party/FreeRTOS/Source/tasks.o
                0x0000000008005fec                xTaskGetSchedulerState
 .text.xTaskPriorityInherit
                0x0000000008006028      0x100 Middlewares/Third_Party/FreeRTOS/Source/tasks.o
                0x0000000008006028                xTaskPriorityInherit
 .text.xTaskPriorityDisinherit
                0x0000000008006128      0x108 Middlewares/Third_Party/FreeRTOS/Source/tasks.o
                0x0000000008006128                xTaskPriorityDisinherit
 .text.vTaskPriorityDisinheritAfterTimeout
                0x0000000008006230      0x130 Middlewares/Third_Party/FreeRTOS/Source/tasks.o
                0x0000000008006230                vTaskPriorityDisinheritAfterTimeout
 .text.pvTaskIncrementMutexHeldCount
                0x0000000008006360       0x28 Middlewares/Third_Party/FreeRTOS/Source/tasks.o
                0x0000000008006360                pvTaskIncrementMutexHeldCount
 .text.prvAddCurrentTaskToDelayedList
                0x0000000008006388       0xcc Middlewares/Third_Party/FreeRTOS/Source/tasks.o
 .text.pxPortInitialiseStack
                0x0000000008006454       0x68 Middlewares/Third_Party/FreeRTOS/Source/portable/GCC/ARM_CM4F/port.o
                0x0000000008006454                pxPortInitialiseStack
 .text.prvTaskExitError
                0x00000000080064bc       0x54 Middlewares/Third_Party/FreeRTOS/Source/portable/GCC/ARM_CM4F/port.o
 .text.SVC_Handler
                0x0000000008006510       0x28 Middlewares/Third_Party/FreeRTOS/Source/portable/GCC/ARM_CM4F/port.o
                0x0000000008006510                SVC_Handler
 .text.prvPortStartFirstTask
                0x0000000008006538       0x28 Middlewares/Third_Party/FreeRTOS/Source/portable/GCC/ARM_CM4F/port.o
 .text.xPortStartScheduler
                0x0000000008006560      0x13c Middlewares/Third_Party/FreeRTOS/Source/portable/GCC/ARM_CM4F/port.o
                0x0000000008006560                xPortStartScheduler
 .text.vPortEnterCritical
                0x000000000800669c       0x5c Middlewares/Third_Party/FreeRTOS/Source/portable/GCC/ARM_CM4F/port.o
                0x000000000800669c                vPortEnterCritical
 .text.vPortExitCritical
                0x00000000080066f8       0x50 Middlewares/Third_Party/FreeRTOS/Source/portable/GCC/ARM_CM4F/port.o
                0x00000000080066f8                vPortExitCritical
 *fill*         0x0000000008006748        0x8 
 .text.PendSV_Handler
                0x0000000008006750       0x68 Middlewares/Third_Party/FreeRTOS/Source/portable/GCC/ARM_CM4F/port.o
                0x0000000008006750                PendSV_Handler
 .text.SysTick_Handler
                0x00000000080067b8       0x40 Middlewares/Third_Party/FreeRTOS/Source/portable/GCC/ARM_CM4F/port.o
                0x00000000080067b8                SysTick_Handler
 .text.vPortSetupTimerInterrupt
                0x00000000080067f8       0x48 Middlewares/Third_Party/FreeRTOS/Source/portable/GCC/ARM_CM4F/port.o
                0x00000000080067f8                vPortSetupTimerInterrupt
 .text.vPortEnableVFP
                0x0000000008006840       0x14 Middlewares/Third_Party/FreeRTOS/Source/portable/GCC/ARM_CM4F/port.o
 .text.vPortValidateInterruptPriority
                0x0000000008006854       0x7c Middlewares/Third_Party/FreeRTOS/Source/portable/GCC/ARM_CM4F/port.o
                0x0000000008006854                vPortValidateInterruptPriority
 .text.pvPortMalloc
                0x00000000080068d0      0x184 Middlewares/Third_Party/FreeRTOS/Source/portable/MemMang/heap_4.o
                0x00000000080068d0                pvPortMalloc
 .text.vPortFree
                0x0000000008006a54       0xb0 Middlewares/Third_Party/FreeRTOS/Source/portable/MemMang/heap_4.o
                0x0000000008006a54                vPortFree
 .text.prvHeapInit
                0x0000000008006b04       0xc4 Middlewares/Third_Party/FreeRTOS/Source/portable/MemMang/heap_4.o
 .text.prvInsertBlockIntoFreeList
                0x0000000008006bc8       0xb4 Middlewares/Third_Party/FreeRTOS/Source/portable/MemMang/heap_4.o
 .text.SystemClock_Config
                0x0000000008006c7c       0xd4 Src/Init_functions.o
                0x0000000008006c7c                SystemClock_Config
 .text.MX_GPIO_Init
                0x0000000008006d50      0x1cc Src/Init_functions.o
                0x0000000008006d50                MX_GPIO_Init
 .text.MX_I2C1_Init
                0x0000000008006f1c       0x5c Src/Init_functions.o
                0x0000000008006f1c                MX_I2C1_Init
 .text.MX_SPI1_Init
                0x0000000008006f78       0x6c Src/Init_functions.o
                0x0000000008006f78                MX_SPI1_Init
 .text.MX_USART2_UART_Init
                0x0000000008006fe4       0x64 Src/Init_functions.o
                0x0000000008006fe4                MX_USART2_UART_Init
 .text.MX_USART3_UART_Init
                0x0000000008007048       0x64 Src/Init_functions.o
                0x0000000008007048                MX_USART3_UART_Init
 .text.MX_USART6_UART_Init
                0x00000000080070ac       0x74 Src/Init_functions.o
                0x00000000080070ac                MX_USART6_UART_Init
 .text.HAL_TIM_PeriodElapsedCallback
                0x0000000008007120       0x1e Src/Init_functions.o
                0x0000000008007120                HAL_TIM_PeriodElapsedCallback
 .text.Error_Handler
                0x000000000800713e        0xe Src/Init_functions.o
                0x000000000800713e                Error_Handler
 .text.ComputeCRC16
                0x000000000800714c       0x84 Src/Tasks_functions.o
                0x000000000800714c                ComputeCRC16
 .text.StartDefaultTask
                0x00000000080071d0       0x10 Src/Tasks_functions.o
                0x00000000080071d0                StartDefaultTask
 .text.Startcounter_1s_Task
                0x00000000080071e0       0x20 Src/Tasks_functions.o
                0x00000000080071e0                Startcounter_1s_Task
 .text.Start_uart2_Rx_handle
                0x0000000008007200       0x30 Src/Tasks_functions.o
                0x0000000008007200                Start_uart2_Rx_handle
 .text.Start_uart3_Rx_handle
                0x0000000008007230      0x148 Src/Tasks_functions.o
                0x0000000008007230                Start_uart3_Rx_handle
 .text.Start_uart3_Tx1_handle
                0x0000000008007378      0x14c Src/Tasks_functions.o
                0x0000000008007378                Start_uart3_Tx1_handle
 .text.Start_uart3_Tx2_handle
                0x00000000080074c4      0x114 Src/Tasks_functions.o
                0x00000000080074c4                Start_uart3_Tx2_handle
 .text.Start_CO2_Tx_handle
                0x00000000080075d8       0x64 Src/Tasks_functions.o
                0x00000000080075d8                Start_CO2_Tx_handle
 .text.Start_CO2_Rx_handle
                0x000000000800763c      0x134 Src/Tasks_functions.o
                0x000000000800763c                Start_CO2_Rx_handle
 .text.vApplicationIdleHook
                0x0000000008007770        0xe Src/freertos.o
                0x0000000008007770                vApplicationIdleHook
 *fill*         0x000000000800777e        0x2 
 .text.vApplicationGetIdleTaskMemory
                0x0000000008007780       0x34 Src/freertos.o
                0x0000000008007780                vApplicationGetIdleTaskMemory
 .text.main     0x00000000080077b4      0x2d8 Src/main.o
                0x00000000080077b4                main
 .text.USART2_IRQHandler
                0x0000000008007a8c        0xe Src/main.o
                0x0000000008007a8c                USART2_IRQHandler
 *fill*         0x0000000008007a9a        0x2 
 .text.USART3_IRQHandler
                0x0000000008007a9c       0x54 Src/main.o
                0x0000000008007a9c                USART3_IRQHandler
 .text.USART6_IRQHandler
                0x0000000008007af0       0x4c Src/main.o
                0x0000000008007af0                USART6_IRQHandler
 .text.HAL_MspInit
                0x0000000008007b3c       0x58 Src/stm32f4xx_hal_msp.o
                0x0000000008007b3c                HAL_MspInit
 .text.HAL_I2C_MspInit
                0x0000000008007b94       0x90 Src/stm32f4xx_hal_msp.o
                0x0000000008007b94                HAL_I2C_MspInit
 .text.HAL_SPI_MspInit
                0x0000000008007c24       0x90 Src/stm32f4xx_hal_msp.o
                0x0000000008007c24                HAL_SPI_MspInit
 .text.HAL_UART_MspInit
                0x0000000008007cb4      0x198 Src/stm32f4xx_hal_msp.o
                0x0000000008007cb4                HAL_UART_MspInit
 .text.HAL_InitTick
                0x0000000008007e4c       0xb4 Src/stm32f4xx_hal_timebase_tim.o
                0x0000000008007e4c                HAL_InitTick
 .text.NMI_Handler
                0x0000000008007f00        0xe Src/stm32f4xx_it.o
                0x0000000008007f00                NMI_Handler
 .text.HardFault_Handler
                0x0000000008007f0e        0x6 Src/stm32f4xx_it.o
                0x0000000008007f0e                HardFault_Handler
 .text.MemManage_Handler
                0x0000000008007f14        0x6 Src/stm32f4xx_it.o
                0x0000000008007f14                MemManage_Handler
 .text.BusFault_Handler
                0x0000000008007f1a        0x6 Src/stm32f4xx_it.o
                0x0000000008007f1a                BusFault_Handler
 .text.UsageFault_Handler
                0x0000000008007f20        0x6 Src/stm32f4xx_it.o
                0x0000000008007f20                UsageFault_Handler
 .text.DebugMon_Handler
                0x0000000008007f26        0xe Src/stm32f4xx_it.o
                0x0000000008007f26                DebugMon_Handler
 .text.TIM2_IRQHandler
                0x0000000008007f34       0x14 Src/stm32f4xx_it.o
                0x0000000008007f34                TIM2_IRQHandler
 .text.OTG_FS_IRQHandler
                0x0000000008007f48       0x14 Src/stm32f4xx_it.o
                0x0000000008007f48                OTG_FS_IRQHandler
 .text.SystemInit
                0x0000000008007f5c       0x6c Src/system_stm32f4xx.o
                0x0000000008007f5c                SystemInit
 .text.HAL_HCD_SOF_Callback
                0x0000000008007fc8       0x1c Src/usbh_conf.o
                0x0000000008007fc8                HAL_HCD_SOF_Callback
 .text.HAL_HCD_Connect_Callback
                0x0000000008007fe4       0x1c Src/usbh_conf.o
                0x0000000008007fe4                HAL_HCD_Connect_Callback
 .text.HAL_HCD_Disconnect_Callback
                0x0000000008008000       0x1c Src/usbh_conf.o
                0x0000000008008000                HAL_HCD_Disconnect_Callback
 .text.HAL_HCD_HC_NotifyURBChange_Callback
                0x000000000800801c       0x24 Src/usbh_conf.o
                0x000000000800801c                HAL_HCD_HC_NotifyURBChange_Callback
 .text.HAL_HCD_PortEnabled_Callback
                0x0000000008008040       0x1c Src/usbh_conf.o
                0x0000000008008040                HAL_HCD_PortEnabled_Callback
 .text.HAL_HCD_PortDisabled_Callback
                0x000000000800805c       0x1c Src/usbh_conf.o
                0x000000000800805c                HAL_HCD_PortDisabled_Callback
 .text.USBH_LL_Stop
                0x0000000008008078       0x36 Src/usbh_conf.o
                0x0000000008008078                USBH_LL_Stop
 *fill*         0x00000000080080ae        0x2 
 .text.USBH_Get_USB_Status
                0x00000000080080b0       0x58 Src/usbh_conf.o
                0x00000000080080b0                USBH_Get_USB_Status
 .text.Reset_Handler
                0x0000000008008108       0x50 Startup/startup_stm32f407vgtx.o
                0x0000000008008108                Reset_Handler
 .text.Default_Handler
                0x0000000008008158        0x2 Startup/startup_stm32f407vgtx.o
                0x0000000008008158                RTC_Alarm_IRQHandler
                0x0000000008008158                HASH_RNG_IRQHandler
                0x0000000008008158                EXTI2_IRQHandler
                0x0000000008008158                TIM8_CC_IRQHandler
                0x0000000008008158                TIM1_CC_IRQHandler
                0x0000000008008158                DMA2_Stream5_IRQHandler
                0x0000000008008158                DMA1_Stream5_IRQHandler
                0x0000000008008158                PVD_IRQHandler
                0x0000000008008158                SDIO_IRQHandler
                0x0000000008008158                TAMP_STAMP_IRQHandler
                0x0000000008008158                CAN2_RX1_IRQHandler
                0x0000000008008158                EXTI3_IRQHandler
                0x0000000008008158                TIM8_TRG_COM_TIM14_IRQHandler
                0x0000000008008158                TIM1_UP_TIM10_IRQHandler
                0x0000000008008158                TIM8_UP_TIM13_IRQHandler
                0x0000000008008158                I2C3_ER_IRQHandler
                0x0000000008008158                EXTI0_IRQHandler
                0x0000000008008158                I2C2_EV_IRQHandler
                0x0000000008008158                DMA1_Stream2_IRQHandler
                0x0000000008008158                CAN1_RX0_IRQHandler
                0x0000000008008158                FPU_IRQHandler
                0x0000000008008158                OTG_HS_WKUP_IRQHandler
                0x0000000008008158                CAN2_SCE_IRQHandler
                0x0000000008008158                DMA2_Stream2_IRQHandler
                0x0000000008008158                SPI1_IRQHandler
                0x0000000008008158                TIM6_DAC_IRQHandler
                0x0000000008008158                TIM1_BRK_TIM9_IRQHandler
                0x0000000008008158                DCMI_IRQHandler
                0x0000000008008158                CAN2_RX0_IRQHandler
                0x0000000008008158                DMA2_Stream3_IRQHandler
                0x0000000008008158                CAN1_RX1_IRQHandler
                0x0000000008008158                UART5_IRQHandler
                0x0000000008008158                DMA2_Stream0_IRQHandler
                0x0000000008008158                TIM4_IRQHandler
                0x0000000008008158                I2C1_EV_IRQHandler
                0x0000000008008158                DMA1_Stream6_IRQHandler
                0x0000000008008158                DMA1_Stream1_IRQHandler
                0x0000000008008158                UART4_IRQHandler
                0x0000000008008158                TIM3_IRQHandler
                0x0000000008008158                RCC_IRQHandler
                0x0000000008008158                TIM8_BRK_TIM12_IRQHandler
                0x0000000008008158                Default_Handler
                0x0000000008008158                EXTI15_10_IRQHandler
                0x0000000008008158                ADC_IRQHandler
                0x0000000008008158                DMA1_Stream7_IRQHandler
                0x0000000008008158                TIM7_IRQHandler
                0x0000000008008158                CAN2_TX_IRQHandler
                0x0000000008008158                TIM5_IRQHandler
                0x0000000008008158                DMA2_Stream7_IRQHandler
                0x0000000008008158                I2C3_EV_IRQHandler
                0x0000000008008158                EXTI9_5_IRQHandler
                0x0000000008008158                RTC_WKUP_IRQHandler
                0x0000000008008158                ETH_WKUP_IRQHandler
                0x0000000008008158                SPI2_IRQHandler
                0x0000000008008158                OTG_HS_EP1_IN_IRQHandler
                0x0000000008008158                DMA1_Stream0_IRQHandler
                0x0000000008008158                CAN1_TX_IRQHandler
                0x0000000008008158                EXTI4_IRQHandler
                0x0000000008008158                FSMC_IRQHandler
                0x0000000008008158                ETH_IRQHandler
                0x0000000008008158                OTG_HS_EP1_OUT_IRQHandler
                0x0000000008008158                WWDG_IRQHandler
                0x0000000008008158                OTG_FS_WKUP_IRQHandler
                0x0000000008008158                TIM1_TRG_COM_TIM11_IRQHandler
                0x0000000008008158                OTG_HS_IRQHandler
                0x0000000008008158                EXTI1_IRQHandler
                0x0000000008008158                I2C2_ER_IRQHandler
                0x0000000008008158                DMA2_Stream1_IRQHandler
                0x0000000008008158                CAN1_SCE_IRQHandler
                0x0000000008008158                FLASH_IRQHandler
                0x0000000008008158                DMA2_Stream4_IRQHandler
                0x0000000008008158                USART1_IRQHandler
                0x0000000008008158                SPI3_IRQHandler
                0x0000000008008158                DMA1_Stream4_IRQHandler
                0x0000000008008158                I2C1_ER_IRQHandler
                0x0000000008008158                DMA2_Stream6_IRQHandler
                0x0000000008008158                DMA1_Stream3_IRQHandler
 *fill*         0x000000000800815a        0x2 
 .text.__libc_init_array
                0x000000000800815c       0x48 c:/st/stm32cubeide_1.0.2/stm32cubeide/plugins/com.st.stm32cube.ide.mcu.externaltools.gnu-tools-for-stm32.7-2018-q2-update.win32_1.0.0.201904181610/tools/bin/../lib/gcc/arm-none-eabi/7.3.1/../../../../arm-none-eabi/lib/thumb/v7e-m/fpv4-sp/hard\libc_nano.a(lib_a-init.o)
                0x000000000800815c                __libc_init_array
 .text.memcpy   0x00000000080081a4       0x16 c:/st/stm32cubeide_1.0.2/stm32cubeide/plugins/com.st.stm32cube.ide.mcu.externaltools.gnu-tools-for-stm32.7-2018-q2-update.win32_1.0.0.201904181610/tools/bin/../lib/gcc/arm-none-eabi/7.3.1/../../../../arm-none-eabi/lib/thumb/v7e-m/fpv4-sp/hard\libc_nano.a(lib_a-memcpy-stub.o)
                0x00000000080081a4                memcpy
 .text.memset   0x00000000080081ba       0x10 c:/st/stm32cubeide_1.0.2/stm32cubeide/plugins/com.st.stm32cube.ide.mcu.externaltools.gnu-tools-for-stm32.7-2018-q2-update.win32_1.0.0.201904181610/tools/bin/../lib/gcc/arm-none-eabi/7.3.1/../../../../arm-none-eabi/lib/thumb/v7e-m/fpv4-sp/hard\libc_nano.a(lib_a-memset.o)
                0x00000000080081ba                memset
 *(.glue_7)
 .glue_7        0x00000000080081ca        0x0 linker stubs
 *(.glue_7t)
 .glue_7t       0x00000000080081ca        0x0 linker stubs
 *(.eh_frame)
 *fill*         0x00000000080081ca        0x2 
 .eh_frame      0x00000000080081cc        0x0 c:/st/stm32cubeide_1.0.2/stm32cubeide/plugins/com.st.stm32cube.ide.mcu.externaltools.gnu-tools-for-stm32.7-2018-q2-update.win32_1.0.0.201904181610/tools/bin/../lib/gcc/arm-none-eabi/7.3.1/thumb/v7e-m/fpv4-sp/hard/crtbegin.o
 *(.init)
 .init          0x00000000080081cc        0x4 c:/st/stm32cubeide_1.0.2/stm32cubeide/plugins/com.st.stm32cube.ide.mcu.externaltools.gnu-tools-for-stm32.7-2018-q2-update.win32_1.0.0.201904181610/tools/bin/../lib/gcc/arm-none-eabi/7.3.1/thumb/v7e-m/fpv4-sp/hard/crti.o
                0x00000000080081cc                _init
 .init          0x00000000080081d0        0x8 c:/st/stm32cubeide_1.0.2/stm32cubeide/plugins/com.st.stm32cube.ide.mcu.externaltools.gnu-tools-for-stm32.7-2018-q2-update.win32_1.0.0.201904181610/tools/bin/../lib/gcc/arm-none-eabi/7.3.1/thumb/v7e-m/fpv4-sp/hard/crtn.o
 *(.fini)
 .fini          0x00000000080081d8        0x4 c:/st/stm32cubeide_1.0.2/stm32cubeide/plugins/com.st.stm32cube.ide.mcu.externaltools.gnu-tools-for-stm32.7-2018-q2-update.win32_1.0.0.201904181610/tools/bin/../lib/gcc/arm-none-eabi/7.3.1/thumb/v7e-m/fpv4-sp/hard/crti.o
                0x00000000080081d8                _fini
 .fini          0x00000000080081dc        0x8 c:/st/stm32cubeide_1.0.2/stm32cubeide/plugins/com.st.stm32cube.ide.mcu.externaltools.gnu-tools-for-stm32.7-2018-q2-update.win32_1.0.0.201904181610/tools/bin/../lib/gcc/arm-none-eabi/7.3.1/thumb/v7e-m/fpv4-sp/hard/crtn.o
                0x00000000080081e4                . = ALIGN (0x4)
                0x00000000080081e4                _etext = .

.vfp11_veneer   0x00000000080081e4        0x0
 .vfp11_veneer  0x00000000080081e4        0x0 linker stubs

.v4_bx          0x00000000080081e4        0x0
 .v4_bx         0x00000000080081e4        0x0 linker stubs

.iplt           0x00000000080081e4        0x0
 .iplt          0x00000000080081e4        0x0 c:/st/stm32cubeide_1.0.2/stm32cubeide/plugins/com.st.stm32cube.ide.mcu.externaltools.gnu-tools-for-stm32.7-2018-q2-update.win32_1.0.0.201904181610/tools/bin/../lib/gcc/arm-none-eabi/7.3.1/thumb/v7e-m/fpv4-sp/hard/crtbegin.o

.rodata         0x00000000080081e4      0x1c4
                0x00000000080081e4                . = ALIGN (0x4)
 *(.rodata)
 .rodata        0x00000000080081e4        0x5 Middlewares/Third_Party/FreeRTOS/Source/tasks.o
 *fill*         0x00000000080081e9        0x3 
 .rodata        0x00000000080081ec       0x20 Src/Tasks_functions.o
 .rodata        0x000000000800820c      0x184 Src/main.o
 *(.rodata*)
 .rodata.AHBPrescTable
                0x0000000008008390       0x10 Src/system_stm32f4xx.o
                0x0000000008008390                AHBPrescTable
 .rodata.APBPrescTable
                0x00000000080083a0        0x8 Src/system_stm32f4xx.o
                0x00000000080083a0                APBPrescTable
                0x00000000080083a8                . = ALIGN (0x4)

.ARM.extab      0x00000000080083a8        0x0
                0x00000000080083a8                . = ALIGN (0x4)
 *(.ARM.extab* .gnu.linkonce.armextab.*)
                0x00000000080083a8                . = ALIGN (0x4)

.ARM            0x00000000080083a8        0x8
                0x00000000080083a8                . = ALIGN (0x4)
                0x00000000080083a8                __exidx_start = .
 *(.ARM.exidx*)
 .ARM.exidx     0x00000000080083a8        0x8 c:/st/stm32cubeide_1.0.2/stm32cubeide/plugins/com.st.stm32cube.ide.mcu.externaltools.gnu-tools-for-stm32.7-2018-q2-update.win32_1.0.0.201904181610/tools/bin/../lib/gcc/arm-none-eabi/7.3.1/thumb/v7e-m/fpv4-sp/hard\libgcc.a(_udivmoddi4.o)
                0x00000000080083b0                __exidx_end = .
                0x00000000080083b0                . = ALIGN (0x4)

.rel.dyn        0x00000000080083b0        0x0
 .rel.iplt      0x00000000080083b0        0x0 c:/st/stm32cubeide_1.0.2/stm32cubeide/plugins/com.st.stm32cube.ide.mcu.externaltools.gnu-tools-for-stm32.7-2018-q2-update.win32_1.0.0.201904181610/tools/bin/../lib/gcc/arm-none-eabi/7.3.1/thumb/v7e-m/fpv4-sp/hard/crtbegin.o

.preinit_array  0x00000000080083b0        0x0
                0x00000000080083b0                . = ALIGN (0x4)
                0x00000000080083b0                PROVIDE (__preinit_array_start = .)
 *(.preinit_array*)
                0x00000000080083b0                PROVIDE (__preinit_array_end = .)
                0x00000000080083b0                . = ALIGN (0x4)

.init_array     0x00000000080083b0        0x4
                0x00000000080083b0                . = ALIGN (0x4)
                0x00000000080083b0                PROVIDE (__init_array_start = .)
 *(SORT_BY_NAME(.init_array.*))
 *(.init_array*)
 .init_array    0x00000000080083b0        0x4 c:/st/stm32cubeide_1.0.2/stm32cubeide/plugins/com.st.stm32cube.ide.mcu.externaltools.gnu-tools-for-stm32.7-2018-q2-update.win32_1.0.0.201904181610/tools/bin/../lib/gcc/arm-none-eabi/7.3.1/thumb/v7e-m/fpv4-sp/hard/crtbegin.o
                0x00000000080083b4                PROVIDE (__init_array_end = .)
                0x00000000080083b4                . = ALIGN (0x4)

.fini_array     0x00000000080083b4        0x4
                0x00000000080083b4                . = ALIGN (0x4)
                [!provide]                        PROVIDE (__fini_array_start = .)
 *(SORT_BY_NAME(.fini_array.*))
 *(.fini_array*)
 .fini_array    0x00000000080083b4        0x4 c:/st/stm32cubeide_1.0.2/stm32cubeide/plugins/com.st.stm32cube.ide.mcu.externaltools.gnu-tools-for-stm32.7-2018-q2-update.win32_1.0.0.201904181610/tools/bin/../lib/gcc/arm-none-eabi/7.3.1/thumb/v7e-m/fpv4-sp/hard/crtbegin.o
                [!provide]                        PROVIDE (__fini_array_end = .)
                0x00000000080083b8                . = ALIGN (0x4)
                0x00000000080083b8                _sidata = LOADADDR (.data)

.data           0x0000000020000000       0x10 load address 0x00000000080083b8
                0x0000000020000000                . = ALIGN (0x4)
                0x0000000020000000                _sdata = .
 *(.data)
 *(.data*)
 .data.uwTickPrio
                0x0000000020000000        0x4 Drivers/STM32F4xx_HAL_Driver/Src/stm32f4xx_hal.o
                0x0000000020000000                uwTickPrio
 .data.uwTickFreq
                0x0000000020000004        0x1 Drivers/STM32F4xx_HAL_Driver/Src/stm32f4xx_hal.o
                0x0000000020000004                uwTickFreq
 *fill*         0x0000000020000005        0x3 
 .data.uxCriticalNesting
                0x0000000020000008        0x4 Middlewares/Third_Party/FreeRTOS/Source/portable/GCC/ARM_CM4F/port.o
 .data.SystemCoreClock
                0x000000002000000c        0x4 Src/system_stm32f4xx.o
                0x000000002000000c                SystemCoreClock
                0x0000000020000010                . = ALIGN (0x4)
                0x0000000020000010                _edata = .

.igot.plt       0x0000000020000010        0x0 load address 0x00000000080083c8
 .igot.plt      0x0000000020000010        0x0 c:/st/stm32cubeide_1.0.2/stm32cubeide/plugins/com.st.stm32cube.ide.mcu.externaltools.gnu-tools-for-stm32.7-2018-q2-update.win32_1.0.0.201904181610/tools/bin/../lib/gcc/arm-none-eabi/7.3.1/thumb/v7e-m/fpv4-sp/hard/crtbegin.o
                0x0000000020000010                . = ALIGN (0x4)

.bss            0x0000000020000010     0x44d0 load address 0x00000000080083c8
                0x0000000020000010                _sbss = .
                0x0000000020000010                __bss_start__ = _sbss
 *(.bss)
 .bss           0x0000000020000010       0x1c c:/st/stm32cubeide_1.0.2/stm32cubeide/plugins/com.st.stm32cube.ide.mcu.externaltools.gnu-tools-for-stm32.7-2018-q2-update.win32_1.0.0.201904181610/tools/bin/../lib/gcc/arm-none-eabi/7.3.1/thumb/v7e-m/fpv4-sp/hard/crtbegin.o
 *(.bss*)
 .bss.pxCurrentTCB
                0x000000002000002c        0x4 Middlewares/Third_Party/FreeRTOS/Source/tasks.o
                0x000000002000002c                pxCurrentTCB
 .bss.pxReadyTasksLists
                0x0000000020000030       0x8c Middlewares/Third_Party/FreeRTOS/Source/tasks.o
 .bss.xDelayedTaskList1
                0x00000000200000bc       0x14 Middlewares/Third_Party/FreeRTOS/Source/tasks.o
 .bss.xDelayedTaskList2
                0x00000000200000d0       0x14 Middlewares/Third_Party/FreeRTOS/Source/tasks.o
 .bss.pxDelayedTaskList
                0x00000000200000e4        0x4 Middlewares/Third_Party/FreeRTOS/Source/tasks.o
 .bss.pxOverflowDelayedTaskList
                0x00000000200000e8        0x4 Middlewares/Third_Party/FreeRTOS/Source/tasks.o
 .bss.xPendingReadyList
                0x00000000200000ec       0x14 Middlewares/Third_Party/FreeRTOS/Source/tasks.o
 .bss.xTasksWaitingTermination
                0x0000000020000100       0x14 Middlewares/Third_Party/FreeRTOS/Source/tasks.o
 .bss.uxDeletedTasksWaitingCleanUp
                0x0000000020000114        0x4 Middlewares/Third_Party/FreeRTOS/Source/tasks.o
 .bss.xSuspendedTaskList
                0x0000000020000118       0x14 Middlewares/Third_Party/FreeRTOS/Source/tasks.o
 .bss.uxCurrentNumberOfTasks
                0x000000002000012c        0x4 Middlewares/Third_Party/FreeRTOS/Source/tasks.o
 .bss.xTickCount
                0x0000000020000130        0x4 Middlewares/Third_Party/FreeRTOS/Source/tasks.o
 .bss.uxTopReadyPriority
                0x0000000020000134        0x4 Middlewares/Third_Party/FreeRTOS/Source/tasks.o
 .bss.xSchedulerRunning
                0x0000000020000138        0x4 Middlewares/Third_Party/FreeRTOS/Source/tasks.o
 .bss.uxPendedTicks
                0x000000002000013c        0x4 Middlewares/Third_Party/FreeRTOS/Source/tasks.o
 .bss.xYieldPending
                0x0000000020000140        0x4 Middlewares/Third_Party/FreeRTOS/Source/tasks.o
 .bss.xNumOfOverflows
                0x0000000020000144        0x4 Middlewares/Third_Party/FreeRTOS/Source/tasks.o
 .bss.uxTaskNumber
                0x0000000020000148        0x4 Middlewares/Third_Party/FreeRTOS/Source/tasks.o
 .bss.xNextTaskUnblockTime
                0x000000002000014c        0x4 Middlewares/Third_Party/FreeRTOS/Source/tasks.o
 .bss.xIdleTaskHandle
                0x0000000020000150        0x4 Middlewares/Third_Party/FreeRTOS/Source/tasks.o
 .bss.uxSchedulerSuspended
                0x0000000020000154        0x4 Middlewares/Third_Party/FreeRTOS/Source/tasks.o
 .bss.ucMaxSysCallPriority
                0x0000000020000158        0x1 Middlewares/Third_Party/FreeRTOS/Source/portable/GCC/ARM_CM4F/port.o
 *fill*         0x0000000020000159        0x3 
 .bss.ulMaxPRIGROUPValue
                0x000000002000015c        0x4 Middlewares/Third_Party/FreeRTOS/Source/portable/GCC/ARM_CM4F/port.o
 .bss.ucHeap    0x0000000020000160     0x3c00 Middlewares/Third_Party/FreeRTOS/Source/portable/MemMang/heap_4.o
 .bss.xStart    0x0000000020003d60        0x8 Middlewares/Third_Party/FreeRTOS/Source/portable/MemMang/heap_4.o
 .bss.pxEnd     0x0000000020003d68        0x4 Middlewares/Third_Party/FreeRTOS/Source/portable/MemMang/heap_4.o
 .bss.xFreeBytesRemaining
                0x0000000020003d6c        0x4 Middlewares/Third_Party/FreeRTOS/Source/portable/MemMang/heap_4.o
 .bss.xMinimumEverFreeBytesRemaining
                0x0000000020003d70        0x4 Middlewares/Third_Party/FreeRTOS/Source/portable/MemMang/heap_4.o
 .bss.xBlockAllocatedBit
                0x0000000020003d74        0x4 Middlewares/Third_Party/FreeRTOS/Source/portable/MemMang/heap_4.o
 .bss.usart3_counter.9518
                0x0000000020003d78        0x1 Src/Tasks_functions.o
 .bss.Modbus_Rx_status.9519
                0x0000000020003d79        0x1 Src/Tasks_functions.o
 .bss.HMI_LAMP_blinking_counter.9532
                0x0000000020003d7a        0x1 Src/Tasks_functions.o
 .bss.usart6_counter.9555
                0x0000000020003d7b        0x1 Src/Tasks_functions.o
 .bss.Modbus_Rx_status.9556
                0x0000000020003d7c        0x1 Src/Tasks_functions.o
 *fill*         0x0000000020003d7d        0x1 
 .bss.CO2_value.9554
                0x0000000020003d7e        0x2 Src/Tasks_functions.o
 .bss.xIdleTaskTCBBuffer
                0x0000000020003d80       0x54 Src/freertos.o
 .bss.xIdleStack
                0x0000000020003dd4      0x200 Src/freertos.o
 *(COMMON)
 COMMON         0x0000000020003fd4        0x4 Drivers/STM32F4xx_HAL_Driver/Src/stm32f4xx_hal.o
                0x0000000020003fd4                uwTick
 COMMON         0x0000000020003fd8      0x204 Src/main.o
                0x0000000020003fd8                defaultTaskHandle
                0x0000000020003fdc                hi2c3
                0x0000000020004030                uart3_Tx1_handleHandle
                0x0000000020004034                CO2_Data_ProtectHandle
                0x0000000020004038                huart3
                0x0000000020004078                HMI_response_type_Q1Handle
                0x000000002000407c                hi2c1
                0x00000000200040d0                usart3_Tx1_semHandle
                0x00000000200040d4                counter_1s_TaskHandle
                0x00000000200040d8                CO2_Rx_handleHandle
                0x00000000200040dc                uart3_Tx2_handleHandle
                0x00000000200040e0                CO2_Tx_handleHandle
                0x00000000200040e4                usart2_semHandle
                0x00000000200040e8                usart6_TxReq_semHandle
                0x00000000200040ec                huart6
                0x000000002000412c                CO2_ISR_usart6_Q1Handle
                0x0000000020004130                hspi1
                0x0000000020004188                uart3_Rx_handleHandle
                0x000000002000418c                huart2
                0x00000000200041cc                uart2_Rx_handleHandle
                0x00000000200041d0                usart3_Tx2_semHandle
                0x00000000200041d4                HMI_ISR_usart3_Q1Handle
                0x00000000200041d8                Data_for_HMI_Q1Handle
 COMMON         0x00000000200041dc       0x40 Src/stm32f4xx_hal_timebase_tim.o
                0x00000000200041dc                htim2
 COMMON         0x000000002000421c      0x2c4 Src/usbh_conf.o
                0x000000002000421c                hhcd_USB_OTG_FS
                0x00000000200044e0                . = ALIGN (0x4)
                0x00000000200044e0                _ebss = .
                0x00000000200044e0                __bss_end__ = _ebss

._user_heap_stack
                0x00000000200044e0      0x600 load address 0x00000000080083c8
                0x00000000200044e0                . = ALIGN (0x8)
                0x00000000200044e0                PROVIDE (end = .)
                [!provide]                        PROVIDE (_end = .)
                0x00000000200046e0                . = (. + _Min_Heap_Size)
 *fill*         0x00000000200044e0      0x200 
                0x0000000020004ae0                . = (. + _Min_Stack_Size)
 *fill*         0x00000000200046e0      0x400 
                0x0000000020004ae0                . = ALIGN (0x8)

/DISCARD/
 libc.a(*)
 libm.a(*)
 libgcc.a(*)

.ARM.attributes
                0x0000000000000000       0x30
 *(.ARM.attributes)
 .ARM.attributes
                0x0000000000000000       0x22 c:/st/stm32cubeide_1.0.2/stm32cubeide/plugins/com.st.stm32cube.ide.mcu.externaltools.gnu-tools-for-stm32.7-2018-q2-update.win32_1.0.0.201904181610/tools/bin/../lib/gcc/arm-none-eabi/7.3.1/thumb/v7e-m/fpv4-sp/hard/crti.o
 .ARM.attributes
                0x0000000000000022       0x34 c:/st/stm32cubeide_1.0.2/stm32cubeide/plugins/com.st.stm32cube.ide.mcu.externaltools.gnu-tools-for-stm32.7-2018-q2-update.win32_1.0.0.201904181610/tools/bin/../lib/gcc/arm-none-eabi/7.3.1/thumb/v7e-m/fpv4-sp/hard/crtbegin.o
 .ARM.attributes
                0x0000000000000056       0x39 Drivers/STM32F4xx_HAL_Driver/Src/stm32f4xx_hal.o
 .ARM.attributes
                0x000000000000008f       0x39 Drivers/STM32F4xx_HAL_Driver/Src/stm32f4xx_hal_cortex.o
 .ARM.attributes
                0x00000000000000c8       0x39 Drivers/STM32F4xx_HAL_Driver/Src/stm32f4xx_hal_dma.o
 .ARM.attributes
                0x0000000000000101       0x39 Drivers/STM32F4xx_HAL_Driver/Src/stm32f4xx_hal_gpio.o
 .ARM.attributes
                0x000000000000013a       0x39 Drivers/STM32F4xx_HAL_Driver/Src/stm32f4xx_hal_hcd.o
 .ARM.attributes
                0x0000000000000173       0x39 Drivers/STM32F4xx_HAL_Driver/Src/stm32f4xx_hal_i2c.o
 .ARM.attributes
                0x00000000000001ac       0x39 Drivers/STM32F4xx_HAL_Driver/Src/stm32f4xx_hal_rcc.o
 .ARM.attributes
                0x00000000000001e5       0x39 Drivers/STM32F4xx_HAL_Driver/Src/stm32f4xx_hal_spi.o
 .ARM.attributes
                0x000000000000021e       0x39 Drivers/STM32F4xx_HAL_Driver/Src/stm32f4xx_hal_tim.o
 .ARM.attributes
                0x0000000000000257       0x39 Drivers/STM32F4xx_HAL_Driver/Src/stm32f4xx_hal_tim_ex.o
 .ARM.attributes
                0x0000000000000290       0x39 Drivers/STM32F4xx_HAL_Driver/Src/stm32f4xx_hal_uart.o
 .ARM.attributes
                0x00000000000002c9       0x39 Drivers/STM32F4xx_HAL_Driver/Src/stm32f4xx_ll_usb.o
 .ARM.attributes
                0x0000000000000302       0x39 Middlewares/ST/STM32_USB_Host_Library/Core/Src/usbh_core.o
 .ARM.attributes
                0x000000000000033b       0x39 Middlewares/ST/STM32_USB_Host_Library/Core/Src/usbh_pipes.o
 .ARM.attributes
                0x0000000000000374       0x39 Middlewares/Third_Party/FreeRTOS/Source/CMSIS_RTOS/cmsis_os.o
 .ARM.attributes
                0x00000000000003ad       0x39 Middlewares/Third_Party/FreeRTOS/Source/list.o
 .ARM.attributes
                0x00000000000003e6       0x39 Middlewares/Third_Party/FreeRTOS/Source/queue.o
 .ARM.attributes
                0x000000000000041f       0x39 Middlewares/Third_Party/FreeRTOS/Source/tasks.o
 .ARM.attributes
                0x0000000000000458       0x39 Middlewares/Third_Party/FreeRTOS/Source/portable/GCC/ARM_CM4F/port.o
 .ARM.attributes
                0x0000000000000491       0x39 Middlewares/Third_Party/FreeRTOS/Source/portable/MemMang/heap_4.o
 .ARM.attributes
                0x00000000000004ca       0x39 Src/Init_functions.o
 .ARM.attributes
                0x0000000000000503       0x39 Src/Tasks_functions.o
 .ARM.attributes
                0x000000000000053c       0x39 Src/freertos.o
 .ARM.attributes
                0x0000000000000575       0x39 Src/main.o
 .ARM.attributes
                0x00000000000005ae       0x39 Src/stm32f4xx_hal_msp.o
 .ARM.attributes
                0x00000000000005e7       0x39 Src/stm32f4xx_hal_timebase_tim.o
 .ARM.attributes
                0x0000000000000620       0x39 Src/stm32f4xx_it.o
 .ARM.attributes
                0x0000000000000659       0x39 Src/system_stm32f4xx.o
 .ARM.attributes
                0x0000000000000692       0x39 Src/usbh_conf.o
 .ARM.attributes
                0x00000000000006cb       0x21 Startup/startup_stm32f407vgtx.o
 .ARM.attributes
                0x00000000000006ec       0x34 c:/st/stm32cubeide_1.0.2/stm32cubeide/plugins/com.st.stm32cube.ide.mcu.externaltools.gnu-tools-for-stm32.7-2018-q2-update.win32_1.0.0.201904181610/tools/bin/../lib/gcc/arm-none-eabi/7.3.1/../../../../arm-none-eabi/lib/thumb/v7e-m/fpv4-sp/hard\libc_nano.a(lib_a-init.o)
 .ARM.attributes
                0x0000000000000720       0x34 c:/st/stm32cubeide_1.0.2/stm32cubeide/plugins/com.st.stm32cube.ide.mcu.externaltools.gnu-tools-for-stm32.7-2018-q2-update.win32_1.0.0.201904181610/tools/bin/../lib/gcc/arm-none-eabi/7.3.1/../../../../arm-none-eabi/lib/thumb/v7e-m/fpv4-sp/hard\libc_nano.a(lib_a-memcpy-stub.o)
 .ARM.attributes
                0x0000000000000754       0x34 c:/st/stm32cubeide_1.0.2/stm32cubeide/plugins/com.st.stm32cube.ide.mcu.externaltools.gnu-tools-for-stm32.7-2018-q2-update.win32_1.0.0.201904181610/tools/bin/../lib/gcc/arm-none-eabi/7.3.1/../../../../arm-none-eabi/lib/thumb/v7e-m/fpv4-sp/hard\libc_nano.a(lib_a-memset.o)
 .ARM.attributes
                0x0000000000000788       0x22 c:/st/stm32cubeide_1.0.2/stm32cubeide/plugins/com.st.stm32cube.ide.mcu.externaltools.gnu-tools-for-stm32.7-2018-q2-update.win32_1.0.0.201904181610/tools/bin/../lib/gcc/arm-none-eabi/7.3.1/thumb/v7e-m/fpv4-sp/hard\libgcc.a(_aeabi_uldivmod.o)
 .ARM.attributes
                0x00000000000007aa       0x34 c:/st/stm32cubeide_1.0.2/stm32cubeide/plugins/com.st.stm32cube.ide.mcu.externaltools.gnu-tools-for-stm32.7-2018-q2-update.win32_1.0.0.201904181610/tools/bin/../lib/gcc/arm-none-eabi/7.3.1/thumb/v7e-m/fpv4-sp/hard\libgcc.a(_udivmoddi4.o)
 .ARM.attributes
                0x00000000000007de       0x22 c:/st/stm32cubeide_1.0.2/stm32cubeide/plugins/com.st.stm32cube.ide.mcu.externaltools.gnu-tools-for-stm32.7-2018-q2-update.win32_1.0.0.201904181610/tools/bin/../lib/gcc/arm-none-eabi/7.3.1/thumb/v7e-m/fpv4-sp/hard\libgcc.a(_dvmd_tls.o)
 .ARM.attributes
                0x0000000000000800       0x22 c:/st/stm32cubeide_1.0.2/stm32cubeide/plugins/com.st.stm32cube.ide.mcu.externaltools.gnu-tools-for-stm32.7-2018-q2-update.win32_1.0.0.201904181610/tools/bin/../lib/gcc/arm-none-eabi/7.3.1/thumb/v7e-m/fpv4-sp/hard/crtn.o
OUTPUT(My_30072019.elf elf32-littlearm)

.debug_info     0x0000000000000000    0x211b5
 .debug_info    0x0000000000000000      0x945 Drivers/STM32F4xx_HAL_Driver/Src/stm32f4xx_hal.o
 .debug_info    0x0000000000000945      0xe28 Drivers/STM32F4xx_HAL_Driver/Src/stm32f4xx_hal_cortex.o
 .debug_info    0x000000000000176d      0x968 Drivers/STM32F4xx_HAL_Driver/Src/stm32f4xx_hal_dma.o
 .debug_info    0x00000000000020d5      0x7b5 Drivers/STM32F4xx_HAL_Driver/Src/stm32f4xx_hal_gpio.o
 .debug_info    0x000000000000288a      0xe39 Drivers/STM32F4xx_HAL_Driver/Src/stm32f4xx_hal_hcd.o
 .debug_info    0x00000000000036c3     0x23b5 Drivers/STM32F4xx_HAL_Driver/Src/stm32f4xx_hal_i2c.o
 .debug_info    0x0000000000005a78      0x904 Drivers/STM32F4xx_HAL_Driver/Src/stm32f4xx_hal_rcc.o
 .debug_info    0x000000000000637c     0x163a Drivers/STM32F4xx_HAL_Driver/Src/stm32f4xx_hal_spi.o
 .debug_info    0x00000000000079b6     0x24a9 Drivers/STM32F4xx_HAL_Driver/Src/stm32f4xx_hal_tim.o
 .debug_info    0x0000000000009e5f     0x1157 Drivers/STM32F4xx_HAL_Driver/Src/stm32f4xx_hal_tim_ex.o
 .debug_info    0x000000000000afb6     0x124c Drivers/STM32F4xx_HAL_Driver/Src/stm32f4xx_hal_uart.o
 .debug_info    0x000000000000c202     0x18dd Drivers/STM32F4xx_HAL_Driver/Src/stm32f4xx_ll_usb.o
 .debug_info    0x000000000000dadf     0x1ccb Middlewares/ST/STM32_USB_Host_Library/Core/Src/usbh_core.o
 .debug_info    0x000000000000f7aa     0x13b0 Middlewares/ST/STM32_USB_Host_Library/Core/Src/usbh_pipes.o
 .debug_info    0x0000000000010b5a     0x1e7e Middlewares/Third_Party/FreeRTOS/Source/CMSIS_RTOS/cmsis_os.o
 .debug_info    0x00000000000129d8      0xacb Middlewares/Third_Party/FreeRTOS/Source/list.o
 .debug_info    0x00000000000134a3     0x1fd2 Middlewares/Third_Party/FreeRTOS/Source/queue.o
 .debug_info    0x0000000000015475     0x24a6 Middlewares/Third_Party/FreeRTOS/Source/tasks.o
 .debug_info    0x000000000001791b      0x533 Middlewares/Third_Party/FreeRTOS/Source/portable/GCC/ARM_CM4F/port.o
 .debug_info    0x0000000000017e4e      0xbea Middlewares/Third_Party/FreeRTOS/Source/portable/MemMang/heap_4.o
 .debug_info    0x0000000000018a38     0x1358 Src/Init_functions.o
 .debug_info    0x0000000000019d90      0xa98 Src/Tasks_functions.o
 .debug_info    0x000000000001a828      0x377 Src/freertos.o
 .debug_info    0x000000000001ab9f     0x1375 Src/main.o
 .debug_info    0x000000000001bf14     0x11fa Src/stm32f4xx_hal_msp.o
 .debug_info    0x000000000001d10e      0xb2d Src/stm32f4xx_hal_timebase_tim.o
 .debug_info    0x000000000001dc3b      0xd75 Src/stm32f4xx_it.o
 .debug_info    0x000000000001e9b0      0x554 Src/system_stm32f4xx.o
 .debug_info    0x000000000001ef04     0x228f Src/usbh_conf.o
 .debug_info    0x0000000000021193       0x22 Startup/startup_stm32f407vgtx.o

.debug_abbrev   0x0000000000000000     0x4294
 .debug_abbrev  0x0000000000000000      0x1c7 Drivers/STM32F4xx_HAL_Driver/Src/stm32f4xx_hal.o
 .debug_abbrev  0x00000000000001c7      0x2fa Drivers/STM32F4xx_HAL_Driver/Src/stm32f4xx_hal_cortex.o
 .debug_abbrev  0x00000000000004c1      0x229 Drivers/STM32F4xx_HAL_Driver/Src/stm32f4xx_hal_dma.o
 .debug_abbrev  0x00000000000006ea      0x1c9 Drivers/STM32F4xx_HAL_Driver/Src/stm32f4xx_hal_gpio.o
 .debug_abbrev  0x00000000000008b3      0x255 Drivers/STM32F4xx_HAL_Driver/Src/stm32f4xx_hal_hcd.o
 .debug_abbrev  0x0000000000000b08      0x254 Drivers/STM32F4xx_HAL_Driver/Src/stm32f4xx_hal_i2c.o
 .debug_abbrev  0x0000000000000d5c      0x245 Drivers/STM32F4xx_HAL_Driver/Src/stm32f4xx_hal_rcc.o
 .debug_abbrev  0x0000000000000fa1      0x240 Drivers/STM32F4xx_HAL_Driver/Src/stm32f4xx_hal_spi.o
 .debug_abbrev  0x00000000000011e1      0x230 Drivers/STM32F4xx_HAL_Driver/Src/stm32f4xx_hal_tim.o
 .debug_abbrev  0x0000000000001411      0x21e Drivers/STM32F4xx_HAL_Driver/Src/stm32f4xx_hal_tim_ex.o
 .debug_abbrev  0x000000000000162f      0x242 Drivers/STM32F4xx_HAL_Driver/Src/stm32f4xx_hal_uart.o
 .debug_abbrev  0x0000000000001871      0x26d Drivers/STM32F4xx_HAL_Driver/Src/stm32f4xx_ll_usb.o
 .debug_abbrev  0x0000000000001ade      0x3b1 Middlewares/ST/STM32_USB_Host_Library/Core/Src/usbh_core.o
 .debug_abbrev  0x0000000000001e8f      0x2c2 Middlewares/ST/STM32_USB_Host_Library/Core/Src/usbh_pipes.o
 .debug_abbrev  0x0000000000002151      0x379 Middlewares/Third_Party/FreeRTOS/Source/CMSIS_RTOS/cmsis_os.o
 .debug_abbrev  0x00000000000024ca      0x1cf Middlewares/Third_Party/FreeRTOS/Source/list.o
 .debug_abbrev  0x0000000000002699      0x336 Middlewares/Third_Party/FreeRTOS/Source/queue.o
 .debug_abbrev  0x00000000000029cf      0x349 Middlewares/Third_Party/FreeRTOS/Source/tasks.o
 .debug_abbrev  0x0000000000002d18      0x210 Middlewares/Third_Party/FreeRTOS/Source/portable/GCC/ARM_CM4F/port.o
 .debug_abbrev  0x0000000000002f28      0x29e Middlewares/Third_Party/FreeRTOS/Source/portable/MemMang/heap_4.o
 .debug_abbrev  0x00000000000031c6      0x219 Src/Init_functions.o
 .debug_abbrev  0x00000000000033df      0x1f2 Src/Tasks_functions.o
 .debug_abbrev  0x00000000000035d1      0x13b Src/freertos.o
 .debug_abbrev  0x000000000000370c      0x1dd Src/main.o
 .debug_abbrev  0x00000000000038e9      0x1e7 Src/stm32f4xx_hal_msp.o
 .debug_abbrev  0x0000000000003ad0      0x19d Src/stm32f4xx_hal_timebase_tim.o
 .debug_abbrev  0x0000000000003c6d      0x1bb Src/stm32f4xx_it.o
 .debug_abbrev  0x0000000000003e28      0x12b Src/system_stm32f4xx.o
 .debug_abbrev  0x0000000000003f53      0x32f Src/usbh_conf.o
 .debug_abbrev  0x0000000000004282       0x12 Startup/startup_stm32f407vgtx.o

.debug_aranges  0x0000000000000000     0x1af8
 .debug_aranges
                0x0000000000000000       0xf0 Drivers/STM32F4xx_HAL_Driver/Src/stm32f4xx_hal.o
 .debug_aranges
                0x00000000000000f0      0x118 Drivers/STM32F4xx_HAL_Driver/Src/stm32f4xx_hal_cortex.o
 .debug_aranges
                0x0000000000000208       0x90 Drivers/STM32F4xx_HAL_Driver/Src/stm32f4xx_hal_dma.o
 .debug_aranges
                0x0000000000000298       0x58 Drivers/STM32F4xx_HAL_Driver/Src/stm32f4xx_hal_gpio.o
 .debug_aranges
                0x00000000000002f0       0xf0 Drivers/STM32F4xx_HAL_Driver/Src/stm32f4xx_hal_hcd.o
 .debug_aranges
                0x00000000000003e0      0x298 Drivers/STM32F4xx_HAL_Driver/Src/stm32f4xx_hal_i2c.o
 .debug_aranges
                0x0000000000000678       0x88 Drivers/STM32F4xx_HAL_Driver/Src/stm32f4xx_hal_rcc.o
 .debug_aranges
                0x0000000000000700      0x1d0 Drivers/STM32F4xx_HAL_Driver/Src/stm32f4xx_hal_spi.o
 .debug_aranges
                0x00000000000008d0      0x3a8 Drivers/STM32F4xx_HAL_Driver/Src/stm32f4xx_hal_tim.o
 .debug_aranges
                0x0000000000000c78      0x150 Drivers/STM32F4xx_HAL_Driver/Src/stm32f4xx_hal_tim_ex.o
 .debug_aranges
                0x0000000000000dc8      0x1d0 Drivers/STM32F4xx_HAL_Driver/Src/stm32f4xx_hal_uart.o
 .debug_aranges
                0x0000000000000f98      0x198 Drivers/STM32F4xx_HAL_Driver/Src/stm32f4xx_ll_usb.o
 .debug_aranges
                0x0000000000001130       0xd0 Middlewares/ST/STM32_USB_Host_Library/Core/Src/usbh_core.o
 .debug_aranges
                0x0000000000001200       0x40 Middlewares/ST/STM32_USB_Host_Library/Core/Src/usbh_pipes.o
 .debug_aranges
                0x0000000000001240      0x1d8 Middlewares/Third_Party/FreeRTOS/Source/CMSIS_RTOS/cmsis_os.o
 .debug_aranges
                0x0000000000001418       0x40 Middlewares/Third_Party/FreeRTOS/Source/list.o
 .debug_aranges
                0x0000000000001458      0x108 Middlewares/Third_Party/FreeRTOS/Source/queue.o
 .debug_aranges
                0x0000000000001560      0x1a8 Middlewares/Third_Party/FreeRTOS/Source/tasks.o
 .debug_aranges
                0x0000000000001708       0x80 Middlewares/Third_Party/FreeRTOS/Source/portable/GCC/ARM_CM4F/port.o
 .debug_aranges
                0x0000000000001788       0x50 Middlewares/Third_Party/FreeRTOS/Source/portable/MemMang/heap_4.o
 .debug_aranges
                0x00000000000017d8       0x60 Src/Init_functions.o
 .debug_aranges
                0x0000000000001838       0x60 Src/Tasks_functions.o
 .debug_aranges
                0x0000000000001898       0x28 Src/freertos.o
 .debug_aranges
                0x00000000000018c0       0x38 Src/main.o
 .debug_aranges
                0x00000000000018f8       0x50 Src/stm32f4xx_hal_msp.o
 .debug_aranges
                0x0000000000001948       0x30 Src/stm32f4xx_hal_timebase_tim.o
 .debug_aranges
                0x0000000000001978       0x58 Src/stm32f4xx_it.o
 .debug_aranges
                0x00000000000019d0       0x28 Src/system_stm32f4xx.o
 .debug_aranges
                0x00000000000019f8       0xd8 Src/usbh_conf.o
 .debug_aranges
                0x0000000000001ad0       0x28 Startup/startup_stm32f407vgtx.o

.debug_ranges   0x0000000000000000     0x1940
 .debug_ranges  0x0000000000000000       0xe0 Drivers/STM32F4xx_HAL_Driver/Src/stm32f4xx_hal.o
 .debug_ranges  0x00000000000000e0      0x108 Drivers/STM32F4xx_HAL_Driver/Src/stm32f4xx_hal_cortex.o
 .debug_ranges  0x00000000000001e8       0x80 Drivers/STM32F4xx_HAL_Driver/Src/stm32f4xx_hal_dma.o
 .debug_ranges  0x0000000000000268       0x48 Drivers/STM32F4xx_HAL_Driver/Src/stm32f4xx_hal_gpio.o
 .debug_ranges  0x00000000000002b0       0xe0 Drivers/STM32F4xx_HAL_Driver/Src/stm32f4xx_hal_hcd.o
 .debug_ranges  0x0000000000000390      0x2a8 Drivers/STM32F4xx_HAL_Driver/Src/stm32f4xx_hal_i2c.o
 .debug_ranges  0x0000000000000638       0x78 Drivers/STM32F4xx_HAL_Driver/Src/stm32f4xx_hal_rcc.o
 .debug_ranges  0x00000000000006b0      0x1c0 Drivers/STM32F4xx_HAL_Driver/Src/stm32f4xx_hal_spi.o
 .debug_ranges  0x0000000000000870      0x398 Drivers/STM32F4xx_HAL_Driver/Src/stm32f4xx_hal_tim.o
 .debug_ranges  0x0000000000000c08      0x140 Drivers/STM32F4xx_HAL_Driver/Src/stm32f4xx_hal_tim_ex.o
 .debug_ranges  0x0000000000000d48      0x1c0 Drivers/STM32F4xx_HAL_Driver/Src/stm32f4xx_hal_uart.o
 .debug_ranges  0x0000000000000f08      0x188 Drivers/STM32F4xx_HAL_Driver/Src/stm32f4xx_ll_usb.o
 .debug_ranges  0x0000000000001090       0xc0 Middlewares/ST/STM32_USB_Host_Library/Core/Src/usbh_core.o
 .debug_ranges  0x0000000000001150       0x30 Middlewares/ST/STM32_USB_Host_Library/Core/Src/usbh_pipes.o
 .debug_ranges  0x0000000000001180      0x1c8 Middlewares/Third_Party/FreeRTOS/Source/CMSIS_RTOS/cmsis_os.o
 .debug_ranges  0x0000000000001348       0x30 Middlewares/Third_Party/FreeRTOS/Source/list.o
 .debug_ranges  0x0000000000001378       0xf8 Middlewares/Third_Party/FreeRTOS/Source/queue.o
 .debug_ranges  0x0000000000001470      0x198 Middlewares/Third_Party/FreeRTOS/Source/tasks.o
 .debug_ranges  0x0000000000001608       0x70 Middlewares/Third_Party/FreeRTOS/Source/portable/GCC/ARM_CM4F/port.o
 .debug_ranges  0x0000000000001678       0x40 Middlewares/Third_Party/FreeRTOS/Source/portable/MemMang/heap_4.o
 .debug_ranges  0x00000000000016b8       0x50 Src/Init_functions.o
 .debug_ranges  0x0000000000001708       0x50 Src/Tasks_functions.o
 .debug_ranges  0x0000000000001758       0x18 Src/freertos.o
 .debug_ranges  0x0000000000001770       0x28 Src/main.o
 .debug_ranges  0x0000000000001798       0x40 Src/stm32f4xx_hal_msp.o
 .debug_ranges  0x00000000000017d8       0x20 Src/stm32f4xx_hal_timebase_tim.o
 .debug_ranges  0x00000000000017f8       0x48 Src/stm32f4xx_it.o
 .debug_ranges  0x0000000000001840       0x18 Src/system_stm32f4xx.o
 .debug_ranges  0x0000000000001858       0xc8 Src/usbh_conf.o
 .debug_ranges  0x0000000000001920       0x20 Startup/startup_stm32f407vgtx.o

.debug_macro    0x0000000000000000    0x2386e
 .debug_macro   0x0000000000000000      0x26b Drivers/STM32F4xx_HAL_Driver/Src/stm32f4xx_hal.o
 .debug_macro   0x000000000000026b      0xa5a Drivers/STM32F4xx_HAL_Driver/Src/stm32f4xx_hal.o
 .debug_macro   0x0000000000000cc5      0x19c Drivers/STM32F4xx_HAL_Driver/Src/stm32f4xx_hal.o
 .debug_macro   0x0000000000000e61       0x2e Drivers/STM32F4xx_HAL_Driver/Src/stm32f4xx_hal.o
 .debug_macro   0x0000000000000e8f       0x2f Drivers/STM32F4xx_HAL_Driver/Src/stm32f4xx_hal.o
 .debug_macro   0x0000000000000ebe       0x22 Drivers/STM32F4xx_HAL_Driver/Src/stm32f4xx_hal.o
 .debug_macro   0x0000000000000ee0       0x8e Drivers/STM32F4xx_HAL_Driver/Src/stm32f4xx_hal.o
 .debug_macro   0x0000000000000f6e       0x51 Drivers/STM32F4xx_HAL_Driver/Src/stm32f4xx_hal.o
 .debug_macro   0x0000000000000fbf       0xef Drivers/STM32F4xx_HAL_Driver/Src/stm32f4xx_hal.o
 .debug_macro   0x00000000000010ae       0x6a Drivers/STM32F4xx_HAL_Driver/Src/stm32f4xx_hal.o
 .debug_macro   0x0000000000001118      0x1df Drivers/STM32F4xx_HAL_Driver/Src/stm32f4xx_hal.o
 .debug_macro   0x00000000000012f7       0x1c Drivers/STM32F4xx_HAL_Driver/Src/stm32f4xx_hal.o
 .debug_macro   0x0000000000001313       0x22 Drivers/STM32F4xx_HAL_Driver/Src/stm32f4xx_hal.o
 .debug_macro   0x0000000000001335       0xdf Drivers/STM32F4xx_HAL_Driver/Src/stm32f4xx_hal.o
 .debug_macro   0x0000000000001414     0x102d Drivers/STM32F4xx_HAL_Driver/Src/stm32f4xx_hal.o
 .debug_macro   0x0000000000002441      0x11f Drivers/STM32F4xx_HAL_Driver/Src/stm32f4xx_hal.o
 .debug_macro   0x0000000000002560    0x15e3c Drivers/STM32F4xx_HAL_Driver/Src/stm32f4xx_hal.o
 .debug_macro   0x000000000001839c       0x43 Drivers/STM32F4xx_HAL_Driver/Src/stm32f4xx_hal.o
 .debug_macro   0x00000000000183df     0x3659 Drivers/STM32F4xx_HAL_Driver/Src/stm32f4xx_hal.o
 .debug_macro   0x000000000001ba38      0x174 Drivers/STM32F4xx_HAL_Driver/Src/stm32f4xx_hal.o
 .debug_macro   0x000000000001bbac       0x5a Drivers/STM32F4xx_HAL_Driver/Src/stm32f4xx_hal.o
 .debug_macro   0x000000000001bc06      0x96b Drivers/STM32F4xx_HAL_Driver/Src/stm32f4xx_hal.o
 .debug_macro   0x000000000001c571      0x9fe Drivers/STM32F4xx_HAL_Driver/Src/stm32f4xx_hal.o
 .debug_macro   0x000000000001cf6f      0x174 Drivers/STM32F4xx_HAL_Driver/Src/stm32f4xx_hal.o
 .debug_macro   0x000000000001d0e3      0x117 Drivers/STM32F4xx_HAL_Driver/Src/stm32f4xx_hal.o
 .debug_macro   0x000000000001d1fa      0x13e Drivers/STM32F4xx_HAL_Driver/Src/stm32f4xx_hal.o
 .debug_macro   0x000000000001d338       0x27 Drivers/STM32F4xx_HAL_Driver/Src/stm32f4xx_hal.o
 .debug_macro   0x000000000001d35f      0x287 Drivers/STM32F4xx_HAL_Driver/Src/stm32f4xx_hal.o
 .debug_macro   0x000000000001d5e6       0x5f Drivers/STM32F4xx_HAL_Driver/Src/stm32f4xx_hal.o
 .debug_macro   0x000000000001d645      0x236 Drivers/STM32F4xx_HAL_Driver/Src/stm32f4xx_hal.o
 .debug_macro   0x000000000001d87b      0x12c Drivers/STM32F4xx_HAL_Driver/Src/stm32f4xx_hal.o
 .debug_macro   0x000000000001d9a7      0x21e Drivers/STM32F4xx_HAL_Driver/Src/stm32f4xx_hal.o
 .debug_macro   0x000000000001dbc5       0x2e Drivers/STM32F4xx_HAL_Driver/Src/stm32f4xx_hal.o
 .debug_macro   0x000000000001dbf3      0x1b5 Drivers/STM32F4xx_HAL_Driver/Src/stm32f4xx_hal.o
 .debug_macro   0x000000000001dda8       0xd6 Drivers/STM32F4xx_HAL_Driver/Src/stm32f4xx_hal.o
 .debug_macro   0x000000000001de7e      0x11a Drivers/STM32F4xx_HAL_Driver/Src/stm32f4xx_hal.o
 .debug_macro   0x000000000001df98       0x7e Drivers/STM32F4xx_HAL_Driver/Src/stm32f4xx_hal.o
 .debug_macro   0x000000000001e016       0x89 Drivers/STM32F4xx_HAL_Driver/Src/stm32f4xx_hal.o
 .debug_macro   0x000000000001e09f      0x225 Drivers/STM32F4xx_HAL_Driver/Src/stm32f4xx_hal.o
 .debug_macro   0x000000000001e2c4      0x8a0 Drivers/STM32F4xx_HAL_Driver/Src/stm32f4xx_hal.o
 .debug_macro   0x000000000001eb64       0x47 Drivers/STM32F4xx_HAL_Driver/Src/stm32f4xx_hal.o
 .debug_macro   0x000000000001ebab      0x287 Drivers/STM32F4xx_HAL_Driver/Src/stm32f4xx_hal.o
 .debug_macro   0x000000000001ee32      0x21e Drivers/STM32F4xx_HAL_Driver/Src/stm32f4xx_hal.o
 .debug_macro   0x000000000001f050       0x68 Drivers/STM32F4xx_HAL_Driver/Src/stm32f4xx_hal.o
 .debug_macro   0x000000000001f0b8      0x12d Drivers/STM32F4xx_HAL_Driver/Src/stm32f4xx_hal.o
 .debug_macro   0x000000000001f1e5      0x20b Drivers/STM32F4xx_HAL_Driver/Src/stm32f4xx_hal_cortex.o
 .debug_macro   0x000000000001f3f0      0x211 Drivers/STM32F4xx_HAL_Driver/Src/stm32f4xx_hal_dma.o
 .debug_macro   0x000000000001f601      0x241 Drivers/STM32F4xx_HAL_Driver/Src/stm32f4xx_hal_gpio.o
 .debug_macro   0x000000000001f842      0x20b Drivers/STM32F4xx_HAL_Driver/Src/stm32f4xx_hal_hcd.o
 .debug_macro   0x000000000001fa4d      0x24b Drivers/STM32F4xx_HAL_Driver/Src/stm32f4xx_hal_i2c.o
 .debug_macro   0x000000000001fc98      0x22f Drivers/STM32F4xx_HAL_Driver/Src/stm32f4xx_hal_rcc.o
 .debug_macro   0x000000000001fec7      0x21a Drivers/STM32F4xx_HAL_Driver/Src/stm32f4xx_hal_spi.o
 .debug_macro   0x00000000000200e1      0x20c Drivers/STM32F4xx_HAL_Driver/Src/stm32f4xx_hal_tim.o
 .debug_macro   0x00000000000202ed      0x20b Drivers/STM32F4xx_HAL_Driver/Src/stm32f4xx_hal_tim_ex.o
 .debug_macro   0x00000000000204f8      0x20c Drivers/STM32F4xx_HAL_Driver/Src/stm32f4xx_hal_uart.o
 .debug_macro   0x0000000000020704      0x20b Drivers/STM32F4xx_HAL_Driver/Src/stm32f4xx_ll_usb.o
 .debug_macro   0x000000000002090f      0x4e5 Middlewares/ST/STM32_USB_Host_Library/Core/Src/usbh_core.o
 .debug_macro   0x0000000000020df4      0x4d7 Middlewares/ST/STM32_USB_Host_Library/Core/Src/usbh_pipes.o
 .debug_macro   0x00000000000212cb      0x1f1 Middlewares/Third_Party/FreeRTOS/Source/CMSIS_RTOS/cmsis_os.o
 .debug_macro   0x00000000000214bc       0x10 Middlewares/Third_Party/FreeRTOS/Source/CMSIS_RTOS/cmsis_os.o
 .debug_macro   0x00000000000214cc       0xe9 Middlewares/Third_Party/FreeRTOS/Source/CMSIS_RTOS/cmsis_os.o
 .debug_macro   0x00000000000215b5       0xc7 Middlewares/Third_Party/FreeRTOS/Source/CMSIS_RTOS/cmsis_os.o
 .debug_macro   0x000000000002167c      0x17a Middlewares/Third_Party/FreeRTOS/Source/list.o
 .debug_macro   0x00000000000217f6      0x209 Middlewares/Third_Party/FreeRTOS/Source/queue.o
 .debug_macro   0x00000000000219ff       0x87 Middlewares/Third_Party/FreeRTOS/Source/queue.o
 .debug_macro   0x0000000000021a86      0x26c Middlewares/Third_Party/FreeRTOS/Source/tasks.o
 .debug_macro   0x0000000000021cf2       0x10 Middlewares/Third_Party/FreeRTOS/Source/tasks.o
 .debug_macro   0x0000000000021d02      0x196 Middlewares/Third_Party/FreeRTOS/Source/portable/GCC/ARM_CM4F/port.o
 .debug_macro   0x0000000000021e98      0x1a1 Middlewares/Third_Party/FreeRTOS/Source/portable/MemMang/heap_4.o
 .debug_macro   0x0000000000022039      0x21a Src/Init_functions.o
 .debug_macro   0x0000000000022253      0x30f Src/Tasks_functions.o
 .debug_macro   0x0000000000022562      0x282 Src/freertos.o
 .debug_macro   0x00000000000227e4      0x2e1 Src/main.o
 .debug_macro   0x0000000000022ac5      0x21a Src/stm32f4xx_hal_msp.o
 .debug_macro   0x0000000000022cdf      0x20b Src/stm32f4xx_hal_timebase_tim.o
 .debug_macro   0x0000000000022eea      0x28c Src/stm32f4xx_it.o
 .debug_macro   0x0000000000023176      0x211 Src/system_stm32f4xx.o
 .debug_macro   0x0000000000023387      0x4e7 Src/usbh_conf.o

.debug_line     0x0000000000000000    0x15bf2
 .debug_line    0x0000000000000000      0x936 Drivers/STM32F4xx_HAL_Driver/Src/stm32f4xx_hal.o
 .debug_line    0x0000000000000936      0xa5a Drivers/STM32F4xx_HAL_Driver/Src/stm32f4xx_hal_cortex.o
 .debug_line    0x0000000000001390      0xa04 Drivers/STM32F4xx_HAL_Driver/Src/stm32f4xx_hal_dma.o
 .debug_line    0x0000000000001d94      0x915 Drivers/STM32F4xx_HAL_Driver/Src/stm32f4xx_hal_gpio.o
 .debug_line    0x00000000000026a9      0xbc0 Drivers/STM32F4xx_HAL_Driver/Src/stm32f4xx_hal_hcd.o
 .debug_line    0x0000000000003269     0x1b70 Drivers/STM32F4xx_HAL_Driver/Src/stm32f4xx_hal_i2c.o
 .debug_line    0x0000000000004dd9      0x98e Drivers/STM32F4xx_HAL_Driver/Src/stm32f4xx_hal_rcc.o
 .debug_line    0x0000000000005767     0x10f2 Drivers/STM32F4xx_HAL_Driver/Src/stm32f4xx_hal_spi.o
 .debug_line    0x0000000000006859     0x19af Drivers/STM32F4xx_HAL_Driver/Src/stm32f4xx_hal_tim.o
 .debug_line    0x0000000000008208      0xd4c Drivers/STM32F4xx_HAL_Driver/Src/stm32f4xx_hal_tim_ex.o
 .debug_line    0x0000000000008f54     0x1044 Drivers/STM32F4xx_HAL_Driver/Src/stm32f4xx_hal_uart.o
 .debug_line    0x0000000000009f98      0xe60 Drivers/STM32F4xx_HAL_Driver/Src/stm32f4xx_ll_usb.o
 .debug_line    0x000000000000adf8      0xf3c Middlewares/ST/STM32_USB_Host_Library/Core/Src/usbh_core.o
 .debug_line    0x000000000000bd34      0xbe4 Middlewares/ST/STM32_USB_Host_Library/Core/Src/usbh_pipes.o
 .debug_line    0x000000000000c918      0xcbb Middlewares/Third_Party/FreeRTOS/Source/CMSIS_RTOS/cmsis_os.o
 .debug_line    0x000000000000d5d3      0x667 Middlewares/Third_Party/FreeRTOS/Source/list.o
 .debug_line    0x000000000000dc3a      0xf71 Middlewares/Third_Party/FreeRTOS/Source/queue.o
 .debug_line    0x000000000000ebab     0x1131 Middlewares/Third_Party/FreeRTOS/Source/tasks.o
 .debug_line    0x000000000000fcdc      0x69e Middlewares/Third_Party/FreeRTOS/Source/portable/GCC/ARM_CM4F/port.o
 .debug_line    0x000000000001037a      0x74d Middlewares/Third_Party/FreeRTOS/Source/portable/MemMang/heap_4.o
 .debug_line    0x0000000000010ac7      0x83a Src/Init_functions.o
 .debug_line    0x0000000000011301      0xa32 Src/Tasks_functions.o
 .debug_line    0x0000000000011d33      0x83a Src/freertos.o
 .debug_line    0x000000000001256d      0x92c Src/main.o
 .debug_line    0x0000000000012e99      0x7f2 Src/stm32f4xx_hal_msp.o
 .debug_line    0x000000000001368b      0x760 Src/stm32f4xx_hal_timebase_tim.o
 .debug_line    0x0000000000013deb      0x8c3 Src/stm32f4xx_it.o
 .debug_line    0x00000000000146ae      0x74d Src/system_stm32f4xx.o
 .debug_line    0x0000000000014dfb      0xd76 Src/usbh_conf.o
 .debug_line    0x0000000000015b71       0x81 Startup/startup_stm32f407vgtx.o

.debug_str      0x0000000000000000    0xdabe0
 .debug_str     0x0000000000000000    0xc6299 Drivers/STM32F4xx_HAL_Driver/Src/stm32f4xx_hal.o
                                      0xc6626 (size before relaxing)
 .debug_str     0x00000000000c6299      0x3dd Drivers/STM32F4xx_HAL_Driver/Src/stm32f4xx_hal_cortex.o
                                      0xc6415 (size before relaxing)
 .debug_str     0x00000000000c6676      0x52c Drivers/STM32F4xx_HAL_Driver/Src/stm32f4xx_hal_dma.o
                                      0xc5f6e (size before relaxing)
 .debug_str     0x00000000000c6ba2      0x28c Drivers/STM32F4xx_HAL_Driver/Src/stm32f4xx_hal_gpio.o
                                      0xc5d98 (size before relaxing)
 .debug_str     0x00000000000c6e2e      0x727 Drivers/STM32F4xx_HAL_Driver/Src/stm32f4xx_hal_hcd.o
                                      0xc61b3 (size before relaxing)
 .debug_str     0x00000000000c7555      0xcf2 Drivers/STM32F4xx_HAL_Driver/Src/stm32f4xx_hal_i2c.o
                                      0xc6aa2 (size before relaxing)
 .debug_str     0x00000000000c8247      0x384 Drivers/STM32F4xx_HAL_Driver/Src/stm32f4xx_hal_rcc.o
                                      0xc5f46 (size before relaxing)
 .debug_str     0x00000000000c85cb      0x714 Drivers/STM32F4xx_HAL_Driver/Src/stm32f4xx_hal_spi.o
                                      0xc63c7 (size before relaxing)
 .debug_str     0x00000000000c8cdf      0xf17 Drivers/STM32F4xx_HAL_Driver/Src/stm32f4xx_hal_tim.o
                                      0xc6c65 (size before relaxing)
 .debug_str     0x00000000000c9bf6      0x4ec Drivers/STM32F4xx_HAL_Driver/Src/stm32f4xx_hal_tim_ex.o
                                      0xc6465 (size before relaxing)
 .debug_str     0x00000000000ca0e2      0x67c Drivers/STM32F4xx_HAL_Driver/Src/stm32f4xx_hal_uart.o
                                      0xc63a5 (size before relaxing)
 .debug_str     0x00000000000ca75e      0x62b Drivers/STM32F4xx_HAL_Driver/Src/stm32f4xx_ll_usb.o
                                      0xc642d (size before relaxing)
 .debug_str     0x00000000000cad89     0xc6a7 Middlewares/ST/STM32_USB_Host_Library/Core/Src/usbh_core.o
                                      0xd220c (size before relaxing)
 .debug_str     0x00000000000d7430       0xa0 Middlewares/ST/STM32_USB_Host_Library/Core/Src/usbh_pipes.o
                                      0xd1b92 (size before relaxing)
 .debug_str     0x00000000000d74d0      0x69f Middlewares/Third_Party/FreeRTOS/Source/CMSIS_RTOS/cmsis_os.o
                                       0xe142 (size before relaxing)
 .debug_str     0x00000000000d7b6f      0x12d Middlewares/Third_Party/FreeRTOS/Source/list.o
                                       0xa774 (size before relaxing)
 .debug_str     0x00000000000d7c9c      0x7fc Middlewares/Third_Party/FreeRTOS/Source/queue.o