Archive member included to satisfy reference by file (symbol)

c:/st/stm32cubeide_1.0.2/stm32cubeide/plugins/com.st.stm32cube.ide.mcu.externaltools.gnu-tools-for-stm32.7-2018-q2-update.win32_1.0.0.201904181610/tools/bin/../lib/gcc/arm-none-eabi/7.3.1/../../../../arm-none-eabi/lib/thumb/v7e-m/fpv4-sp/hard\libc_nano.a(lib_a-errno.o)
                              Src/syscalls.o (__errno)
c:/st/stm32cubeide_1.0.2/stm32cubeide/plugins/com.st.stm32cube.ide.mcu.externaltools.gnu-tools-for-stm32.7-2018-q2-update.win32_1.0.0.201904181610/tools/bin/../lib/gcc/arm-none-eabi/7.3.1/../../../../arm-none-eabi/lib/thumb/v7e-m/fpv4-sp/hard\libc_nano.a(lib_a-exit.o)
                              c:/st/stm32cubeide_1.0.2/stm32cubeide/plugins/com.st.stm32cube.ide.mcu.externaltools.gnu-tools-for-stm32.7-2018-q2-update.win32_1.0.0.201904181610/tools/bin/../lib/gcc/arm-none-eabi/7.3.1/../../../../arm-none-eabi/lib/thumb/v7e-m/fpv4-sp/hard/crt0.o (exit)
c:/st/stm32cubeide_1.0.2/stm32cubeide/plugins/com.st.stm32cube.ide.mcu.externaltools.gnu-tools-for-stm32.7-2018-q2-update.win32_1.0.0.201904181610/tools/bin/../lib/gcc/arm-none-eabi/7.3.1/../../../../arm-none-eabi/lib/thumb/v7e-m/fpv4-sp/hard\libc_nano.a(lib_a-impure.o)
                              c:/st/stm32cubeide_1.0.2/stm32cubeide/plugins/com.st.stm32cube.ide.mcu.externaltools.gnu-tools-for-stm32.7-2018-q2-update.win32_1.0.0.201904181610/tools/bin/../lib/gcc/arm-none-eabi/7.3.1/../../../../arm-none-eabi/lib/thumb/v7e-m/fpv4-sp/hard\libc_nano.a(lib_a-exit.o) (_global_impure_ptr)
c:/st/stm32cubeide_1.0.2/stm32cubeide/plugins/com.st.stm32cube.ide.mcu.externaltools.gnu-tools-for-stm32.7-2018-q2-update.win32_1.0.0.201904181610/tools/bin/../lib/gcc/arm-none-eabi/7.3.1/../../../../arm-none-eabi/lib/thumb/v7e-m/fpv4-sp/hard\libc_nano.a(lib_a-init.o)
                              c:/st/stm32cubeide_1.0.2/stm32cubeide/plugins/com.st.stm32cube.ide.mcu.externaltools.gnu-tools-for-stm32.7-2018-q2-update.win32_1.0.0.201904181610/tools/bin/../lib/gcc/arm-none-eabi/7.3.1/../../../../arm-none-eabi/lib/thumb/v7e-m/fpv4-sp/hard/crt0.o (__libc_init_array)
c:/st/stm32cubeide_1.0.2/stm32cubeide/plugins/com.st.stm32cube.ide.mcu.externaltools.gnu-tools-for-stm32.7-2018-q2-update.win32_1.0.0.201904181610/tools/bin/../lib/gcc/arm-none-eabi/7.3.1/../../../../arm-none-eabi/lib/thumb/v7e-m/fpv4-sp/hard\libc_nano.a(lib_a-malloc.o)
                              Middlewares/ST/STM32_USB_Host_Library/Class/CDC/Src/usbh_cdc.o (malloc)
c:/st/stm32cubeide_1.0.2/stm32cubeide/plugins/com.st.stm32cube.ide.mcu.externaltools.gnu-tools-for-stm32.7-2018-q2-update.win32_1.0.0.201904181610/tools/bin/../lib/gcc/arm-none-eabi/7.3.1/../../../../arm-none-eabi/lib/thumb/v7e-m/fpv4-sp/hard\libc_nano.a(lib_a-memcpy-stub.o)
                              Middlewares/Third_Party/FreeRTOS/Source/queue.o (memcpy)
c:/st/stm32cubeide_1.0.2/stm32cubeide/plugins/com.st.stm32cube.ide.mcu.externaltools.gnu-tools-for-stm32.7-2018-q2-update.win32_1.0.0.201904181610/tools/bin/../lib/gcc/arm-none-eabi/7.3.1/../../../../arm-none-eabi/lib/thumb/v7e-m/fpv4-sp/hard\libc_nano.a(lib_a-memset.o)
                              c:/st/stm32cubeide_1.0.2/stm32cubeide/plugins/com.st.stm32cube.ide.mcu.externaltools.gnu-tools-for-stm32.7-2018-q2-update.win32_1.0.0.201904181610/tools/bin/../lib/gcc/arm-none-eabi/7.3.1/../../../../arm-none-eabi/lib/thumb/v7e-m/fpv4-sp/hard/crt0.o (memset)
c:/st/stm32cubeide_1.0.2/stm32cubeide/plugins/com.st.stm32cube.ide.mcu.externaltools.gnu-tools-for-stm32.7-2018-q2-update.win32_1.0.0.201904181610/tools/bin/../lib/gcc/arm-none-eabi/7.3.1/../../../../arm-none-eabi/lib/thumb/v7e-m/fpv4-sp/hard\libc_nano.a(lib_a-nano-freer.o)
                              c:/st/stm32cubeide_1.0.2/stm32cubeide/plugins/com.st.stm32cube.ide.mcu.externaltools.gnu-tools-for-stm32.7-2018-q2-update.win32_1.0.0.201904181610/tools/bin/../lib/gcc/arm-none-eabi/7.3.1/../../../../arm-none-eabi/lib/thumb/v7e-m/fpv4-sp/hard\libc_nano.a(lib_a-malloc.o) (_free_r)
c:/st/stm32cubeide_1.0.2/stm32cubeide/plugins/com.st.stm32cube.ide.mcu.externaltools.gnu-tools-for-stm32.7-2018-q2-update.win32_1.0.0.201904181610/tools/bin/../lib/gcc/arm-none-eabi/7.3.1/../../../../arm-none-eabi/lib/thumb/v7e-m/fpv4-sp/hard\libc_nano.a(lib_a-nano-mallocr.o)
                              c:/st/stm32cubeide_1.0.2/stm32cubeide/plugins/com.st.stm32cube.ide.mcu.externaltools.gnu-tools-for-stm32.7-2018-q2-update.win32_1.0.0.201904181610/tools/bin/../lib/gcc/arm-none-eabi/7.3.1/../../../../arm-none-eabi/lib/thumb/v7e-m/fpv4-sp/hard\libc_nano.a(lib_a-malloc.o) (_malloc_r)
c:/st/stm32cubeide_1.0.2/stm32cubeide/plugins/com.st.stm32cube.ide.mcu.externaltools.gnu-tools-for-stm32.7-2018-q2-update.win32_1.0.0.201904181610/tools/bin/../lib/gcc/arm-none-eabi/7.3.1/../../../../arm-none-eabi/lib/thumb/v7e-m/fpv4-sp/hard\libc_nano.a(lib_a-sbrkr.o)
[...]
Memory Configuration

Name             Origin             Length             Attributes
CCMRAM           0x0000000010000000 0x0000000000010000 xrw
RAM              0x0000000020000000 0x0000000000020000 xrw
FLASH            0x0000000008000000 0x0000000000100000 xr
*default*        0x0000000000000000 0xffffffffffffffff

Linker script and memory map

LOAD c:/st/stm32cubeide_1.0.2/stm32cubeide/plugins/com.st.stm32cube.ide.mcu.externaltools.gnu-tools-for-stm32.7-2018-q2-update.win32_1.0.0.201904181610/tools/bin/../lib/gcc/arm-none-eabi/7.3.1/thumb/v7e-m/fpv4-sp/hard/crti.o
LOAD c:/st/stm32cubeide_1.0.2/stm32cubeide/plugins/com.st.stm32cube.ide.mcu.externaltools.gnu-tools-for-stm32.7-2018-q2-update.win32_1.0.0.201904181610/tools/bin/../lib/gcc/arm-none-eabi/7.3.1/thumb/v7e-m/fpv4-sp/hard/crtbegin.o
LOAD c:/st/stm32cubeide_1.0.2/stm32cubeide/plugins/com.st.stm32cube.ide.mcu.externaltools.gnu-tools-for-stm32.7-2018-q2-update.win32_1.0.0.201904181610/tools/bin/../lib/gcc/arm-none-eabi/7.3.1/../../../../arm-none-eabi/lib/thumb/v7e-m/fpv4-sp/hard/crt0.o
LOAD Drivers/STM32F4xx_HAL_Driver/Src/stm32f4xx_hal.o
LOAD Drivers/STM32F4xx_HAL_Driver/Src/stm32f4xx_hal_cortex.o
LOAD Drivers/STM32F4xx_HAL_Driver/Src/stm32f4xx_hal_dma.o
LOAD Drivers/STM32F4xx_HAL_Driver/Src/stm32f4xx_hal_dma_ex.o
LOAD Drivers/STM32F4xx_HAL_Driver/Src/stm32f4xx_hal_exti.o
LOAD Drivers/STM32F4xx_HAL_Driver/Src/stm32f4xx_hal_flash.o
LOAD Drivers/STM32F4xx_HAL_Driver/Src/stm32f4xx_hal_flash_ex.o
LOAD Drivers/STM32F4xx_HAL_Driver/Src/stm32f4xx_hal_flash_ramfunc.o
LOAD Drivers/STM32F4xx_HAL_Driver/Src/stm32f4xx_hal_gpio.o
LOAD Drivers/STM32F4xx_HAL_Driver/Src/stm32f4xx_hal_hcd.o
LOAD Drivers/STM32F4xx_HAL_Driver/Src/stm32f4xx_hal_i2c.o
LOAD Drivers/STM32F4xx_HAL_Driver/Src/stm32f4xx_hal_i2c_ex.o
LOAD Drivers/STM32F4xx_HAL_Driver/Src/stm32f4xx_hal_i2s.o
LOAD Drivers/STM32F4xx_HAL_Driver/Src/stm32f4xx_hal_i2s_ex.o
LOAD Drivers/STM32F4xx_HAL_Driver/Src/stm32f4xx_hal_pwr.o
LOAD Drivers/STM32F4xx_HAL_Driver/Src/stm32f4xx_hal_pwr_ex.o
LOAD Drivers/STM32F4xx_HAL_Driver/Src/stm32f4xx_hal_rcc.o
LOAD Drivers/STM32F4xx_HAL_Driver/Src/stm32f4xx_hal_rcc_ex.o
LOAD Drivers/STM32F4xx_HAL_Driver/Src/stm32f4xx_hal_spi.o
LOAD Drivers/STM32F4xx_HAL_Driver/Src/stm32f4xx_hal_tim.o
LOAD Drivers/STM32F4xx_HAL_Driver/Src/stm32f4xx_hal_tim_ex.o
LOAD Drivers/STM32F4xx_HAL_Driver/Src/stm32f4xx_ll_usb.o
LOAD Middlewares/ST/STM32_USB_Host_Library/Class/CDC/Src/usbh_cdc.o
LOAD Middlewares/ST/STM32_USB_Host_Library/Core/Src/usbh_core.o
LOAD Middlewares/ST/STM32_USB_Host_Library/Core/Src/usbh_ctlreq.o
LOAD Middlewares/ST/STM32_USB_Host_Library/Core/Src/usbh_ioreq.o
LOAD Middlewares/ST/STM32_USB_Host_Library/Core/Src/usbh_pipes.o
LOAD Middlewares/Third_Party/FreeRTOS/Source/CMSIS_RTOS/cmsis_os.o
LOAD Middlewares/Third_Party/FreeRTOS/Source/croutine.o
LOAD Middlewares/Third_Party/FreeRTOS/Source/event_groups.o
LOAD Middlewares/Third_Party/FreeRTOS/Source/list.o
LOAD Middlewares/Third_Party/FreeRTOS/Source/queue.o
LOAD Middlewares/Third_Party/FreeRTOS/Source/stream_buffer.o
LOAD Middlewares/Third_Party/FreeRTOS/Source/tasks.o
LOAD Middlewares/Third_Party/FreeRTOS/Source/timers.o
LOAD Middlewares/Third_Party/FreeRTOS/Source/portable/GCC/ARM_CM4F/port.o
LOAD Middlewares/Third_Party/FreeRTOS/Source/portable/MemMang/heap_4.o
LOAD Src/freertos.o
LOAD Src/main.o
LOAD Src/stm32f4xx_hal_msp.o
LOAD Src/stm32f4xx_hal_timebase_tim.o
LOAD Src/stm32f4xx_it.o
LOAD Src/syscalls.o
LOAD Src/sysmem.o
LOAD Src/system_stm32f4xx.o
LOAD Src/usb_host.o
LOAD Src/usbh_conf.o
LOAD Src/usbh_platform.o
LOAD Startup/startup_stm32f407vgtx.o
START GROUP
LOAD c:/st/stm32cubeide_1.0.2/stm32cubeide/plugins/com.st.stm32cube.ide.mcu.externaltools.gnu-tools-for-stm32.7-2018-q2-update.win32_1.0.0.201904181610/tools/bin/../lib/gcc/arm-none-eabi/7.3.1/../../../../arm-none-eabi/lib/thumb/v7e-m/fpv4-sp/hard\libc_nano.a
LOAD c:/st/stm32cubeide_1.0.2/stm32cubeide/plugins/com.st.stm32cube.ide.mcu.externaltools.gnu-tools-for-stm32.7-2018-q2-update.win32_1.0.0.201904181610/tools/bin/../lib/gcc/arm-none-eabi/7.3.1/../../../../arm-none-eabi/lib/thumb/v7e-m/fpv4-sp/hard\libm.a
END GROUP
START GROUP
LOAD c:/st/stm32cubeide_1.0.2/stm32cubeide/plugins/com.st.stm32cube.ide.mcu.externaltools.gnu-tools-for-stm32.7-2018-q2-update.win32_1.0.0.201904181610/tools/bin/../lib/gcc/arm-none-eabi/7.3.1/thumb/v7e-m/fpv4-sp/hard\libgcc.a
LOAD c:/st/stm32cubeide_1.0.2/stm32cubeide/plugins/com.st.stm32cube.ide.mcu.externaltools.gnu-tools-for-stm32.7-2018-q2-update.win32_1.0.0.201904181610/tools/bin/../lib/gcc/arm-none-eabi/7.3.1/../../../../arm-none-eabi/lib/thumb/v7e-m/fpv4-sp/hard\libc_nano.a
END GROUP
START GROUP
LOAD c:/st/stm32cubeide_1.0.2/stm32cubeide/plugins/com.st.stm32cube.ide.mcu.externaltools.gnu-tools-for-stm32.7-2018-q2-update.win32_1.0.0.201904181610/tools/bin/../lib/gcc/arm-none-eabi/7.3.1/thumb/v7e-m/fpv4-sp/hard\libgcc.a
LOAD c:/st/stm32cubeide_1.0.2/stm32cubeide/plugins/com.st.stm32cube.ide.mcu.externaltools.gnu-tools-for-stm32.7-2018-q2-update.win32_1.0.0.201904181610/tools/bin/../lib/gcc/arm-none-eabi/7.3.1/../../../../arm-none-eabi/lib/thumb/v7e-m/fpv4-sp/hard\libc_nano.a
LOAD c:/st/stm32cubeide_1.0.2/stm32cubeide/plugins/com.st.stm32cube.ide.mcu.externaltools.gnu-tools-for-stm32.7-2018-q2-update.win32_1.0.0.201904181610/tools/bin/../lib/gcc/arm-none-eabi/7.3.1/../../../../arm-none-eabi/lib/thumb/v7e-m/fpv4-sp/hard\libnosys.a
END GROUP
START GROUP
LOAD c:/st/stm32cubeide_1.0.2/stm32cubeide/plugins/com.st.stm32cube.ide.mcu.externaltools.gnu-tools-for-stm32.7-2018-q2-update.win32_1.0.0.201904181610/tools/bin/../lib/gcc/arm-none-eabi/7.3.1/thumb/v7e-m/fpv4-sp/hard\libgcc.a
LOAD c:/st/stm32cubeide_1.0.2/stm32cubeide/plugins/com.st.stm32cube.ide.mcu.externaltools.gnu-tools-for-stm32.7-2018-q2-update.win32_1.0.0.201904181610/tools/bin/../lib/gcc/arm-none-eabi/7.3.1/../../../../arm-none-eabi/lib/thumb/v7e-m/fpv4-sp/hard\libc_nano.a
LOAD c:/st/stm32cubeide_1.0.2/stm32cubeide/plugins/com.st.stm32cube.ide.mcu.externaltools.gnu-tools-for-stm32.7-2018-q2-update.win32_1.0.0.201904181610/tools/bin/../lib/gcc/arm-none-eabi/7.3.1/../../../../arm-none-eabi/lib/thumb/v7e-m/fpv4-sp/hard\libnosys.a
END GROUP
LOAD c:/st/stm32cubeide_1.0.2/stm32cubeide/plugins/com.st.stm32cube.ide.mcu.externaltools.gnu-tools-for-stm32.7-2018-q2-update.win32_1.0.0.201904181610/tools/bin/../lib/gcc/arm-none-eabi/7.3.1/thumb/v7e-m/fpv4-sp/hard/crtend.o
LOAD c:/st/stm32cubeide_1.0.2/stm32cubeide/plugins/com.st.stm32cube.ide.mcu.externaltools.gnu-tools-for-stm32.7-2018-q2-update.win32_1.0.0.201904181610/tools/bin/../lib/gcc/arm-none-eabi/7.3.1/thumb/v7e-m/fpv4-sp/hard/crtn.o
                0x0000000020020000                _estack = 0x20020000
                0x0000000000000200                _Min_Heap_Size = 0x200
                0x0000000000000400                _Min_Stack_Size = 0x400

.isr_vector     0x0000000008000000      0x188
                0x0000000008000000                . = ALIGN (0x4)
 *(.isr_vector)
 .isr_vector    0x0000000008000000      0x188 Startup/startup_stm32f407vgtx.o
                0x0000000008000000                g_pfnVectors
                0x0000000008000188                . = ALIGN (0x4)

.text           0x0000000008000190     0x71f0
                0x0000000008000190                . = ALIGN (0x4)
 *(.text)
 .text          0x0000000008000190       0x40 c:/st/stm32cubeide_1.0.2/stm32cubeide/plugins/com.st.stm32cube.ide.mcu.externaltools.gnu-tools-for-stm32.7-2018-q2-update.win32_1.0.0.201904181610/tools/bin/../lib/gcc/arm-none-eabi/7.3.1/thumb/v7e-m/fpv4-sp/hard/crtbegin.o
 .text          0x00000000080001d0       0x30 c:/st/stm32cubeide_1.0.2/stm32cubeide/plugins/com.st.stm32cube.ide.mcu.externaltools.gnu-tools-for-stm32.7-2018-q2-update.win32_1.0.0.201904181610/tools/bin/../lib/gcc/arm-none-eabi/7.3.1/thumb/v7e-m/fpv4-sp/hard\libgcc.a(_aeabi_uldivmod.o)
                0x00000000080001d0                __aeabi_uldivmod
 .text          0x0000000008000200      0x2cc c:/st/stm32cubeide_1.0.2/stm32cubeide/plugins/com.st.stm32cube.ide.mcu.externaltools.gnu-tools-for-stm32.7-2018-q2-update.win32_1.0.0.201904181610/tools/bin/../lib/gcc/arm-none-eabi/7.3.1/thumb/v7e-m/fpv4-sp/hard\libgcc.a(_udivmoddi4.o)
                0x0000000008000200                __udivmoddi4
 .text          0x00000000080004cc        0x4 c:/st/stm32cubeide_1.0.2/stm32cubeide/plugins/com.st.stm32cube.ide.mcu.externaltools.gnu-tools-for-stm32.7-2018-q2-update.win32_1.0.0.201904181610/tools/bin/../lib/gcc/arm-none-eabi/7.3.1/thumb/v7e-m/fpv4-sp/hard\libgcc.a(_dvmd_tls.o)
                0x00000000080004cc                __aeabi_idiv0
                0x00000000080004cc                __aeabi_ldiv0
 *(.text*)
 .text.HAL_Init
                0x00000000080004d0       0x34 Drivers/STM32F4xx_HAL_Driver/Src/stm32f4xx_hal.o
                0x00000000080004d0                HAL_Init
 .text.HAL_IncTick
                0x0000000008000504       0x18 Drivers/STM32F4xx_HAL_Driver/Src/stm32f4xx_hal.o
                0x0000000008000504                HAL_IncTick
 .text.HAL_GetTick
                0x000000000800051c        0xc Drivers/STM32F4xx_HAL_Driver/Src/stm32f4xx_hal.o
                0x000000000800051c                HAL_GetTick
 .text.HAL_Delay
                0x0000000008000528       0x24 Drivers/STM32F4xx_HAL_Driver/Src/stm32f4xx_hal.o
                0x0000000008000528                HAL_Delay
 .text.HAL_NVIC_SetPriorityGrouping
                0x000000000800054c       0x24 Drivers/STM32F4xx_HAL_Driver/Src/stm32f4xx_hal_cortex.o
                0x000000000800054c                HAL_NVIC_SetPriorityGrouping
 .text.HAL_NVIC_SetPriority
                0x0000000008000570       0x6c Drivers/STM32F4xx_HAL_Driver/Src/stm32f4xx_hal_cortex.o
                0x0000000008000570                HAL_NVIC_SetPriority
 .text.HAL_NVIC_EnableIRQ
                0x00000000080005dc       0x1c Drivers/STM32F4xx_HAL_Driver/Src/stm32f4xx_hal_cortex.o
                0x00000000080005dc                HAL_NVIC_EnableIRQ
 .text.HAL_GPIO_Init
                0x00000000080005f8      0x244 Drivers/STM32F4xx_HAL_Driver/Src/stm32f4xx_hal_gpio.o
                0x00000000080005f8                HAL_GPIO_Init
 .text.HAL_GPIO_WritePin
                0x000000000800083c        0x8 Drivers/STM32F4xx_HAL_Driver/Src/stm32f4xx_hal_gpio.o
                0x000000000800083c                HAL_GPIO_WritePin
 .text.HAL_GPIO_TogglePin
                0x0000000008000844       0x10 Drivers/STM32F4xx_HAL_Driver/Src/stm32f4xx_hal_gpio.o
                0x0000000008000844                HAL_GPIO_TogglePin
 .text.HAL_HCD_HC_Init
                0x0000000008000854       0x74 Drivers/STM32F4xx_HAL_Driver/Src/stm32f4xx_hal_hcd.o
                0x0000000008000854                HAL_HCD_HC_Init
 .text.HAL_HCD_HC_Halt
                0x00000000080008c8       0x24 Drivers/STM32F4xx_HAL_Driver/Src/stm32f4xx_hal_hcd.o
                0x00000000080008c8                HAL_HCD_HC_Halt
 .text.HAL_HCD_Init
                0x00000000080008ec       0xa0 Drivers/STM32F4xx_HAL_Driver/Src/stm32f4xx_hal_hcd.o
                0x00000000080008ec                HAL_HCD_Init
 .text.HAL_HCD_HC_SubmitRequest
                0x000000000800098c       0xc0 Drivers/STM32F4xx_HAL_Driver/Src/stm32f4xx_hal_hcd.o
                0x000000000800098c                HAL_HCD_HC_SubmitRequest
 .text.HAL_HCD_IRQHandler
                0x0000000008000a4c      0x780 Drivers/STM32F4xx_HAL_Driver/Src/stm32f4xx_hal_hcd.o
                0x0000000008000a4c                HAL_HCD_IRQHandler
 .text.HAL_HCD_Start
                0x00000000080011cc       0x2c Drivers/STM32F4xx_HAL_Driver/Src/stm32f4xx_hal_hcd.o
                0x00000000080011cc                HAL_HCD_Start
 .text.HAL_HCD_Stop
                0x00000000080011f8       0x24 Drivers/STM32F4xx_HAL_Driver/Src/stm32f4xx_hal_hcd.o
                0x00000000080011f8                HAL_HCD_Stop
 .text.HAL_HCD_ResetPort
                0x000000000800121c        0x8 Drivers/STM32F4xx_HAL_Driver/Src/stm32f4xx_hal_hcd.o
                0x000000000800121c                HAL_HCD_ResetPort
 .text.HAL_HCD_HC_GetURBState
                0x0000000008001224       0x10 Drivers/STM32F4xx_HAL_Driver/Src/stm32f4xx_hal_hcd.o
                0x0000000008001224                HAL_HCD_HC_GetURBState
 .text.HAL_HCD_HC_GetXferCount
                0x0000000008001234        0xc Drivers/STM32F4xx_HAL_Driver/Src/stm32f4xx_hal_hcd.o
                0x0000000008001234                HAL_HCD_HC_GetXferCount
 .text.HAL_HCD_GetCurrentFrame
                0x0000000008001240        0x8 Drivers/STM32F4xx_HAL_Driver/Src/stm32f4xx_hal_hcd.o
                0x0000000008001240                HAL_HCD_GetCurrentFrame
 .text.HAL_HCD_GetCurrentSpeed
                0x0000000008001248        0x8 Drivers/STM32F4xx_HAL_Driver/Src/stm32f4xx_hal_hcd.o
                0x0000000008001248                HAL_HCD_GetCurrentSpeed
 .text.HAL_I2C_Init
                0x0000000008001250      0x170 Drivers/STM32F4xx_HAL_Driver/Src/stm32f4xx_hal_i2c.o
                0x0000000008001250                HAL_I2C_Init
 .text.HAL_I2S_Init
                0x00000000080013c0      0x158 Drivers/STM32F4xx_HAL_Driver/Src/stm32f4xx_hal_i2s.o
                0x00000000080013c0                HAL_I2S_Init
 .text.HAL_I2S_TxCpltCallback
                0x0000000008001518        0x4 Drivers/STM32F4xx_HAL_Driver/Src/stm32f4xx_hal_i2s.o
                0x0000000008001518                HAL_I2S_TxCpltCallback
 .text.HAL_I2S_RxCpltCallback
                0x000000000800151c        0x4 Drivers/STM32F4xx_HAL_Driver/Src/stm32f4xx_hal_i2s.o
                0x000000000800151c                HAL_I2S_RxCpltCallback
 .text.HAL_I2S_ErrorCallback
                0x0000000008001520        0x4 Drivers/STM32F4xx_HAL_Driver/Src/stm32f4xx_hal_i2s.o
                0x0000000008001520                HAL_I2S_ErrorCallback
 .text.I2S_IRQHandler
                0x0000000008001524      0x108 Drivers/STM32F4xx_HAL_Driver/Src/stm32f4xx_hal_i2s.o
 .text.HAL_I2SEx_TxRxCpltCallback
                0x000000000800162c        0x4 Drivers/STM32F4xx_HAL_Driver/Src/stm32f4xx_hal_i2s_ex.o
                0x000000000800162c                HAL_I2SEx_TxRxCpltCallback
 .text.HAL_I2SEx_FullDuplex_IRQHandler
                0x0000000008001630      0x258 Drivers/STM32F4xx_HAL_Driver/Src/stm32f4xx_hal_i2s_ex.o
                0x0000000008001630                HAL_I2SEx_FullDuplex_IRQHandler
 .text.HAL_RCC_OscConfig
                0x0000000008001888      0x374 Drivers/STM32F4xx_HAL_Driver/Src/stm32f4xx_hal_rcc.o
                0x0000000008001888                HAL_RCC_OscConfig
 .text.HAL_RCC_GetSysClockFreq
                0x0000000008001bfc       0x6c Drivers/STM32F4xx_HAL_Driver/Src/stm32f4xx_hal_rcc.o
                0x0000000008001bfc                HAL_RCC_GetSysClockFreq
 .text.HAL_RCC_ClockConfig
                0x0000000008001c68      0x134 Drivers/STM32F4xx_HAL_Driver/Src/stm32f4xx_hal_rcc.o
                0x0000000008001c68                HAL_RCC_ClockConfig
 .text.HAL_RCC_GetPCLK1Freq
                0x0000000008001d9c       0x20 Drivers/STM32F4xx_HAL_Driver/Src/stm32f4xx_hal_rcc.o
                0x0000000008001d9c                HAL_RCC_GetPCLK1Freq
 .text.HAL_RCC_GetClockConfig
                0x0000000008001dbc       0x44 Drivers/STM32F4xx_HAL_Driver/Src/stm32f4xx_hal_rcc.o
                0x0000000008001dbc                HAL_RCC_GetClockConfig
 .text.HAL_RCCEx_PeriphCLKConfig
                0x0000000008001e00      0x140 Drivers/STM32F4xx_HAL_Driver/Src/stm32f4xx_hal_rcc_ex.o
                0x0000000008001e00                HAL_RCCEx_PeriphCLKConfig
 .text.HAL_RCCEx_GetPeriphCLKFreq
                0x0000000008001f40       0x60 Drivers/STM32F4xx_HAL_Driver/Src/stm32f4xx_hal_rcc_ex.o
                0x0000000008001f40                HAL_RCCEx_GetPeriphCLKFreq
 .text.HAL_SPI_Init
                0x0000000008001fa0       0x80 Drivers/STM32F4xx_HAL_Driver/Src/stm32f4xx_hal_spi.o
                0x0000000008001fa0                HAL_SPI_Init
 .text.HAL_TIM_Base_MspInit
                0x0000000008002020        0x4 Drivers/STM32F4xx_HAL_Driver/Src/stm32f4xx_hal_tim.o
                0x0000000008002020                HAL_TIM_Base_MspInit
 .text.HAL_TIM_Base_Init
                0x0000000008002024      0x108 Drivers/STM32F4xx_HAL_Driver/Src/stm32f4xx_hal_tim.o
                0x0000000008002024                HAL_TIM_Base_Init
 .text.HAL_TIM_Base_Start_IT
                0x000000000800212c       0x20 Drivers/STM32F4xx_HAL_Driver/Src/stm32f4xx_hal_tim.o
                0x000000000800212c                HAL_TIM_Base_Start_IT
 .text.HAL_TIM_OC_DelayElapsedCallback
                0x000000000800214c        0x4 Drivers/STM32F4xx_HAL_Driver/Src/stm32f4xx_hal_tim.o
                0x000000000800214c                HAL_TIM_OC_DelayElapsedCallback
 .text.HAL_TIM_IC_CaptureCallback
                0x0000000008002150        0x4 Drivers/STM32F4xx_HAL_Driver/Src/stm32f4xx_hal_tim.o
                0x0000000008002150                HAL_TIM_IC_CaptureCallback
 .text.HAL_TIM_PWM_PulseFinishedCallback
                0x0000000008002154        0x4 Drivers/STM32F4xx_HAL_Driver/Src/stm32f4xx_hal_tim.o
                0x0000000008002154                HAL_TIM_PWM_PulseFinishedCallback
 .text.HAL_TIM_TriggerCallback
                0x0000000008002158        0x4 Drivers/STM32F4xx_HAL_Driver/Src/stm32f4xx_hal_tim.o
                0x0000000008002158                HAL_TIM_TriggerCallback
 .text.HAL_TIM_IRQHandler
                0x000000000800215c      0x154 Drivers/STM32F4xx_HAL_Driver/Src/stm32f4xx_hal_tim.o
                0x000000000800215c                HAL_TIM_IRQHandler
 .text.HAL_TIMEx_CommutCallback
                0x00000000080022b0        0x4 Drivers/STM32F4xx_HAL_Driver/Src/stm32f4xx_hal_tim_ex.o
                0x00000000080022b0                HAL_TIMEx_CommutCallback
 .text.HAL_TIMEx_BreakCallback
                0x00000000080022b4        0x4 Drivers/STM32F4xx_HAL_Driver/Src/stm32f4xx_hal_tim_ex.o
                0x00000000080022b4                HAL_TIMEx_BreakCallback
 .text.USB_CoreInit
                0x00000000080022b8       0xd4 Drivers/STM32F4xx_HAL_Driver/Src/stm32f4xx_ll_usb.o
                0x00000000080022b8                USB_CoreInit
 .text.USB_EnableGlobalInt
                0x000000000800238c       0x10 Drivers/STM32F4xx_HAL_Driver/Src/stm32f4xx_ll_usb.o
                0x000000000800238c                USB_EnableGlobalInt
 .text.USB_DisableGlobalInt
                0x000000000800239c       0x10 Drivers/STM32F4xx_HAL_Driver/Src/stm32f4xx_ll_usb.o
                0x000000000800239c                USB_DisableGlobalInt
 .text.USB_SetCurrentMode
                0x00000000080023ac       0x30 Drivers/STM32F4xx_HAL_Driver/Src/stm32f4xx_ll_usb.o
                0x00000000080023ac                USB_SetCurrentMode
 .text.USB_ReadPacket
                0x00000000080023dc       0x28 Drivers/STM32F4xx_HAL_Driver/Src/stm32f4xx_ll_usb.o
                0x00000000080023dc                USB_ReadPacket
 .text.USB_ReadInterrupts
                0x0000000008002404        0x8 Drivers/STM32F4xx_HAL_Driver/Src/stm32f4xx_ll_usb.o
                0x0000000008002404                USB_ReadInterrupts
 .text.USB_GetMode
                0x000000000800240c        0x8 Drivers/STM32F4xx_HAL_Driver/Src/stm32f4xx_ll_usb.o
                0x000000000800240c                USB_GetMode
 .text.USB_HostInit
                0x0000000008002414      0x12c Drivers/STM32F4xx_HAL_Driver/Src/stm32f4xx_ll_usb.o
                0x0000000008002414                USB_HostInit
 .text.USB_InitFSLSPClkSel
                0x0000000008002540       0x3c Drivers/STM32F4xx_HAL_Driver/Src/stm32f4xx_ll_usb.o
                0x0000000008002540                USB_InitFSLSPClkSel
 .text.USB_ResetPort
                0x000000000800257c       0x40 Drivers/STM32F4xx_HAL_Driver/Src/stm32f4xx_ll_usb.o
                0x000000000800257c                USB_ResetPort
 .text.USB_DriveVbus
                0x00000000080025bc       0x48 Drivers/STM32F4xx_HAL_Driver/Src/stm32f4xx_ll_usb.o
                0x00000000080025bc                USB_DriveVbus
 .text.USB_GetHostSpeed
                0x0000000008002604       0x18 Drivers/STM32F4xx_HAL_Driver/Src/stm32f4xx_ll_usb.o
                0x0000000008002604                USB_GetHostSpeed
 .text.USB_GetCurrentFrame
                0x000000000800261c        0xc Drivers/STM32F4xx_HAL_Driver/Src/stm32f4xx_ll_usb.o
                0x000000000800261c                USB_GetCurrentFrame
 .text.USB_HC_Init
                0x0000000008002628      0x140 Drivers/STM32F4xx_HAL_Driver/Src/stm32f4xx_ll_usb.o
                0x0000000008002628                USB_HC_Init
 .text.USB_HC_StartXfer
                0x0000000008002768      0x1b0 Drivers/STM32F4xx_HAL_Driver/Src/stm32f4xx_ll_usb.o
                0x0000000008002768                USB_HC_StartXfer
 .text.USB_HC_ReadInterrupt
                0x0000000008002918        0xc Drivers/STM32F4xx_HAL_Driver/Src/stm32f4xx_ll_usb.o
                0x0000000008002918                USB_HC_ReadInterrupt
 .text.USB_HC_Halt
                0x0000000008002924       0xbc Drivers/STM32F4xx_HAL_Driver/Src/stm32f4xx_ll_usb.o
                0x0000000008002924                USB_HC_Halt
 .text.USB_StopHost
                0x00000000080029e0      0x17c Drivers/STM32F4xx_HAL_Driver/Src/stm32f4xx_ll_usb.o
                0x00000000080029e0                USB_StopHost
 .text.USBH_CDC_SOFProcess
                0x0000000008002b5c        0x4 Middlewares/ST/STM32_USB_Host_Library/Class/CDC/Src/usbh_cdc.o
 .text.USBH_CDC_ClassRequest
                0x0000000008002b60       0x30 Middlewares/ST/STM32_USB_Host_Library/Class/CDC/Src/usbh_cdc.o
 .text.USBH_CDC_InterfaceDeInit
                0x0000000008002b90       0x70 Middlewares/ST/STM32_USB_Host_Library/Class/CDC/Src/usbh_cdc.o
 .text.USBH_CDC_InterfaceInit
                0x0000000008002c00      0x138 Middlewares/ST/STM32_USB_Host_Library/Class/CDC/Src/usbh_cdc.o
 .text.USBH_CDC_TransmitCallback
                0x0000000008002d38        0x4 Middlewares/ST/STM32_USB_Host_Library/Class/CDC/Src/usbh_cdc.o
                0x0000000008002d38                USBH_CDC_TransmitCallback
 .text.USBH_CDC_ReceiveCallback
                0x0000000008002d3c        0x4 Middlewares/ST/STM32_USB_Host_Library/Class/CDC/Src/usbh_cdc.o
                0x0000000008002d3c                USBH_CDC_ReceiveCallback
 .text.USBH_CDC_LineCodingChanged
                0x0000000008002d40        0x4 Middlewares/ST/STM32_USB_Host_Library/Class/CDC/Src/usbh_cdc.o
                0x0000000008002d40                USBH_CDC_LineCodingChanged
 .text.USBH_CDC_Process
                0x0000000008002d44      0x1b0 Middlewares/ST/STM32_USB_Host_Library/Class/CDC/Src/usbh_cdc.o
 .text.USBH_Process_OS
                0x0000000008002ef4      0x454 Middlewares/ST/STM32_USB_Host_Library/Core/Src/usbh_core.o
 .text.USBH_Init
                0x0000000008003348       0xa0 Middlewares/ST/STM32_USB_Host_Library/Core/Src/usbh_core.o
                0x0000000008003348                USBH_Init
 .text.USBH_RegisterClass
                0x00000000080033e8       0x1c Middlewares/ST/STM32_USB_Host_Library/Core/Src/usbh_core.o
                0x00000000080033e8                USBH_RegisterClass
 .text.USBH_SelectInterface
                0x0000000008003404       0x14 Middlewares/ST/STM32_USB_Host_Library/Core/Src/usbh_core.o
                0x0000000008003404                USBH_SelectInterface
 .text.USBH_FindInterface
                0x0000000008003418       0x6c Middlewares/ST/STM32_USB_Host_Library/Core/Src/usbh_core.o
                0x0000000008003418                USBH_FindInterface
 .text.USBH_Start
                0x0000000008003484       0x14 Middlewares/ST/STM32_USB_Host_Library/Core/Src/usbh_core.o
                0x0000000008003484                USBH_Start
 .text.USBH_LL_SetTimer
                0x0000000008003498        0x8 Middlewares/ST/STM32_USB_Host_Library/Core/Src/usbh_core.o
                0x0000000008003498                USBH_LL_SetTimer
 .text.USBH_LL_IncTimer
                0x00000000080034a0       0x20 Middlewares/ST/STM32_USB_Host_Library/Core/Src/usbh_core.o
                0x00000000080034a0                USBH_LL_IncTimer
 .text.USBH_LL_PortEnabled
                0x00000000080034c0        0x8 Middlewares/ST/STM32_USB_Host_Library/Core/Src/usbh_core.o
                0x00000000080034c0                USBH_LL_PortEnabled
 .text.USBH_LL_PortDisabled
                0x00000000080034c8        0x8 Middlewares/ST/STM32_USB_Host_Library/Core/Src/usbh_core.o
                0x00000000080034c8                USBH_LL_PortDisabled
 .text.USBH_LL_Connect
                0x00000000080034d0       0x3c Middlewares/ST/STM32_USB_Host_Library/Core/Src/usbh_core.o
                0x00000000080034d0                USBH_LL_Connect
 .text.USBH_LL_Disconnect
                0x000000000800350c       0x48 Middlewares/ST/STM32_USB_Host_Library/Core/Src/usbh_core.o
                0x000000000800350c                USBH_LL_Disconnect
 .text.USBH_LL_NotifyURBChange
                0x0000000008003554       0x18 Middlewares/ST/STM32_USB_Host_Library/Core/Src/usbh_core.o
                0x0000000008003554                USBH_LL_NotifyURBChange
 .text.USBH_Get_DevDesc
                0x000000000800356c      0x28c Middlewares/ST/STM32_USB_Host_Library/Core/Src/usbh_ctlreq.o
                0x000000000800356c                USBH_Get_DevDesc
 .text.USBH_Get_CfgDesc
                0x00000000080037f8      0x334 Middlewares/ST/STM32_USB_Host_Library/Core/Src/usbh_ctlreq.o
                0x00000000080037f8                USBH_Get_CfgDesc
 .text.USBH_Get_StringDesc
                0x0000000008003b2c      0x270 Middlewares/ST/STM32_USB_Host_Library/Core/Src/usbh_ctlreq.o
                0x0000000008003b2c                USBH_Get_StringDesc
 .text.USBH_SetAddress
                0x0000000008003d9c      0x238 Middlewares/ST/STM32_USB_Host_Library/Core/Src/usbh_ctlreq.o
                0x0000000008003d9c                USBH_SetAddress
 .text.USBH_SetCfg
                0x0000000008003fd4      0x238 Middlewares/ST/STM32_USB_Host_Library/Core/Src/usbh_ctlreq.o
                0x0000000008003fd4                USBH_SetCfg
 .text.USBH_SetFeature
                0x000000000800420c      0x238 Middlewares/ST/STM32_USB_Host_Library/Core/Src/usbh_ctlreq.o
                0x000000000800420c                USBH_SetFeature
 .text.USBH_ClrFeature
                0x0000000008004444      0x238 Middlewares/ST/STM32_USB_Host_Library/Core/Src/usbh_ctlreq.o
                0x0000000008004444                USBH_ClrFeature
 .text.USBH_CtlReq
                0x000000000800467c      0x230 Middlewares/ST/STM32_USB_Host_Library/Core/Src/usbh_ctlreq.o
                0x000000000800467c                USBH_CtlReq
 .text.USBH_CtlSendSetup
                0x00000000080048ac       0x20 Middlewares/ST/STM32_USB_Host_Library/Core/Src/usbh_ioreq.o
                0x00000000080048ac                USBH_CtlSendSetup
 .text.USBH_CtlSendData
                0x00000000080048cc       0x30 Middlewares/ST/STM32_USB_Host_Library/Core/Src/usbh_ioreq.o
                0x00000000080048cc                USBH_CtlSendData
 .text.USBH_CtlReceiveData
                0x00000000080048fc       0x20 Middlewares/ST/STM32_USB_Host_Library/Core/Src/usbh_ioreq.o
                0x00000000080048fc                USBH_CtlReceiveData
 .text.USBH_BulkSendData
                0x000000000800491c       0x2c Middlewares/ST/STM32_USB_Host_Library/Core/Src/usbh_ioreq.o
                0x000000000800491c                USBH_BulkSendData
 .text.USBH_BulkReceiveData
                0x0000000008004948       0x20 Middlewares/ST/STM32_USB_Host_Library/Core/Src/usbh_ioreq.o
                0x0000000008004948                USBH_BulkReceiveData
 .text.USBH_OpenPipe
                0x0000000008004968       0x20 Middlewares/ST/STM32_USB_Host_Library/Core/Src/usbh_pipes.o
                0x0000000008004968                USBH_OpenPipe
 .text.USBH_ClosePipe
                0x0000000008004988        0xc Middlewares/ST/STM32_USB_Host_Library/Core/Src/usbh_pipes.o
                0x0000000008004988                USBH_ClosePipe
 .text.USBH_AllocPipe
                0x0000000008004994       0xa8 Middlewares/ST/STM32_USB_Host_Library/Core/Src/usbh_pipes.o
                0x0000000008004994                USBH_AllocPipe
 .text.USBH_FreePipe
                0x0000000008004a3c       0x18 Middlewares/ST/STM32_USB_Host_Library/Core/Src/usbh_pipes.o
                0x0000000008004a3c                USBH_FreePipe
 .text.osKernelStart
                0x0000000008004a54        0xc Middlewares/Third_Party/FreeRTOS/Source/CMSIS_RTOS/cmsis_os.o
                0x0000000008004a54                osKernelStart
 .text.osThreadCreate
                0x0000000008004a60       0x54 Middlewares/Third_Party/FreeRTOS/Source/CMSIS_RTOS/cmsis_os.o
                0x0000000008004a60                osThreadCreate
 .text.osDelay  0x0000000008004ab4       0x10 Middlewares/Third_Party/FreeRTOS/Source/CMSIS_RTOS/cmsis_os.o
                0x0000000008004ab4                osDelay
 .text.osMessageCreate
                0x0000000008004ac4       0x2c Middlewares/Third_Party/FreeRTOS/Source/CMSIS_RTOS/cmsis_os.o
                0x0000000008004ac4                osMessageCreate
 .text.osMessagePut
                0x0000000008004af0       0x58 Middlewares/Third_Party/FreeRTOS/Source/CMSIS_RTOS/cmsis_os.o
                0x0000000008004af0                osMessagePut
 .text.osMessageGet
                0x0000000008004b48       0x8c Middlewares/Third_Party/FreeRTOS/Source/CMSIS_RTOS/cmsis_os.o
                0x0000000008004b48                osMessageGet
 .text.vListInitialise
                0x0000000008004bd4       0x18 Middlewares/Third_Party/FreeRTOS/Source/list.o
                0x0000000008004bd4                vListInitialise
 .text.vListInitialiseItem
                0x0000000008004bec        0x8 Middlewares/Third_Party/FreeRTOS/Source/list.o
                0x0000000008004bec                vListInitialiseItem
 .text.vListInsertEnd
                0x0000000008004bf4       0x20 Middlewares/Third_Party/FreeRTOS/Source/list.o
                0x0000000008004bf4                vListInsertEnd
 .text.vListInsert
                0x0000000008004c14       0x34 Middlewares/Third_Party/FreeRTOS/Source/list.o
                0x0000000008004c14                vListInsert
 .text.uxListRemove
                0x0000000008004c48       0x28 Middlewares/Third_Party/FreeRTOS/Source/list.o
                0x0000000008004c48                uxListRemove
 .text.prvUnlockQueue
                0x0000000008004c70       0x94 Middlewares/Third_Party/FreeRTOS/Source/queue.o
 .text.xQueueGenericReset
                0x0000000008004d04       0x84 Middlewares/Third_Party/FreeRTOS/Source/queue.o
                0x0000000008004d04                xQueueGenericReset
 .text.xQueueGenericCreateStatic
                0x0000000008004d88       0xa4 Middlewares/Third_Party/FreeRTOS/Source/queue.o
                0x0000000008004d88                xQueueGenericCreateStatic
 .text.xQueueGenericCreate
                0x0000000008004e2c       0x94 Middlewares/Third_Party/FreeRTOS/Source/queue.o
                0x0000000008004e2c                xQueueGenericCreate
 .text.xQueueGenericSend
                0x0000000008004ec0      0x324 Middlewares/Third_Party/FreeRTOS/Source/queue.o
                0x0000000008004ec0                xQueueGenericSend
 .text.xQueueGenericSendFromISR
                0x00000000080051e4      0x12c Middlewares/Third_Party/FreeRTOS/Source/queue.o
                0x00000000080051e4                xQueueGenericSendFromISR
 .text.xQueueReceive
                0x0000000008005310      0x2c8 Middlewares/Third_Party/FreeRTOS/Source/queue.o
                0x0000000008005310                xQueueReceive
 .text.xQueueReceiveFromISR
                0x00000000080055d8       0xb4 Middlewares/Third_Party/FreeRTOS/Source/queue.o
                0x00000000080055d8                xQueueReceiveFromISR
 .text.prvAddNewTaskToReadyList
                0x000000000800568c      0x118 Middlewares/Third_Party/FreeRTOS/Source/tasks.o
 .text.prvInitialiseNewTask.isra.2
                0x00000000080057a4      0x114 Middlewares/Third_Party/FreeRTOS/Source/tasks.o
 .text.prvAddCurrentTaskToDelayedList
                0x00000000080058b8       0x8c Middlewares/Third_Party/FreeRTOS/Source/tasks.o
 .text.prvIdleTask
                0x0000000008005944       0xa0 Middlewares/Third_Party/FreeRTOS/Source/tasks.o
 .text.xTaskCreateStatic
                0x00000000080059e4       0x70 Middlewares/Third_Party/FreeRTOS/Source/tasks.o
                0x00000000080059e4                xTaskCreateStatic
 .text.xTaskCreate
                0x0000000008005a54      0x150 Middlewares/Third_Party/FreeRTOS/Source/tasks.o
                0x0000000008005a54                xTaskCreate
 .text.vTaskStartScheduler
                0x0000000008005ba4       0xc0 Middlewares/Third_Party/FreeRTOS/Source/tasks.o
                0x0000000008005ba4                vTaskStartScheduler
 .text.vTaskSuspendAll
                0x0000000008005c64       0x10 Middlewares/Third_Party/FreeRTOS/Source/tasks.o
                0x0000000008005c64                vTaskSuspendAll
 .text.xTaskIncrementTick
                0x0000000008005c74      0x158 Middlewares/Third_Party/FreeRTOS/Source/tasks.o
                0x0000000008005c74                xTaskIncrementTick
 .text.xTaskResumeAll
                0x0000000008005dcc      0x114 Middlewares/Third_Party/FreeRTOS/Source/tasks.o
                0x0000000008005dcc                xTaskResumeAll
 .text.vTaskDelay
                0x0000000008005ee0       0x48 Middlewares/Third_Party/FreeRTOS/Source/tasks.o
                0x0000000008005ee0                vTaskDelay
 .text.vTaskSwitchContext
                0x0000000008005f28       0x7c Middlewares/Third_Party/FreeRTOS/Source/tasks.o
                0x0000000008005f28                vTaskSwitchContext
 .text.vTaskPlaceOnEventList
                0x0000000008005fa4       0xa0 Middlewares/Third_Party/FreeRTOS/Source/tasks.o
                0x0000000008005fa4                vTaskPlaceOnEventList
 .text.xTaskRemoveFromEventList
                0x0000000008006044       0x88 Middlewares/Third_Party/FreeRTOS/Source/tasks.o
                0x0000000008006044                xTaskRemoveFromEventList
 .text.vTaskInternalSetTimeOutState
                0x00000000080060cc       0x18 Middlewares/Third_Party/FreeRTOS/Source/tasks.o
                0x00000000080060cc                vTaskInternalSetTimeOutState
 .text.xTaskCheckForTimeOut
                0x00000000080060e4       0x8c Middlewares/Third_Party/FreeRTOS/Source/tasks.o
                0x00000000080060e4                xTaskCheckForTimeOut
 .text.vTaskMissedYield
                0x0000000008006170        0xc Middlewares/Third_Party/FreeRTOS/Source/tasks.o
                0x0000000008006170                vTaskMissedYield
 .text.xTaskGetSchedulerState
                0x000000000800617c       0x20 Middlewares/Third_Party/FreeRTOS/Source/tasks.o
                0x000000000800617c                xTaskGetSchedulerState
 .text.xTaskPriorityDisinherit
                0x000000000800619c       0xb0 Middlewares/Third_Party/FreeRTOS/Source/tasks.o
                0x000000000800619c                xTaskPriorityDisinherit
 .text.prvTaskExitError
                0x000000000800624c       0x40 Middlewares/Third_Party/FreeRTOS/Source/portable/GCC/ARM_CM4F/port.o
 .text.unlikely.prvPortStartFirstTask
                0x000000000800628c       0x28 Middlewares/Third_Party/FreeRTOS/Source/portable/GCC/ARM_CM4F/port.o
 .text.unlikely.vPortEnableVFP
                0x00000000080062b4       0x14 Middlewares/Third_Party/FreeRTOS/Source/portable/GCC/ARM_CM4F/port.o
 .text.pxPortInitialiseStack
                0x00000000080062c8       0x2c Middlewares/Third_Party/FreeRTOS/Source/portable/GCC/ARM_CM4F/port.o
                0x00000000080062c8                pxPortInitialiseStack
 *fill*         0x00000000080062f4        0xc 
 .text.SVC_Handler
                0x0000000008006300       0x24 Middlewares/Third_Party/FreeRTOS/Source/portable/GCC/ARM_CM4F/port.o
                0x0000000008006300                SVC_Handler
 .text.vPortEnterCritical
                0x0000000008006324       0x44 Middlewares/Third_Party/FreeRTOS/Source/portable/GCC/ARM_CM4F/port.o
                0x0000000008006324                vPortEnterCritical
 .text.vPortExitCritical
                0x0000000008006368       0x28 Middlewares/Third_Party/FreeRTOS/Source/portable/GCC/ARM_CM4F/port.o
                0x0000000008006368                vPortExitCritical
 .text.PendSV_Handler
                0x0000000008006390       0x64 Middlewares/Third_Party/FreeRTOS/Source/portable/GCC/ARM_CM4F/port.o
                0x0000000008006390                PendSV_Handler
 .text.SysTick_Handler
                0x00000000080063f4       0x2c Middlewares/Third_Party/FreeRTOS/Source/portable/GCC/ARM_CM4F/port.o
                0x00000000080063f4                SysTick_Handler
 .text.vPortSetupTimerInterrupt
                0x0000000008006420       0x3c Middlewares/Third_Party/FreeRTOS/Source/portable/GCC/ARM_CM4F/port.o
                0x0000000008006420                vPortSetupTimerInterrupt
 .text.xPortStartScheduler
                0x000000000800645c      0x110 Middlewares/Third_Party/FreeRTOS/Source/portable/GCC/ARM_CM4F/port.o
                0x000000000800645c                xPortStartScheduler
 .text.vPortValidateInterruptPriority
                0x000000000800656c       0x5c Middlewares/Third_Party/FreeRTOS/Source/portable/GCC/ARM_CM4F/port.o
                0x000000000800656c                vPortValidateInterruptPriority
 .text.unlikely.prvInsertBlockIntoFreeList
                0x00000000080065c8       0x50 Middlewares/Third_Party/FreeRTOS/Source/portable/MemMang/heap_4.o
 .text.pvPortMalloc
                0x0000000008006618      0x118 Middlewares/Third_Party/FreeRTOS/Source/portable/MemMang/heap_4.o
                0x0000000008006618                pvPortMalloc
 .text.vPortFree
                0x0000000008006730       0x70 Middlewares/Third_Party/FreeRTOS/Source/portable/MemMang/heap_4.o
                0x0000000008006730                vPortFree
 .text.vApplicationGetIdleTaskMemory
                0x00000000080067a0       0x1c Src/freertos.o
                0x00000000080067a0                vApplicationGetIdleTaskMemory
 .text.StartDefaultTask
                0x00000000080067bc       0x10 Src/main.o
                0x00000000080067bc                StartDefaultTask
 .text.StartLED_Task
                0x00000000080067cc       0x1c Src/main.o
                0x00000000080067cc                StartLED_Task
 .text.StartButton_Task
                0x00000000080067e8       0x1c Src/main.o
                0x00000000080067e8                StartButton_Task
 .text.SystemClock_Config
                0x0000000008006804       0xac Src/main.o
                0x0000000008006804                SystemClock_Config
 .text.startup.main
                0x00000000080068b0      0x274 Src/main.o
                0x00000000080068b0                main
 .text.HAL_TIM_PeriodElapsedCallback
                0x0000000008006b24       0x10 Src/main.o
                0x0000000008006b24                HAL_TIM_PeriodElapsedCallback
 .text.Error_Handler
                0x0000000008006b34        0x4 Src/main.o
                0x0000000008006b34                Error_Handler
 .text.HAL_MspInit
                0x0000000008006b38       0x40 Src/stm32f4xx_hal_msp.o
                0x0000000008006b38                HAL_MspInit
 .text.HAL_I2C_MspInit
                0x0000000008006b78       0x70 Src/stm32f4xx_hal_msp.o
                0x0000000008006b78                HAL_I2C_MspInit
 .text.HAL_I2S_MspInit
                0x0000000008006be8       0x98 Src/stm32f4xx_hal_msp.o
                0x0000000008006be8                HAL_I2S_MspInit
 .text.HAL_SPI_MspInit
                0x0000000008006c80       0x68 Src/stm32f4xx_hal_msp.o
                0x0000000008006c80                HAL_SPI_MspInit
 .text.HAL_InitTick
                0x0000000008006ce8       0x7c Src/stm32f4xx_hal_timebase_tim.o
                0x0000000008006ce8                HAL_InitTick
 .text.NMI_Handler
                0x0000000008006d64        0x4 Src/stm32f4xx_it.o
                0x0000000008006d64                NMI_Handler
 .text.HardFault_Handler
                0x0000000008006d68        0x4 Src/stm32f4xx_it.o
                0x0000000008006d68                HardFault_Handler
 .text.MemManage_Handler
                0x0000000008006d6c        0x4 Src/stm32f4xx_it.o
                0x0000000008006d6c                MemManage_Handler
 .text.BusFault_Handler
                0x0000000008006d70        0x4 Src/stm32f4xx_it.o
                0x0000000008006d70                BusFault_Handler
 .text.UsageFault_Handler
                0x0000000008006d74        0x4 Src/stm32f4xx_it.o
                0x0000000008006d74                UsageFault_Handler
 .text.DebugMon_Handler
                0x0000000008006d78        0x4 Src/stm32f4xx_it.o
                0x0000000008006d78                DebugMon_Handler
 .text.TIM2_IRQHandler
                0x0000000008006d7c        0xc Src/stm32f4xx_it.o
                0x0000000008006d7c                TIM2_IRQHandler
 .text.OTG_FS_IRQHandler
                0x0000000008006d88        0xc Src/stm32f4xx_it.o
                0x0000000008006d88                OTG_FS_IRQHandler
 .text._sbrk    0x0000000008006d94       0x3c Src/sysmem.o
                0x0000000008006d94                _sbrk
 .text.SystemInit
                0x0000000008006dd0       0x50 Src/system_stm32f4xx.o
                0x0000000008006dd0                SystemInit
 .text.USBH_UserProcess
                0x0000000008006e20       0x28 Src/usb_host.o
 .text.MX_USB_HOST_Init
                0x0000000008006e48       0x44 Src/usb_host.o
                0x0000000008006e48                MX_USB_HOST_Init
 .text.HAL_HCD_MspInit
                0x0000000008006e8c       0x94 Src/usbh_conf.o
                0x0000000008006e8c                HAL_HCD_MspInit
 .text.HAL_HCD_SOF_Callback
                0x0000000008006f20        0x8 Src/usbh_conf.o
                0x0000000008006f20                HAL_HCD_SOF_Callback
 .text.HAL_HCD_Connect_Callback
                0x0000000008006f28        0x8 Src/usbh_conf.o
                0x0000000008006f28                HAL_HCD_Connect_Callback
 .text.HAL_HCD_Disconnect_Callback
                0x0000000008006f30        0x8 Src/usbh_conf.o
                0x0000000008006f30                HAL_HCD_Disconnect_Callback
 .text.HAL_HCD_HC_NotifyURBChange_Callback
                0x0000000008006f38        0x8 Src/usbh_conf.o
                0x0000000008006f38                HAL_HCD_HC_NotifyURBChange_Callback
 .text.HAL_HCD_PortEnabled_Callback
                0x0000000008006f40        0x8 Src/usbh_conf.o
                0x0000000008006f40                HAL_HCD_PortEnabled_Callback
 .text.HAL_HCD_PortDisabled_Callback
                0x0000000008006f48        0x8 Src/usbh_conf.o
                0x0000000008006f48                HAL_HCD_PortDisabled_Callback
 .text.USBH_LL_Init
                0x0000000008006f50       0x54 Src/usbh_conf.o
                0x0000000008006f50                USBH_LL_Init
 .text.USBH_LL_Start
                0x0000000008006fa4       0x1c Src/usbh_conf.o
                0x0000000008006fa4                USBH_LL_Start
 .text.USBH_LL_Stop
                0x0000000008006fc0       0x1c Src/usbh_conf.o
                0x0000000008006fc0                USBH_LL_Stop
 .text.USBH_LL_GetSpeed
                0x0000000008006fdc       0x1c Src/usbh_conf.o
                0x0000000008006fdc                USBH_LL_GetSpeed
 .text.USBH_LL_ResetPort
                0x0000000008006ff8       0x1c Src/usbh_conf.o
                0x0000000008006ff8                USBH_LL_ResetPort
 .text.USBH_LL_GetLastXferSize
                0x0000000008007014        0x8 Src/usbh_conf.o
                0x0000000008007014                USBH_LL_GetLastXferSize
 .text.USBH_LL_OpenPipe
                0x000000000800701c       0x30 Src/usbh_conf.o
                0x000000000800701c                USBH_LL_OpenPipe
 .text.USBH_LL_ClosePipe
                0x000000000800704c       0x1c Src/usbh_conf.o
                0x000000000800704c                USBH_LL_ClosePipe
 .text.USBH_LL_SubmitURB
                0x0000000008007068       0x34 Src/usbh_conf.o
                0x0000000008007068                USBH_LL_SubmitURB
 .text.USBH_LL_GetURBState
                0x000000000800709c        0x8 Src/usbh_conf.o
                0x000000000800709c                USBH_LL_GetURBState
 .text.USBH_LL_DriverVBUS
                0x00000000080070a4       0x24 Src/usbh_conf.o
                0x00000000080070a4                USBH_LL_DriverVBUS
 .text.USBH_LL_SetToggle
                0x00000000080070c8       0x24 Src/usbh_conf.o
                0x00000000080070c8                USBH_LL_SetToggle
 .text.USBH_Delay
                0x00000000080070ec        0x4 Src/usbh_conf.o
                0x00000000080070ec                USBH_Delay
 .text.MX_DriverVbusFS
                0x00000000080070f0       0x14 Src/usbh_platform.o
                0x00000000080070f0                MX_DriverVbusFS
 .text.Reset_Handler
                0x0000000008007104       0x50 Startup/startup_stm32f407vgtx.o
                0x0000000008007104                Reset_Handler
 .text.Default_Handler
                0x0000000008007154        0x2 Startup/startup_stm32f407vgtx.o
                0x0000000008007154                RTC_Alarm_IRQHandler
                0x0000000008007154                HASH_RNG_IRQHandler
                0x0000000008007154                EXTI2_IRQHandler
                0x0000000008007154                TIM8_CC_IRQHandler
                0x0000000008007154                TIM1_CC_IRQHandler
                0x0000000008007154                DMA2_Stream5_IRQHandler
                0x0000000008007154                DMA1_Stream5_IRQHandler
                0x0000000008007154                PVD_IRQHandler
                0x0000000008007154                SDIO_IRQHandler
                0x0000000008007154                TAMP_STAMP_IRQHandler
                0x0000000008007154                CAN2_RX1_IRQHandler
                0x0000000008007154                EXTI3_IRQHandler
                0x0000000008007154                TIM8_TRG_COM_TIM14_IRQHandler
                0x0000000008007154                TIM1_UP_TIM10_IRQHandler
                0x0000000008007154                TIM8_UP_TIM13_IRQHandler
                0x0000000008007154                I2C3_ER_IRQHandler
                0x0000000008007154                EXTI0_IRQHandler
                0x0000000008007154                I2C2_EV_IRQHandler
                0x0000000008007154                DMA1_Stream2_IRQHandler
                0x0000000008007154                CAN1_RX0_IRQHandler
                0x0000000008007154                FPU_IRQHandler
                0x0000000008007154                OTG_HS_WKUP_IRQHandler
                0x0000000008007154                CAN2_SCE_IRQHandler
                0x0000000008007154                DMA2_Stream2_IRQHandler
                0x0000000008007154                SPI1_IRQHandler
                0x0000000008007154                TIM6_DAC_IRQHandler
                0x0000000008007154                TIM1_BRK_TIM9_IRQHandler
                0x0000000008007154                DCMI_IRQHandler
                0x0000000008007154                CAN2_RX0_IRQHandler
                0x0000000008007154                DMA2_Stream3_IRQHandler
                0x0000000008007154                USART6_IRQHandler
                0x0000000008007154                USART3_IRQHandler
                0x0000000008007154                CAN1_RX1_IRQHandler
                0x0000000008007154                UART5_IRQHandler
                0x0000000008007154                DMA2_Stream0_IRQHandler
                0x0000000008007154                TIM4_IRQHandler
                0x0000000008007154                I2C1_EV_IRQHandler
                0x0000000008007154                DMA1_Stream6_IRQHandler
                0x0000000008007154                DMA1_Stream1_IRQHandler
                0x0000000008007154                UART4_IRQHandler
                0x0000000008007154                TIM3_IRQHandler
                0x0000000008007154                RCC_IRQHandler
                0x0000000008007154                TIM8_BRK_TIM12_IRQHandler
                0x0000000008007154                Default_Handler
                0x0000000008007154                EXTI15_10_IRQHandler
                0x0000000008007154                ADC_IRQHandler
                0x0000000008007154                DMA1_Stream7_IRQHandler
                0x0000000008007154                TIM7_IRQHandler
                0x0000000008007154                CAN2_TX_IRQHandler
                0x0000000008007154                TIM5_IRQHandler
                0x0000000008007154                DMA2_Stream7_IRQHandler
                0x0000000008007154                I2C3_EV_IRQHandler
                0x0000000008007154                EXTI9_5_IRQHandler
                0x0000000008007154                RTC_WKUP_IRQHandler
                0x0000000008007154                ETH_WKUP_IRQHandler
                0x0000000008007154                SPI2_IRQHandler
                0x0000000008007154                OTG_HS_EP1_IN_IRQHandler
                0x0000000008007154                DMA1_Stream0_IRQHandler
                0x0000000008007154                CAN1_TX_IRQHandler
                0x0000000008007154                EXTI4_IRQHandler
                0x0000000008007154                FSMC_IRQHandler
                0x0000000008007154                ETH_IRQHandler
                0x0000000008007154                OTG_HS_EP1_OUT_IRQHandler
                0x0000000008007154                WWDG_IRQHandler
                0x0000000008007154                OTG_FS_WKUP_IRQHandler
                0x0000000008007154                TIM1_TRG_COM_TIM11_IRQHandler
                0x0000000008007154                OTG_HS_IRQHandler
                0x0000000008007154                EXTI1_IRQHandler
                0x0000000008007154                USART2_IRQHandler
                0x0000000008007154                I2C2_ER_IRQHandler
                0x0000000008007154                DMA2_Stream1_IRQHandler
                0x0000000008007154                CAN1_SCE_IRQHandler
                0x0000000008007154                FLASH_IRQHandler
                0x0000000008007154                DMA2_Stream4_IRQHandler
                0x0000000008007154                USART1_IRQHandler
                0x0000000008007154                SPI3_IRQHandler
                0x0000000008007154                DMA1_Stream4_IRQHandler
                0x0000000008007154                I2C1_ER_IRQHandler
                0x0000000008007154                DMA2_Stream6_IRQHandler
                0x0000000008007154                DMA1_Stream3_IRQHandler
 *fill*         0x0000000008007156        0x2 
 .text.__errno  0x0000000008007158        0xc c:/st/stm32cubeide_1.0.2/stm32cubeide/plugins/com.st.stm32cube.ide.mcu.externaltools.gnu-tools-for-stm32.7-2018-q2-update.win32_1.0.0.201904181610/tools/bin/../lib/gcc/arm-none-eabi/7.3.1/../../../../arm-none-eabi/lib/thumb/v7e-m/fpv4-sp/hard\libc_nano.a(lib_a-errno.o)
                0x0000000008007158                __errno
 .text.__libc_init_array
                0x0000000008007164       0x48 c:/st/stm32cubeide_1.0.2/stm32cubeide/plugins/com.st.stm32cube.ide.mcu.externaltools.gnu-tools-for-stm32.7-2018-q2-update.win32_1.0.0.201904181610/tools/bin/../lib/gcc/arm-none-eabi/7.3.1/../../../../arm-none-eabi/lib/thumb/v7e-m/fpv4-sp/hard\libc_nano.a(lib_a-init.o)
                0x0000000008007164                __libc_init_array
 .text.malloc   0x00000000080071ac       0x10 c:/st/stm32cubeide_1.0.2/stm32cubeide/plugins/com.st.stm32cube.ide.mcu.externaltools.gnu-tools-for-stm32.7-2018-q2-update.win32_1.0.0.201904181610/tools/bin/../lib/gcc/arm-none-eabi/7.3.1/../../../../arm-none-eabi/lib/thumb/v7e-m/fpv4-sp/hard\libc_nano.a(lib_a-malloc.o)
                0x00000000080071ac                malloc
 .text.free     0x00000000080071bc       0x10 c:/st/stm32cubeide_1.0.2/stm32cubeide/plugins/com.st.stm32cube.ide.mcu.externaltools.gnu-tools-for-stm32.7-2018-q2-update.win32_1.0.0.201904181610/tools/bin/../lib/gcc/arm-none-eabi/7.3.1/../../../../arm-none-eabi/lib/thumb/v7e-m/fpv4-sp/hard\libc_nano.a(lib_a-malloc.o)
                0x00000000080071bc                free
 .text.memcpy   0x00000000080071cc       0x16 c:/st/stm32cubeide_1.0.2/stm32cubeide/plugins/com.st.stm32cube.ide.mcu.externaltools.gnu-tools-for-stm32.7-2018-q2-update.win32_1.0.0.201904181610/tools/bin/../lib/gcc/arm-none-eabi/7.3.1/../../../../arm-none-eabi/lib/thumb/v7e-m/fpv4-sp/hard\libc_nano.a(lib_a-memcpy-stub.o)
                0x00000000080071cc                memcpy
 .text.memset   0x00000000080071e2       0x10 c:/st/stm32cubeide_1.0.2/stm32cubeide/plugins/com.st.stm32cube.ide.mcu.externaltools.gnu-tools-for-stm32.7-2018-q2-update.win32_1.0.0.201904181610/tools/bin/../lib/gcc/arm-none-eabi/7.3.1/../../../../arm-none-eabi/lib/thumb/v7e-m/fpv4-sp/hard\libc_nano.a(lib_a-memset.o)
                0x00000000080071e2                memset
 *fill*         0x00000000080071f2        0x2 
 .text._free_r  0x00000000080071f4       0x9c c:/st/stm32cubeide_1.0.2/stm32cubeide/plugins/com.st.stm32cube.ide.mcu.externaltools.gnu-tools-for-stm32.7-2018-q2-update.win32_1.0.0.201904181610/tools/bin/../lib/gcc/arm-none-eabi/7.3.1/../../../../arm-none-eabi/lib/thumb/v7e-m/fpv4-sp/hard\libc_nano.a(lib_a-nano-freer.o)
                0x00000000080071f4                _free_r
 .text._malloc_r
                0x0000000008007290       0xb4 c:/st/stm32cubeide_1.0.2/stm32cubeide/plugins/com.st.stm32cube.ide.mcu.externaltools.gnu-tools-for-stm32.7-2018-q2-update.win32_1.0.0.201904181610/tools/bin/../lib/gcc/arm-none-eabi/7.3.1/../../../../arm-none-eabi/lib/thumb/v7e-m/fpv4-sp/hard\libc_nano.a(lib_a-nano-mallocr.o)
                0x0000000008007290                _malloc_r
 .text._sbrk_r  0x0000000008007344       0x20 c:/st/stm32cubeide_1.0.2/stm32cubeide/plugins/com.st.stm32cube.ide.mcu.externaltools.gnu-tools-for-stm32.7-2018-q2-update.win32_1.0.0.201904181610/tools/bin/../lib/gcc/arm-none-eabi/7.3.1/../../../../arm-none-eabi/lib/thumb/v7e-m/fpv4-sp/hard\libc_nano.a(lib_a-sbrkr.o)
                0x0000000008007344                _sbrk_r
 .text.__malloc_lock
                0x0000000008007364        0x2 c:/st/stm32cubeide_1.0.2/stm32cubeide/plugins/com.st.stm32cube.ide.mcu.externaltools.gnu-tools-for-stm32.7-2018-q2-update.win32_1.0.0.201904181610/tools/bin/../lib/gcc/arm-none-eabi/7.3.1/../../../../arm-none-eabi/lib/thumb/v7e-m/fpv4-sp/hard\libc_nano.a(lib_a-mlock.o)
                0x0000000008007364                __malloc_lock
 .text.__malloc_unlock
                0x0000000008007366        0x2 c:/st/stm32cubeide_1.0.2/stm32cubeide/plugins/com.st.stm32cube.ide.mcu.externaltools.gnu-tools-for-stm32.7-2018-q2-update.win32_1.0.0.201904181610/tools/bin/../lib/gcc/arm-none-eabi/7.3.1/../../../../arm-none-eabi/lib/thumb/v7e-m/fpv4-sp/hard\libc_nano.a(lib_a-mlock.o)
                0x0000000008007366                __malloc_unlock
 *(.glue_7)
 .glue_7        0x0000000008007368        0x0 linker stubs
 *(.glue_7t)
 .glue_7t       0x0000000008007368        0x0 linker stubs
 *(.eh_frame)
 .eh_frame      0x0000000008007368        0x0 c:/st/stm32cubeide_1.0.2/stm32cubeide/plugins/com.st.stm32cube.ide.mcu.externaltools.gnu-tools-for-stm32.7-2018-q2-update.win32_1.0.0.201904181610/tools/bin/../lib/gcc/arm-none-eabi/7.3.1/thumb/v7e-m/fpv4-sp/hard/crtbegin.o
 *(.init)
 .init          0x0000000008007368        0x4 c:/st/stm32cubeide_1.0.2/stm32cubeide/plugins/com.st.stm32cube.ide.mcu.externaltools.gnu-tools-for-stm32.7-2018-q2-update.win32_1.0.0.201904181610/tools/bin/../lib/gcc/arm-none-eabi/7.3.1/thumb/v7e-m/fpv4-sp/hard/crti.o
                0x0000000008007368                _init
 .init          0x000000000800736c        0x8 c:/st/stm32cubeide_1.0.2/stm32cubeide/plugins/com.st.stm32cube.ide.mcu.externaltools.gnu-tools-for-stm32.7-2018-q2-update.win32_1.0.0.201904181610/tools/bin/../lib/gcc/arm-none-eabi/7.3.1/thumb/v7e-m/fpv4-sp/hard/crtn.o
 *(.fini)
 .fini          0x0000000008007374        0x4 c:/st/stm32cubeide_1.0.2/stm32cubeide/plugins/com.st.stm32cube.ide.mcu.externaltools.gnu-tools-for-stm32.7-2018-q2-update.win32_1.0.0.201904181610/tools/bin/../lib/gcc/arm-none-eabi/7.3.1/thumb/v7e-m/fpv4-sp/hard/crti.o
                0x0000000008007374                _fini
 .fini          0x0000000008007378        0x8 c:/st/stm32cubeide_1.0.2/stm32cubeide/plugins/com.st.stm32cube.ide.mcu.externaltools.gnu-tools-for-stm32.7-2018-q2-update.win32_1.0.0.201904181610/tools/bin/../lib/gcc/arm-none-eabi/7.3.1/thumb/v7e-m/fpv4-sp/hard/crtn.o
                0x0000000008007380                . = ALIGN (0x4)
                0x0000000008007380                _etext = .

.vfp11_veneer   0x0000000008007380        0x0
 .vfp11_veneer  0x0000000008007380        0x0 linker stubs

.v4_bx          0x0000000008007380        0x0
 .v4_bx         0x0000000008007380        0x0 linker stubs

.iplt           0x0000000008007380        0x0
 .iplt          0x0000000008007380        0x0 c:/st/stm32cubeide_1.0.2/stm32cubeide/plugins/com.st.stm32cube.ide.mcu.externaltools.gnu-tools-for-stm32.7-2018-q2-update.win32_1.0.0.201904181610/tools/bin/../lib/gcc/arm-none-eabi/7.3.1/thumb/v7e-m/fpv4-sp/hard/crtbegin.o

.rodata         0x0000000008007380       0xe0
                0x0000000008007380                . = ALIGN (0x4)
 *(.rodata)
 .rodata        0x0000000008007380       0x2c Middlewares/ST/STM32_USB_Host_Library/Core/Src/usbh_core.o
 .rodata        0x00000000080073ac       0x54 Src/main.o
 *(.rodata*)
 .rodata.str1.4
                0x0000000008007400        0x4 Middlewares/ST/STM32_USB_Host_Library/Class/CDC/Src/usbh_cdc.o
 .rodata.str1.4
                0x0000000008007404        0xc Middlewares/ST/STM32_USB_Host_Library/Core/Src/usbh_core.o
 .rodata.vTaskStartScheduler.str1.4
                0x0000000008007410        0x5 Middlewares/Third_Party/FreeRTOS/Source/tasks.o
 *fill*         0x0000000008007415        0x3 
 .rodata.str1.4
                0x0000000008007418       0x28 Src/main.o
 .rodata.AHBPrescTable
                0x0000000008007440       0x10 Src/system_stm32f4xx.o
                0x0000000008007440                AHBPrescTable
 .rodata.APBPrescTable
                0x0000000008007450        0x8 Src/system_stm32f4xx.o
                0x0000000008007450                APBPrescTable
 .rodata.CSWTCH.12
                0x0000000008007458        0x3 Src/usbh_conf.o
 *fill*         0x000000000800745b        0x1 
 .rodata.CSWTCH.20
                0x000000000800745c        0x4 Src/usbh_conf.o
                0x0000000008007460                . = ALIGN (0x4)

.ARM.extab      0x0000000008007460        0x0
                0x0000000008007460                . = ALIGN (0x4)
 *(.ARM.extab* .gnu.linkonce.armextab.*)
                0x0000000008007460                . = ALIGN (0x4)

.ARM            0x0000000008007460        0x8
                0x0000000008007460                . = ALIGN (0x4)
                0x0000000008007460                __exidx_start = .
 *(.ARM.exidx*)
 .ARM.exidx     0x0000000008007460        0x8 c:/st/stm32cubeide_1.0.2/stm32cubeide/plugins/com.st.stm32cube.ide.mcu.externaltools.gnu-tools-for-stm32.7-2018-q2-update.win32_1.0.0.201904181610/tools/bin/../lib/gcc/arm-none-eabi/7.3.1/thumb/v7e-m/fpv4-sp/hard\libgcc.a(_udivmoddi4.o)
                0x0000000008007468                __exidx_end = .
                0x0000000008007468                . = ALIGN (0x4)

.rel.dyn        0x0000000008007468        0x0
 .rel.iplt      0x0000000008007468        0x0 c:/st/stm32cubeide_1.0.2/stm32cubeide/plugins/com.st.stm32cube.ide.mcu.externaltools.gnu-tools-for-stm32.7-2018-q2-update.win32_1.0.0.201904181610/tools/bin/../lib/gcc/arm-none-eabi/7.3.1/thumb/v7e-m/fpv4-sp/hard/crtbegin.o

.preinit_array  0x0000000008007468        0x0
                0x0000000008007468                . = ALIGN (0x4)
                0x0000000008007468                PROVIDE (__preinit_array_start = .)
 *(.preinit_array*)
                0x0000000008007468                PROVIDE (__preinit_array_end = .)
                0x0000000008007468                . = ALIGN (0x4)

.init_array     0x0000000008007468        0x4
                0x0000000008007468                . = ALIGN (0x4)
                0x0000000008007468                PROVIDE (__init_array_start = .)
 *(SORT_BY_NAME(.init_array.*))
 *(.init_array*)
 .init_array    0x0000000008007468        0x4 c:/st/stm32cubeide_1.0.2/stm32cubeide/plugins/com.st.stm32cube.ide.mcu.externaltools.gnu-tools-for-stm32.7-2018-q2-update.win32_1.0.0.201904181610/tools/bin/../lib/gcc/arm-none-eabi/7.3.1/thumb/v7e-m/fpv4-sp/hard/crtbegin.o
                0x000000000800746c                PROVIDE (__init_array_end = .)
                0x000000000800746c                . = ALIGN (0x4)

.fini_array     0x000000000800746c        0x4
                0x000000000800746c                . = ALIGN (0x4)
                [!provide]                        PROVIDE (__fini_array_start = .)
 *(SORT_BY_NAME(.fini_array.*))
 *(.fini_array*)
 .fini_array    0x000000000800746c        0x4 c:/st/stm32cubeide_1.0.2/stm32cubeide/plugins/com.st.stm32cube.ide.mcu.externaltools.gnu-tools-for-stm32.7-2018-q2-update.win32_1.0.0.201904181610/tools/bin/../lib/gcc/arm-none-eabi/7.3.1/thumb/v7e-m/fpv4-sp/hard/crtbegin.o
                [!provide]                        PROVIDE (__fini_array_end = .)
                0x0000000008007470                . = ALIGN (0x4)
                0x0000000008007470                _sidata = LOADADDR (.data)

.data           0x0000000020000000       0x90 load address 0x0000000008007470
                0x0000000020000000                . = ALIGN (0x4)
                0x0000000020000000                _sdata = .
 *(.data)
 *(.data*)
 .data.uwTickFreq
                0x0000000020000000        0x1 Drivers/STM32F4xx_HAL_Driver/Src/stm32f4xx_hal.o
                0x0000000020000000                uwTickFreq
 *fill*         0x0000000020000001        0x3 
 .data.CDC_Class
                0x0000000020000004       0x20 Middlewares/ST/STM32_USB_Host_Library/Class/CDC/Src/usbh_cdc.o
                0x0000000020000004                CDC_Class
 .data.uxCriticalNesting
                0x0000000020000024        0x4 Middlewares/Third_Party/FreeRTOS/Source/portable/GCC/ARM_CM4F/port.o
 .data.SystemCoreClock
                0x0000000020000028        0x4 Src/system_stm32f4xx.o
                0x0000000020000028                SystemCoreClock
 .data._impure_ptr
                0x000000002000002c        0x4 c:/st/stm32cubeide_1.0.2/stm32cubeide/plugins/com.st.stm32cube.ide.mcu.externaltools.gnu-tools-for-stm32.7-2018-q2-update.win32_1.0.0.201904181610/tools/bin/../lib/gcc/arm-none-eabi/7.3.1/../../../../arm-none-eabi/lib/thumb/v7e-m/fpv4-sp/hard\libc_nano.a(lib_a-impure.o)
                0x000000002000002c                _impure_ptr
 .data.impure_data
                0x0000000020000030       0x60 c:/st/stm32cubeide_1.0.2/stm32cubeide/plugins/com.st.stm32cube.ide.mcu.externaltools.gnu-tools-for-stm32.7-2018-q2-update.win32_1.0.0.201904181610/tools/bin/../lib/gcc/arm-none-eabi/7.3.1/../../../../arm-none-eabi/lib/thumb/v7e-m/fpv4-sp/hard\libc_nano.a(lib_a-impure.o)
                0x0000000020000090                . = ALIGN (0x4)
                0x0000000020000090                _edata = .

.igot.plt       0x0000000020000090        0x0 load address 0x0000000008007500
 .igot.plt      0x0000000020000090        0x0 c:/st/stm32cubeide_1.0.2/stm32cubeide/plugins/com.st.stm32cube.ide.mcu.externaltools.gnu-tools-for-stm32.7-2018-q2-update.win32_1.0.0.201904181610/tools/bin/../lib/gcc/arm-none-eabi/7.3.1/thumb/v7e-m/fpv4-sp/hard/crtbegin.o
                0x0000000020000090                . = ALIGN (0x4)

.bss            0x0000000020000090     0x47b0 load address 0x0000000008007500
                0x0000000020000090                _sbss = .
                0x0000000020000090                __bss_start__ = _sbss
 *(.bss)
 .bss           0x0000000020000090       0x1c c:/st/stm32cubeide_1.0.2/stm32cubeide/plugins/com.st.stm32cube.ide.mcu.externaltools.gnu-tools-for-stm32.7-2018-q2-update.win32_1.0.0.201904181610/tools/bin/../lib/gcc/arm-none-eabi/7.3.1/thumb/v7e-m/fpv4-sp/hard/crtbegin.o
 *(.bss*)
 .bss.tmpreg.8928
                0x00000000200000ac        0x4 Drivers/STM32F4xx_HAL_Driver/Src/stm32f4xx_ll_usb.o
 .bss.pxCurrentTCB
                0x00000000200000b0        0x4 Middlewares/Third_Party/FreeRTOS/Source/tasks.o
                0x00000000200000b0                pxCurrentTCB
 .bss.pxDelayedTaskList
                0x00000000200000b4        0x4 Middlewares/Third_Party/FreeRTOS/Source/tasks.o
 .bss.pxOverflowDelayedTaskList
                0x00000000200000b8        0x4 Middlewares/Third_Party/FreeRTOS/Source/tasks.o
 .bss.pxReadyTasksLists
                0x00000000200000bc       0x8c Middlewares/Third_Party/FreeRTOS/Source/tasks.o
 .bss.uxCurrentNumberOfTasks
                0x0000000020000148        0x4 Middlewares/Third_Party/FreeRTOS/Source/tasks.o
 .bss.uxDeletedTasksWaitingCleanUp
                0x000000002000014c        0x4 Middlewares/Third_Party/FreeRTOS/Source/tasks.o
 .bss.uxPendedTicks
                0x0000000020000150        0x4 Middlewares/Third_Party/FreeRTOS/Source/tasks.o
 .bss.uxSchedulerSuspended
                0x0000000020000154        0x4 Middlewares/Third_Party/FreeRTOS/Source/tasks.o
 .bss.uxTaskNumber
                0x0000000020000158        0x4 Middlewares/Third_Party/FreeRTOS/Source/tasks.o
 .bss.uxTopReadyPriority
                0x000000002000015c        0x4 Middlewares/Third_Party/FreeRTOS/Source/tasks.o
 .bss.xDelayedTaskList1
                0x0000000020000160       0x14 Middlewares/Third_Party/FreeRTOS/Source/tasks.o
 .bss.xDelayedTaskList2
                0x0000000020000174       0x14 Middlewares/Third_Party/FreeRTOS/Source/tasks.o
 .bss.xNextTaskUnblockTime
                0x0000000020000188        0x4 Middlewares/Third_Party/FreeRTOS/Source/tasks.o
 .bss.xNumOfOverflows
                0x000000002000018c        0x4 Middlewares/Third_Party/FreeRTOS/Source/tasks.o
 .bss.xPendingReadyList
                0x0000000020000190       0x14 Middlewares/Third_Party/FreeRTOS/Source/tasks.o
 .bss.xSchedulerRunning
                0x00000000200001a4        0x4 Middlewares/Third_Party/FreeRTOS/Source/tasks.o
 .bss.xSuspendedTaskList
                0x00000000200001a8       0x14 Middlewares/Third_Party/FreeRTOS/Source/tasks.o
 .bss.xTasksWaitingTermination
                0x00000000200001bc       0x14 Middlewares/Third_Party/FreeRTOS/Source/tasks.o
 .bss.xTickCount
                0x00000000200001d0        0x4 Middlewares/Third_Party/FreeRTOS/Source/tasks.o
 .bss.xYieldPending
                0x00000000200001d4        0x4 Middlewares/Third_Party/FreeRTOS/Source/tasks.o
 .bss.ucMaxSysCallPriority
                0x00000000200001d8        0x1 Middlewares/Third_Party/FreeRTOS/Source/portable/GCC/ARM_CM4F/port.o
 *fill*         0x00000000200001d9        0x3 
 .bss.ulMaxPRIGROUPValue
                0x00000000200001dc        0x4 Middlewares/Third_Party/FreeRTOS/Source/portable/GCC/ARM_CM4F/port.o
 .bss.pxEnd     0x00000000200001e0        0x4 Middlewares/Third_Party/FreeRTOS/Source/portable/MemMang/heap_4.o
 .bss.ucHeap    0x00000000200001e4     0x3c00 Middlewares/Third_Party/FreeRTOS/Source/portable/MemMang/heap_4.o
 .bss.xBlockAllocatedBit
                0x0000000020003de4        0x4 Middlewares/Third_Party/FreeRTOS/Source/portable/MemMang/heap_4.o
 .bss.xFreeBytesRemaining
                0x0000000020003de8        0x4 Middlewares/Third_Party/FreeRTOS/Source/portable/MemMang/heap_4.o
 .bss.xMinimumEverFreeBytesRemaining
                0x0000000020003dec        0x4 Middlewares/Third_Party/FreeRTOS/Source/portable/MemMang/heap_4.o
 .bss.xStart    0x0000000020003df0        0x8 Middlewares/Third_Party/FreeRTOS/Source/portable/MemMang/heap_4.o
 .bss.xIdleStack
                0x0000000020003df8      0x200 Src/freertos.o
 .bss.xIdleTaskTCBBuffer
                0x0000000020003ff8       0x54 Src/freertos.o
 .bss.heap_end.6424
                0x000000002000404c        0x4 Src/sysmem.o
 .bss.Appli_state
                0x0000000020004050        0x1 Src/usb_host.o
                0x0000000020004050                Appli_state
 *fill*         0x0000000020004051        0x3 
 .bss.__malloc_free_list
                0x0000000020004054        0x4 c:/st/stm32cubeide_1.0.2/stm32cubeide/plugins/com.st.stm32cube.ide.mcu.externaltools.gnu-tools-for-stm32.7-2018-q2-update.win32_1.0.0.201904181610/tools/bin/../lib/gcc/arm-none-eabi/7.3.1/../../../../arm-none-eabi/lib/thumb/v7e-m/fpv4-sp/hard\libc_nano.a(lib_a-nano-mallocr.o)
                0x0000000020004054                __malloc_free_list
 .bss.__malloc_sbrk_start
                0x0000000020004058        0x4 c:/st/stm32cubeide_1.0.2/stm32cubeide/plugins/com.st.stm32cube.ide.mcu.externaltools.gnu-tools-for-stm32.7-2018-q2-update.win32_1.0.0.201904181610/tools/bin/../lib/gcc/arm-none-eabi/7.3.1/../../../../arm-none-eabi/lib/thumb/v7e-m/fpv4-sp/hard\libc_nano.a(lib_a-nano-mallocr.o)
                0x0000000020004058                __malloc_sbrk_start
 *(COMMON)
 COMMON         0x000000002000405c        0x4 Drivers/STM32F4xx_HAL_Driver/Src/stm32f4xx_hal.o
                0x000000002000405c                uwTick
 COMMON         0x0000000020004060      0x100 Src/main.o
                0x0000000020004060                defaultTaskHandle
                0x0000000020004064                myLED_TaskHandle
                0x0000000020004068                hi2c1
                0x00000000200040bc                hspi1
                0x0000000020004114                myButton_TaskHandle
                0x0000000020004118                hi2s3
 COMMON         0x0000000020004160       0x40 Src/stm32f4xx_hal_timebase_tim.o
                0x0000000020004160                htim2
 COMMON         0x00000000200041a0      0x3d8 Src/usb_host.o
                0x00000000200041a0                hUsbHostFS
 COMMON         0x0000000020004578      0x2c4 Src/usbh_conf.o
                0x0000000020004578                hhcd_USB_OTG_FS
 COMMON         0x000000002000483c        0x4 c:/st/stm32cubeide_1.0.2/stm32cubeide/plugins/com.st.stm32cube.ide.mcu.externaltools.gnu-tools-for-stm32.7-2018-q2-update.win32_1.0.0.201904181610/tools/bin/../lib/gcc/arm-none-eabi/7.3.1/../../../../arm-none-eabi/lib/thumb/v7e-m/fpv4-sp/hard\libc_nano.a(lib_a-reent.o)
                0x000000002000483c                errno
                0x0000000020004840                . = ALIGN (0x4)
                0x0000000020004840                _ebss = .
                0x0000000020004840                __bss_end__ = _ebss

._user_heap_stack
                0x0000000020004840      0x600 load address 0x0000000008007500
                0x0000000020004840                . = ALIGN (0x8)
                0x0000000020004840                PROVIDE (end = .)
                [!provide]                        PROVIDE (_end = .)
                0x0000000020004a40                . = (. + _Min_Heap_Size)
 *fill*         0x0000000020004840      0x200 
                0x0000000020004e40                . = (. + _Min_Stack_Size)
 *fill*         0x0000000020004a40      0x400 
                0x0000000020004e40                . = ALIGN (0x8)

/DISCARD/
 libc.a(*)
 libm.a(*)
 libgcc.a(*)

.ARM.attributes
                0x0000000000000000       0x30
 *(.ARM.attributes)
 .ARM.attributes
                0x0000000000000000       0x22 c:/st/stm32cubeide_1.0.2/stm32cubeide/plugins/com.st.stm32cube.ide.mcu.externaltools.gnu-tools-for-stm32.7-2018-q2-update.win32_1.0.0.201904181610/tools/bin/../lib/gcc/arm-none-eabi/7.3.1/thumb/v7e-m/fpv4-sp/hard/crti.o
 .ARM.attributes
                0x0000000000000022       0x34 c:/st/stm32cubeide_1.0.2/stm32cubeide/plugins/com.st.stm32cube.ide.mcu.externaltools.gnu-tools-for-stm32.7-2018-q2-update.win32_1.0.0.201904181610/tools/bin/../lib/gcc/arm-none-eabi/7.3.1/thumb/v7e-m/fpv4-sp/hard/crtbegin.o
 .ARM.attributes
                0x0000000000000056       0x39 Drivers/STM32F4xx_HAL_Driver/Src/stm32f4xx_hal.o
 .ARM.attributes
                0x000000000000008f       0x39 Drivers/STM32F4xx_HAL_Driver/Src/stm32f4xx_hal_cortex.o
 .ARM.attributes
                0x00000000000000c8       0x39 Drivers/STM32F4xx_HAL_Driver/Src/stm32f4xx_hal_gpio.o
 .ARM.attributes
                0x0000000000000101       0x39 Drivers/STM32F4xx_HAL_Driver/Src/stm32f4xx_hal_hcd.o
 .ARM.attributes
                0x000000000000013a       0x39 Drivers/STM32F4xx_HAL_Driver/Src/stm32f4xx_hal_i2c.o
 .ARM.attributes
                0x0000000000000173       0x39 Drivers/STM32F4xx_HAL_Driver/Src/stm32f4xx_hal_i2s.o
 .ARM.attributes
                0x00000000000001ac       0x39 Drivers/STM32F4xx_HAL_Driver/Src/stm32f4xx_hal_i2s_ex.o
 .ARM.attributes
                0x00000000000001e5       0x39 Drivers/STM32F4xx_HAL_Driver/Src/stm32f4xx_hal_rcc.o
 .ARM.attributes
                0x000000000000021e       0x39 Drivers/STM32F4xx_HAL_Driver/Src/stm32f4xx_hal_rcc_ex.o
 .ARM.attributes
                0x0000000000000257       0x39 Drivers/STM32F4xx_HAL_Driver/Src/stm32f4xx_hal_spi.o
 .ARM.attributes
                0x0000000000000290       0x39 Drivers/STM32F4xx_HAL_Driver/Src/stm32f4xx_hal_tim.o
 .ARM.attributes
                0x00000000000002c9       0x39 Drivers/STM32F4xx_HAL_Driver/Src/stm32f4xx_hal_tim_ex.o
 .ARM.attributes
                0x0000000000000302       0x39 Drivers/STM32F4xx_HAL_Driver/Src/stm32f4xx_ll_usb.o
 .ARM.attributes
                0x000000000000033b       0x39 Middlewares/ST/STM32_USB_Host_Library/Class/CDC/Src/usbh_cdc.o
 .ARM.attributes
                0x0000000000000374       0x39 Middlewares/ST/STM32_USB_Host_Library/Core/Src/usbh_core.o
 .ARM.attributes
                0x00000000000003ad       0x39 Middlewares/ST/STM32_USB_Host_Library/Core/Src/usbh_ctlreq.o
 .ARM.attributes
                0x00000000000003e6       0x39 Middlewares/ST/STM32_USB_Host_Library/Core/Src/usbh_ioreq.o
 .ARM.attributes
                0x000000000000041f       0x39 Middlewares/ST/STM32_USB_Host_Library/Core/Src/usbh_pipes.o
 .ARM.attributes
                0x0000000000000458       0x39 Middlewares/Third_Party/FreeRTOS/Source/CMSIS_RTOS/cmsis_os.o
 .ARM.attributes
                0x0000000000000491       0x39 Middlewares/Third_Party/FreeRTOS/Source/list.o
 .ARM.attributes
                0x00000000000004ca       0x39 Middlewares/Third_Party/FreeRTOS/Source/queue.o
 .ARM.attributes
                0x0000000000000503       0x39 Middlewares/Third_Party/FreeRTOS/Source/tasks.o
 .ARM.attributes
                0x000000000000053c       0x39 Middlewares/Third_Party/FreeRTOS/Source/portable/GCC/ARM_CM4F/port.o
 .ARM.attributes
                0x0000000000000575       0x39 Middlewares/Third_Party/FreeRTOS/Source/portable/MemMang/heap_4.o
 .ARM.attributes
                0x00000000000005ae       0x39 Src/freertos.o
 .ARM.attributes
                0x00000000000005e7       0x39 Src/main.o
 .ARM.attributes
                0x0000000000000620       0x39 Src/stm32f4xx_hal_msp.o
 .ARM.attributes
                0x0000000000000659       0x39 Src/stm32f4xx_hal_timebase_tim.o
 .ARM.attributes
                0x0000000000000692       0x39 Src/stm32f4xx_it.o
 .ARM.attributes
                0x00000000000006cb       0x39 Src/sysmem.o
 .ARM.attributes
                0x0000000000000704       0x39 Src/system_stm32f4xx.o
 .ARM.attributes
                0x000000000000073d       0x39 Src/usb_host.o
 .ARM.attributes
                0x0000000000000776       0x39 Src/usbh_conf.o
 .ARM.attributes
                0x00000000000007af       0x39 Src/usbh_platform.o
 .ARM.attributes
                0x00000000000007e8       0x21 Startup/startup_stm32f407vgtx.o
 .ARM.attributes
                0x0000000000000809       0x34 c:/st/stm32cubeide_1.0.2/stm32cubeide/plugins/com.st.stm32cube.ide.mcu.externaltools.gnu-tools-for-stm32.7-2018-q2-update.win32_1.0.0.201904181610/tools/bin/../lib/gcc/arm-none-eabi/7.3.1/../../../../arm-none-eabi/lib/thumb/v7e-m/fpv4-sp/hard\libc_nano.a(lib_a-errno.o)
 .ARM.attributes
                0x000000000000083d       0x34 c:/st/stm32cubeide_1.0.2/stm32cubeide/plugins/com.st.stm32cube.ide.mcu.externaltools.gnu-tools-for-stm32.7-2018-q2-update.win32_1.0.0.201904181610/tools/bin/../lib/gcc/arm-none-eabi/7.3.1/../../../../arm-none-eabi/lib/thumb/v7e-m/fpv4-sp/hard\libc_nano.a(lib_a-impure.o)
 .ARM.attributes
                0x0000000000000871       0x34 c:/st/stm32cubeide_1.0.2/stm32cubeide/plugins/com.st.stm32cube.ide.mcu.externaltools.gnu-tools-for-stm32.7-2018-q2-update.win32_1.0.0.201904181610/tools/bin/../lib/gcc/arm-none-eabi/7.3.1/../../../../arm-none-eabi/lib/thumb/v7e-m/fpv4-sp/hard\libc_nano.a(lib_a-init.o)
 .ARM.attributes
                0x00000000000008a5       0x34 c:/st/stm32cubeide_1.0.2/stm32cubeide/plugins/com.st.stm32cube.ide.mcu.externaltools.gnu-tools-for-stm32.7-2018-q2-update.win32_1.0.0.201904181610/tools/bin/../lib/gcc/arm-none-eabi/7.3.1/../../../../arm-none-eabi/lib/thumb/v7e-m/fpv4-sp/hard\libc_nano.a(lib_a-malloc.o)
 .ARM.attributes
                0x00000000000008d9       0x34 c:/st/stm32cubeide_1.0.2/stm32cubeide/plugins/com.st.stm32cube.ide.mcu.externaltools.gnu-tools-for-stm32.7-2018-q2-update.win32_1.0.0.201904181610/tools/bin/../lib/gcc/arm-none-eabi/7.3.1/../../../../arm-none-eabi/lib/thumb/v7e-m/fpv4-sp/hard\libc_nano.a(lib_a-memcpy-stub.o)
 .ARM.attributes
                0x000000000000090d       0x34 c:/st/stm32cubeide_1.0.2/stm32cubeide/plugins/com.st.stm32cube.ide.mcu.externaltools.gnu-tools-for-stm32.7-2018-q2-update.win32_1.0.0.201904181610/tools/bin/../lib/gcc/arm-none-eabi/7.3.1/../../../../arm-none-eabi/lib/thumb/v7e-m/fpv4-sp/hard\libc_nano.a(lib_a-memset.o)
 .ARM.attributes
                0x0000000000000941       0x34 c:/st/stm32cubeide_1.0.2/stm32cubeide/plugins/com.st.stm32cube.ide.mcu.externaltools.gnu-tools-for-stm32.7-2018-q2-update.win32_1.0.0.201904181610/tools/bin/../lib/gcc/arm-none-eabi/7.3.1/../../../../arm-none-eabi/lib/thumb/v7e-m/fpv4-sp/hard\libc_nano.a(lib_a-nano-freer.o)
 .ARM.attributes
                0x0000000000000975       0x34 c:/st/stm32cubeide_1.0.2/stm32cubeide/plugins/com.st.stm32cube.ide.mcu.externaltools.gnu-tools-for-stm32.7-2018-q2-update.win32_1.0.0.201904181610/tools/bin/../lib/gcc/arm-none-eabi/7.3.1/../../../../arm-none-eabi/lib/thumb/v7e-m/fpv4-sp/hard\libc_nano.a(lib_a-nano-mallocr.o)
 .ARM.attributes
                0x00000000000009a9       0x34 c:/st/stm32cubeide_1.0.2/stm32cubeide/plugins/com.st.stm32cube.ide.mcu.externaltools.gnu-tools-for-stm32.7-2018-q2-update.win32_1.0.0.201904181610/tools/bin/../lib/gcc/arm-none-eabi/7.3.1/../../../../arm-none-eabi/lib/thumb/v7e-m/fpv4-sp/hard\libc_nano.a(lib_a-sbrkr.o)
 .ARM.attributes
                0x00000000000009dd       0x34 c:/st/stm32cubeide_1.0.2/stm32cubeide/plugins/com.st.stm32cube.ide.mcu.externaltools.gnu-tools-for-stm32.7-2018-q2-update.win32_1.0.0.201904181610/tools/bin/../lib/gcc/arm-none-eabi/7.3.1/../../../../arm-none-eabi/lib/thumb/v7e-m/fpv4-sp/hard\libc_nano.a(lib_a-mlock.o)
 .ARM.attributes
                0x0000000000000a11       0x34 c:/st/stm32cubeide_1.0.2/stm32cubeide/plugins/com.st.stm32cube.ide.mcu.externaltools.gnu-tools-for-stm32.7-2018-q2-update.win32_1.0.0.201904181610/tools/bin/../lib/gcc/arm-none-eabi/7.3.1/../../../../arm-none-eabi/lib/thumb/v7e-m/fpv4-sp/hard\libc_nano.a(lib_a-reent.o)
 .ARM.attributes
                0x0000000000000a45       0x22 c:/st/stm32cubeide_1.0.2/stm32cubeide/plugins/com.st.stm32cube.ide.mcu.externaltools.gnu-tools-for-stm32.7-2018-q2-update.win32_1.0.0.201904181610/tools/bin/../lib/gcc/arm-none-eabi/7.3.1/thumb/v7e-m/fpv4-sp/hard\libgcc.a(_aeabi_uldivmod.o)
 .ARM.attributes
                0x0000000000000a67       0x34 c:/st/stm32cubeide_1.0.2/stm32cubeide/plugins/com.st.stm32cube.ide.mcu.externaltools.gnu-tools-for-stm32.7-2018-q2-update.win32_1.0.0.201904181610/tools/bin/../lib/gcc/arm-none-eabi/7.3.1/thumb/v7e-m/fpv4-sp/hard\libgcc.a(_udivmoddi4.o)
 .ARM.attributes
                0x0000000000000a9b       0x22 c:/st/stm32cubeide_1.0.2/stm32cubeide/plugins/com.st.stm32cube.ide.mcu.externaltools.gnu-tools-for-stm32.7-2018-q2-update.win32_1.0.0.201904181610/tools/bin/../lib/gcc/arm-none-eabi/7.3.1/thumb/v7e-m/fpv4-sp/hard\libgcc.a(_dvmd_tls.o)
 .ARM.attributes
                0x0000000000000abd       0x22 c:/st/stm32cubeide_1.0.2/stm32cubeide/plugins/com.st.stm32cube.ide.mcu.externaltools.gnu-tools-for-stm32.7-2018-q2-update.win32_1.0.0.201904181610/tools/bin/../lib/gcc/arm-none-eabi/7.3.1/thumb/v7e-m/fpv4-sp/hard/crtn.o
OUTPUT(My_30072019.elf elf32-littlearm)

.comment        0x0000000000000000       0x7b
 .comment       0x0000000000000000       0x7b Drivers/STM32F4xx_HAL_Driver/Src/stm32f4xx_hal.o
                                         0x7c (size before relaxing)
 .comment       0x000000000000007b       0x7c Drivers/STM32F4xx_HAL_Driver/Src/stm32f4xx_hal_cortex.o
 .comment       0x000000000000007b       0x7c Drivers/STM32F4xx_HAL_Driver/Src/stm32f4xx_hal_gpio.o
 .comment       0x000000000000007b       0x7c Drivers/STM32F4xx_HAL_Driver/Src/stm32f4xx_hal_hcd.o
 .comment       0x000000000000007b       0x7c Drivers/STM32F4xx_HAL_Driver/Src/stm32f4xx_hal_i2c.o
 .comment       0x000000000000007b       0x7c Drivers/STM32F4xx_HAL_Driver/Src/stm32f4xx_hal_i2s.o
 .comment       0x000000000000007b       0x7c Drivers/STM32F4xx_HAL_Driver/Src/stm32f4xx_hal_i2s_ex.o
 .comment       0x000000000000007b       0x7c Drivers/STM32F4xx_HAL_Driver/Src/stm32f4xx_hal_rcc.o
 .comment       0x000000000000007b       0x7c Drivers/STM32F4xx_HAL_Driver/Src/stm32f4xx_hal_rcc_ex.o
 .comment       0x000000000000007b       0x7c Drivers/STM32F4xx_HAL_Driver/Src/stm32f4xx_hal_spi.o
 .comment       0x000000000000007b       0x7c Drivers/STM32F4xx_HAL_Driver/Src/stm32f4xx_hal_tim.o
 .comment       0x000000000000007b       0x7c Drivers/STM32F4xx_HAL_Driver/Src/stm32f4xx_hal_tim_ex.o
 .comment       0x000000000000007b       0x7c Drivers/STM32F4xx_HAL_Driver/Src/stm32f4xx_ll_usb.o
 .comment       0x000000000000007b       0x7c Middlewares/ST/STM32_USB_Host_Library/Class/CDC/Src/usbh_cdc.o
 .comment       0x000000000000007b       0x7c Middlewares/ST/STM32_USB_Host_Library/Core/Src/usbh_core.o
 .comment       0x000000000000007b       0x7c Middlewares/ST/STM32_USB_Host_Library/Core/Src/usbh_ctlreq.o
 .comment       0x000000000000007b       0x7c Middlewares/ST/STM32_USB_Host_Library/Core/Src/usbh_ioreq.o
 .comment       0x000000000000007b       0x7c Middlewares/ST/STM32_USB_Host_Library/Core/Src/usbh_pipes.o
 .comment       0x000000000000007b       0x7c Middlewares/Third_Party/FreeRTOS/Source/CMSIS_RTOS/cmsis_os.o
 .comment       0x000000000000007b       0x7c Middlewares/Third_Party/FreeRTOS/Source/list.o
 .comment       0x000000000000007b       0x7c Middlewares/Third_Party/FreeRTOS/Source/queue.o
 .comment       0x000000000000007b       0x7c Middlewares/Third_Party/FreeRTOS/Source/tasks.o
 .comment       0x000000000000007b       0x7c Middlewares/Third_Party/FreeRTOS/Source/portable/GCC/ARM_CM4F/port.o
 .comment       0x000000000000007b       0x7c Middlewares/Third_Party/FreeRTOS/Source/portable/MemMang/heap_4.o
 .comment       0x000000000000007b       0x7c Src/freertos.o
 .comment       0x000000000000007b       0x7c Src/main.o
 .comment       0x000000000000007b       0x7c Src/stm32f4xx_hal_msp.o
 .comment       0x000000000000007b       0x7c Src/stm32f4xx_hal_timebase_tim.o
 .comment       0x000000000000007b       0x7c Src/stm32f4xx_it.o
 .comment       0x000000000000007b       0x7c Src/sysmem.o
 .comment       0x000000000000007b       0x7c Src/system_stm32f4xx.o
 .comment       0x000000000000007b       0x7c Src/usb_host.o
 .comment       0x000000000000007b       0x7c Src/usbh_conf.o
 .comment       0x000000000000007b       0x7c Src/usbh_platform.o

.debug_frame    0x0000000000000000      0x240
 .debug_frame   0x0000000000000000       0x20 c:/st/stm32cubeide_1.0.2/stm32cubeide/plugins/com.st.stm32cube.ide.mcu.externaltools.gnu-tools-for-stm32.7-2018-q2-update.win32_1.0.0.201904181610/tools/bin/../lib/gcc/arm-none-eabi/7.3.1/../../../../arm-none-eabi/lib/thumb/v7e-m/fpv4-sp/hard\libc_nano.a(lib_a-errno.o)
 .debug_frame   0x0000000000000020       0x2c c:/st/stm32cubeide_1.0.2/stm32cubeide/plugins/com.st.stm32cube.ide.mcu.externaltools.gnu-tools-for-stm32.7-2018-q2-update.win32_1.0.0.201904181610/tools/bin/../lib/gcc/arm-none-eabi/7.3.1/../../../../arm-none-eabi/lib/thumb/v7e-m/fpv4-sp/hard\libc_nano.a(lib_a-init.o)
 .debug_frame   0x000000000000004c       0x30 c:/st/stm32cubeide_1.0.2/stm32cubeide/plugins/com.st.stm32cube.ide.mcu.externaltools.gnu-tools-for-stm32.7-2018-q2-update.win32_1.0.0.201904181610/tools/bin/../lib/gcc/arm-none-eabi/7.3.1/../../../../arm-none-eabi/lib/thumb/v7e-m/fpv4-sp/hard\libc_nano.a(lib_a-malloc.o)
 .debug_frame   0x000000000000007c       0x28 c:/st/stm32cubeide_1.0.2/stm32cubeide/plugins/com.st.stm32cube.ide.mcu.externaltools.gnu-tools-for-stm32.7-2018-q2-update.win32_1.0.0.201904181610/tools/bin/../lib/gcc/arm-none-eabi/7.3.1/../../../../arm-none-eabi/lib/thumb/v7e-m/fpv4-sp/hard\libc_nano.a(lib_a-memcpy-stub.o)
 .debug_frame   0x00000000000000a4       0x20 c:/st/stm32cubeide_1.0.2/stm32cubeide/plugins/com.st.stm32cube.ide.mcu.externaltools.gnu-tools-for-stm32.7-2018-q2-update.win32_1.0.0.201904181610/tools/bin/../lib/gcc/arm-none-eabi/7.3.1/../../../../arm-none-eabi/lib/thumb/v7e-m/fpv4-sp/hard\libc_nano.a(lib_a-memset.o)
 .debug_frame   0x00000000000000c4       0x38 c:/st/stm32cubeide_1.0.2/stm32cubeide/plugins/com.st.stm32cube.ide.mcu.externaltools.gnu-tools-for-stm32.7-2018-q2-update.win32_1.0.0.201904181610/tools/bin/../lib/gcc/arm-none-eabi/7.3.1/../../../../arm-none-eabi/lib/thumb/v7e-m/fpv4-sp/hard\libc_nano.a(lib_a-nano-freer.o)
 .debug_frame   0x00000000000000fc       0x2c c:/st/stm32cubeide_1.0.2/stm32cubeide/plugins/com.st.stm32cube.ide.mcu.externaltools.gnu-tools-for-stm32.7-2018-q2-update.win32_1.0.0.201904181610/tools/bin/../lib/gcc/arm-none-eabi/7.3.1/../../../../arm-none-eabi/lib/thumb/v7e-m/fpv4-sp/hard\libc_nano.a(lib_a-nano-mallocr.o)
 .debug_frame   0x0000000000000128       0x2c c:/st/stm32cubeide_1.0.2/stm32cubeide/plugins/com.st.stm32cube.ide.mcu.externaltools.gnu-tools-for-stm32.7-2018-q2-update.win32_1.0.0.201904181610/tools/bin/../lib/gcc/arm-none-eabi/7.3.1/../../../../arm-none-eabi/lib/thumb/v7e-m/fpv4-sp/hard\libc_nano.a(lib_a-sbrkr.o)
 .debug_frame   0x0000000000000154       0x30 c:/st/stm32cubeide_1.0.2/stm32cubeide/plugins/com.st.stm32cube.ide.mcu.externaltools.gnu-tools-for-stm32.7-2018-q2-update.win32_1.0.0.201904181610/tools/bin/../lib/gcc/arm-none-eabi/7.3.1/../../../../arm-none-eabi/lib/thumb/v7e-m/fpv4-sp/hard\libc_nano.a(lib_a-mlock.o)
 .debug_frame   0x0000000000000184       0x5c c:/st/stm32cubeide_1.0.2/stm32cubeide/plugins/com.st.stm32cube.ide.mcu.externaltools.gnu-tools-for-stm32.7-2018-q2-update.win32_1.0.0.201904181610/tools/bin/../lib/gcc/arm-none-eabi/7.3.1/../../../../arm-none-eabi/lib/thumb/v7e-m/fpv4-sp/hard\libc_nano.a(lib_a-reent.o)
 .debug_frame   0x00000000000001e0       0x2c c:/st/stm32cubeide_1.0.2/stm32cubeide/plugins/com.st.stm32cube.ide.mcu.externaltools.gnu-tools-for-stm32.7-2018-q2-update.win32_1.0.0.201904181610/tools/bin/../lib/gcc/arm-none-eabi/7.3.1/thumb/v7e-m/fpv4-sp/hard\libgcc.a(_aeabi_uldivmod.o)
 .debug_frame   0x000000000000020c       0x34 c:/st/stm32cubeide_1.0.2/stm32cubeide/plugins/com.st.stm32cube.ide.mcu.externaltools.gnu-tools-for-stm32.7-2018-q2-update.win32_1.0.0.201904181610/tools/bin/../lib/gcc/arm-none-eabi/7.3.1/thumb/v7e-m/fpv4-sp/hard\libgcc.a(_udivmoddi4.o)
