main.c:118:5:main	304	static
main.c:250:6:SystemClock_Config	88	static
main.c:293:13:MX_I2C1_Init	8	static
main.c:327:13:MX_SPI1_Init	8	static
main.c:365:13:MX_USART2_UART_Init	8	static
main.c:400:13:MX_USART3_UART_Init	8	static
main.c:436:13:MX_USART6_UART_Init	8	static
main.c:472:13:MX_GPIO_Init	56	static
main.c:581:6:StartDefaultTask	16	static
main.c:606:6:StartLED_Task	16	static
main.c:624:6:StartButton_Task	16	static
main.c:638:6:USART2_IRQHandler	16	static
main.c:654:6:Start_uart2_Rx_handle	16	static
main.c:676:6:Start_uart3_Tx1_handle	16	static
main.c:693:6:Start_uart3_Tx2_handle	16	static
main.c:710:6:USART3_IRQHandler	16	static
main.c:734:6:Start_uart3_Rx_handle	40	static
main.c:868:6:USART6_IRQHandler	16	static
main.c:894:6:Start_CO2_Rx_handle	24	static
main.c:942:6:HAL_TIM_PeriodElapsedCallback	16	static
main.c:959:6:Error_Handler	4	static
