main.c:99:5:main	184	static
main.c:209:6:SystemClock_Config	88	static
main.c:252:13:MX_I2C1_Init	8	static
main.c:286:13:MX_SPI1_Init	8	static
main.c:324:13:MX_USART2_UART_Init	8	static
main.c:359:13:MX_USART3_UART_Init	8	static
main.c:392:13:MX_USART6_UART_Init	8	static
main.c:425:13:MX_GPIO_Init	56	static
main.c:534:6:StartDefaultTask	16	static
main.c:559:6:StartLED_Task	16	static
main.c:577:6:StartButton_Task	16	static
main.c:597:6:Start_uart2_Rx_handle	16	static
main.c:626:6:Start_uart3_Rx_handle	16	static
main.c:655:6:HAL_TIM_PeriodElapsedCallback	16	static
main.c:672:6:Error_Handler	4	static
